Archive member included to satisfy reference by file (symbol)

c:/nxp/mcuxpressoide_10.1.1_606/ide/tools/bin/../lib/gcc/arm-none-eabi/6.3.1/../../../../arm-none-eabi/lib/thumb/v7e-m/fpv4-sp/hard\libcr_semihost_nf.a(_cr__main.o)
                              ./startup/startup_mk64f12.o (__main)
c:/nxp/mcuxpressoide_10.1.1_606/ide/tools/bin/../lib/gcc/arm-none-eabi/6.3.1/../../../../arm-none-eabi/lib/thumb/v7e-m/fpv4-sp/hard\libcr_semihost_nf.a(_cr_assert.o)
                              ./utilities/fsl_debug_console.o (__assertion_failed)
c:/nxp/mcuxpressoide_10.1.1_606/ide/tools/bin/../lib/gcc/arm-none-eabi/6.3.1/../../../../arm-none-eabi/lib/thumb/v7e-m/fpv4-sp/hard\libcr_semihost_nf.a(__ciob.o)
                              c:/nxp/mcuxpressoide_10.1.1_606/ide/tools/bin/../lib/gcc/arm-none-eabi/6.3.1/../../../../arm-none-eabi/lib/thumb/v7e-m/fpv4-sp/hard\libcr_semihost_nf.a(_cr_assert.o) (__Ciob)
c:/nxp/mcuxpressoide_10.1.1_606/ide/tools/bin/../lib/gcc/arm-none-eabi/6.3.1/../../../../arm-none-eabi/lib/thumb/v7e-m/fpv4-sp/hard\libcr_semihost_nf.a(__sys_appexit.o)
                              c:/nxp/mcuxpressoide_10.1.1_606/ide/tools/bin/../lib/gcc/arm-none-eabi/6.3.1/../../../../arm-none-eabi/lib/thumb/v7e-m/fpv4-sp/hard\libcr_semihost_nf.a(_cr_assert.o) (__sys_appexit)
c:/nxp/mcuxpressoide_10.1.1_606/ide/tools/bin/../lib/gcc/arm-none-eabi/6.3.1/../../../../arm-none-eabi/lib/thumb/v7e-m/fpv4-sp/hard\libcr_c.a(memcpy.o)
                              ./lwip/src/netif/ethernet.o (memcpy)
c:/nxp/mcuxpressoide_10.1.1_606/ide/tools/bin/../lib/gcc/arm-none-eabi/6.3.1/../../../../arm-none-eabi/lib/thumb/v7e-m/fpv4-sp/hard\libcr_c.a(memset.o)
                              ./lwip/src/core/ipv4/dhcp.o (memset)
c:/nxp/mcuxpressoide_10.1.1_606/ide/tools/bin/../lib/gcc/arm-none-eabi/6.3.1/../../../../arm-none-eabi/lib/thumb/v7e-m/fpv4-sp/hard\libcr_c.a(_deferredlazyseek.o)
                              c:/nxp/mcuxpressoide_10.1.1_606/ide/tools/bin/../lib/gcc/arm-none-eabi/6.3.1/../../../../arm-none-eabi/lib/thumb/v7e-m/fpv4-sp/hard\libcr_semihost_nf.a(_cr_assert.o) (__flsbuf)
c:/nxp/mcuxpressoide_10.1.1_606/ide/tools/bin/../lib/gcc/arm-none-eabi/6.3.1/../../../../arm-none-eabi/lib/thumb/v7e-m/fpv4-sp/hard\libcr_c.a(_fflush.o)
                              c:/nxp/mcuxpressoide_10.1.1_606/ide/tools/bin/../lib/gcc/arm-none-eabi/6.3.1/../../../../arm-none-eabi/lib/thumb/v7e-m/fpv4-sp/hard\libcr_c.a(_deferredlazyseek.o) (_fflush)
c:/nxp/mcuxpressoide_10.1.1_606/ide/tools/bin/../lib/gcc/arm-none-eabi/6.3.1/../../../../arm-none-eabi/lib/thumb/v7e-m/fpv4-sp/hard\libcr_c.a(_writebuf.o)
                              c:/nxp/mcuxpressoide_10.1.1_606/ide/tools/bin/../lib/gcc/arm-none-eabi/6.3.1/../../../../arm-none-eabi/lib/thumb/v7e-m/fpv4-sp/hard\libcr_c.a(_deferredlazyseek.o) (_Cwritebuf)
c:/nxp/mcuxpressoide_10.1.1_606/ide/tools/bin/../lib/gcc/arm-none-eabi/6.3.1/../../../../arm-none-eabi/lib/thumb/v7e-m/fpv4-sp/hard\libcr_c.a(alloc.o)
                              ./freertos/portable/heap_3.o (malloc)
c:/nxp/mcuxpressoide_10.1.1_606/ide/tools/bin/../lib/gcc/arm-none-eabi/6.3.1/../../../../arm-none-eabi/lib/thumb/v7e-m/fpv4-sp/hard\libcr_c.a(fputs.o)
                              c:/nxp/mcuxpressoide_10.1.1_606/ide/tools/bin/../lib/gcc/arm-none-eabi/6.3.1/../../../../arm-none-eabi/lib/thumb/v7e-m/fpv4-sp/hard\libcr_semihost_nf.a(_cr_assert.o) (fputs)
c:/nxp/mcuxpressoide_10.1.1_606/ide/tools/bin/../lib/gcc/arm-none-eabi/6.3.1/../../../../arm-none-eabi/lib/thumb/v7e-m/fpv4-sp/hard\libcr_c.a(fseek.o)
                              c:/nxp/mcuxpressoide_10.1.1_606/ide/tools/bin/../lib/gcc/arm-none-eabi/6.3.1/../../../../arm-none-eabi/lib/thumb/v7e-m/fpv4-sp/hard\libcr_c.a(_deferredlazyseek.o) (fseek)
c:/nxp/mcuxpressoide_10.1.1_606/ide/tools/bin/../lib/gcc/arm-none-eabi/6.3.1/../../../../arm-none-eabi/lib/thumb/v7e-m/fpv4-sp/hard\libcr_c.a(ftell.o)
                              c:/nxp/mcuxpressoide_10.1.1_606/ide/tools/bin/../lib/gcc/arm-none-eabi/6.3.1/../../../../arm-none-eabi/lib/thumb/v7e-m/fpv4-sp/hard\libcr_c.a(fseek.o) (ftell)
c:/nxp/mcuxpressoide_10.1.1_606/ide/tools/bin/../lib/gcc/arm-none-eabi/6.3.1/../../../../arm-none-eabi/lib/thumb/v7e-m/fpv4-sp/hard\libcr_c.a(initio.o)
                              c:/nxp/mcuxpressoide_10.1.1_606/ide/tools/bin/../lib/gcc/arm-none-eabi/6.3.1/../../../../arm-none-eabi/lib/thumb/v7e-m/fpv4-sp/hard\libcr_semihost_nf.a(_cr__main.o) (_initio)
c:/nxp/mcuxpressoide_10.1.1_606/ide/tools/bin/../lib/gcc/arm-none-eabi/6.3.1/../../../../arm-none-eabi/lib/thumb/v7e-m/fpv4-sp/hard\libcr_c.a(memcmp.o)
                              ./lwip/src/netif/ethernet.o (memcmp)
c:/nxp/mcuxpressoide_10.1.1_606/ide/tools/bin/../lib/gcc/arm-none-eabi/6.3.1/../../../../arm-none-eabi/lib/thumb/v7e-m/fpv4-sp/hard\libcr_c.a(printf.o)
                              ./freertos/source/tasks.o (_sprintf)
[...]
Memory Configuration

Name             Origin             Length             Attributes
PROGRAM_FLASH    0x00000000         0x00100000         xr
SRAM_UPPER       0x20000000         0x00030000         xrw
SRAM_LOWER       0x1fff0000         0x00010000         xrw
FLEX_RAM         0x14000000         0x00001000         xrw
*default*        0x00000000         0xffffffff

Linker script and memory map

LOAD ./utilities/fsl_assert.o
LOAD ./utilities/fsl_debug_console.o
LOAD ./utilities/fsl_io.o
LOAD ./utilities/fsl_log.o
LOAD ./utilities/fsl_str.o
LOAD ./startup/startup_mk64f12.o
LOAD ./source/DAC_tasks.o
LOAD ./source/lwip_tcpecho_freertos.o
LOAD ./source/semihost_hardfault.o
LOAD ./lwip/src/netif/ppp/auth.o
LOAD ./lwip/src/netif/ppp/ccp.o
LOAD ./lwip/src/netif/ppp/chap-md5.o
LOAD ./lwip/src/netif/ppp/chap-new.o
LOAD ./lwip/src/netif/ppp/chap_ms.o
LOAD ./lwip/src/netif/ppp/demand.o
LOAD ./lwip/src/netif/ppp/eap.o
LOAD ./lwip/src/netif/ppp/eui64.o
LOAD ./lwip/src/netif/ppp/fsm.o
LOAD ./lwip/src/netif/ppp/ipcp.o
LOAD ./lwip/src/netif/ppp/ipv6cp.o
LOAD ./lwip/src/netif/ppp/lcp.o
LOAD ./lwip/src/netif/ppp/lwip_ecp.o
LOAD ./lwip/src/netif/ppp/magic.o
LOAD ./lwip/src/netif/ppp/mppe.o
LOAD ./lwip/src/netif/ppp/multilink.o
LOAD ./lwip/src/netif/ppp/ppp.o
LOAD ./lwip/src/netif/ppp/pppapi.o
LOAD ./lwip/src/netif/ppp/pppcrypt.o
LOAD ./lwip/src/netif/ppp/pppoe.o
LOAD ./lwip/src/netif/ppp/pppol2tp.o
LOAD ./lwip/src/netif/ppp/pppos.o
LOAD ./lwip/src/netif/ppp/upap.o
LOAD ./lwip/src/netif/ppp/utils.o
LOAD ./lwip/src/netif/ppp/vj.o
LOAD ./lwip/src/netif/ethernet.o
LOAD ./lwip/src/netif/lowpan6.o
LOAD ./lwip/src/netif/slipif.o
LOAD ./lwip/src/core/ipv6/dhcp6.o
LOAD ./lwip/src/core/ipv6/ethip6.o
LOAD ./lwip/src/core/ipv6/icmp6.o
LOAD ./lwip/src/core/ipv6/inet6.o
LOAD ./lwip/src/core/ipv6/ip6.o
LOAD ./lwip/src/core/ipv6/ip6_addr.o
LOAD ./lwip/src/core/ipv6/ip6_frag.o
LOAD ./lwip/src/core/ipv6/mld6.o
LOAD ./lwip/src/core/ipv6/nd6.o
LOAD ./lwip/src/core/ipv4/autoip.o
LOAD ./lwip/src/core/ipv4/dhcp.o
LOAD ./lwip/src/core/ipv4/etharp.o
LOAD ./lwip/src/core/ipv4/icmp.o
LOAD ./lwip/src/core/ipv4/igmp.o
LOAD ./lwip/src/core/ipv4/ip4.o
LOAD ./lwip/src/core/ipv4/ip4_addr.o
LOAD ./lwip/src/core/ipv4/ip4_frag.o
LOAD ./lwip/src/core/def.o
LOAD ./lwip/src/core/dns.o
LOAD ./lwip/src/core/inet_chksum.o
LOAD ./lwip/src/core/init.o
LOAD ./lwip/src/core/ip.o
LOAD ./lwip/src/core/mem.o
LOAD ./lwip/src/core/memp.o
LOAD ./lwip/src/core/netif.o
LOAD ./lwip/src/core/pbuf.o
LOAD ./lwip/src/core/raw.o
LOAD ./lwip/src/core/stats.o
LOAD ./lwip/src/core/sys.o
LOAD ./lwip/src/core/tcp.o
LOAD ./lwip/src/core/tcp_in.o
LOAD ./lwip/src/core/tcp_out.o
LOAD ./lwip/src/core/timeouts.o
LOAD ./lwip/src/core/udp.o
LOAD ./lwip/src/api/api_lib.o
LOAD ./lwip/src/api/api_msg.o
LOAD ./lwip/src/api/err.o
LOAD ./lwip/src/api/netbuf.o
LOAD ./lwip/src/api/netdb.o
LOAD ./lwip/src/api/netifapi.o
LOAD ./lwip/src/api/sockets.o
LOAD ./lwip/src/api/tcpip.o
LOAD ./lwip/port/ethernetif.o
LOAD ./lwip/port/sys_arch.o
LOAD ./lwip/contrib/apps/udpecho/udpecho.o
LOAD ./lwip/contrib/apps/tcpecho/tcpecho.o
LOAD ./freertos/source/croutine.o
LOAD ./freertos/source/event_groups.o
LOAD ./freertos/source/list.o
LOAD ./freertos/source/queue.o
LOAD ./freertos/source/tasks.o
LOAD ./freertos/source/timers.o
LOAD ./freertos/portable/fsl_tickless_systick.o
LOAD ./freertos/portable/heap_3.o
LOAD ./freertos/portable/port.o
LOAD ./drivers/fsl_clock.o
LOAD ./drivers/fsl_common.o
LOAD ./drivers/fsl_dac.o
LOAD ./drivers/fsl_enet.o
LOAD ./drivers/fsl_flash.o
LOAD ./drivers/fsl_gpio.o
LOAD ./drivers/fsl_pit.o
LOAD ./drivers/fsl_sim.o
LOAD ./drivers/fsl_smc.o
LOAD ./drivers/fsl_uart.o
LOAD ./board/board.o
LOAD ./board/clock_config.o
LOAD ./board/fsl_phy.o
LOAD ./board/pin_mux.o
LOAD ./CMSIS/system_MK64F12.o
START GROUP
LOAD c:/nxp/mcuxpressoide_10.1.1_606/ide/tools/bin/../lib/gcc/arm-none-eabi/6.3.1/../../../../arm-none-eabi/lib/thumb/v7e-m/fpv4-sp/hard\libcr_semihost_nf.a
LOAD c:/nxp/mcuxpressoide_10.1.1_606/ide/tools/bin/../lib/gcc/arm-none-eabi/6.3.1/../../../../arm-none-eabi/lib/thumb/v7e-m/fpv4-sp/hard\libcr_c.a
LOAD c:/nxp/mcuxpressoide_10.1.1_606/ide/tools/bin/../lib/gcc/arm-none-eabi/6.3.1/thumb/v7e-m/fpv4-sp/hard\libcr_eabihelpers.a
END GROUP
                0x00000000                __base_PROGRAM_FLASH = 0x0
                0x00000000                __base_Flash = 0x0
                0x00100000                __top_PROGRAM_FLASH = 0x100000
                0x00100000                __top_Flash = 0x100000
                0x20000000                __base_SRAM_UPPER = 0x20000000
                0x20000000                __base_RAM = 0x20000000
                0x20030000                __top_SRAM_UPPER = 0x20030000
                0x20030000                __top_RAM = 0x20030000
                0x1fff0000                __base_SRAM_LOWER = 0x1fff0000
                0x1fff0000                __base_RAM2 = 0x1fff0000
                0x20000000                __top_SRAM_LOWER = 0x20000000
                0x20000000                __top_RAM2 = 0x20000000
                0x14000000                __base_FLEX_RAM = 0x14000000
                0x14000000                __base_RAM3 = 0x14000000
                0x14001000                __top_FLEX_RAM = 0x14001000
                0x14001000                __top_RAM3 = 0x14001000

.text           0x00000000    0x18718
 FILL mask 0xff
                0x00000000                __vectors_start__ = ABSOLUTE (.)
 *(.isr_vector)
 .isr_vector    0x00000000      0x198 ./startup/startup_mk64f12.o
                0x00000000                g_pfnVectors
                0x00000000                __Vectors
                0x00000198                . = ALIGN (0x4)
                0x00000198                __section_table_start = .
                0x00000198                __data_section_table = .
                0x00000198        0x4 LONG 0x18718 LOADADDR (.data)
                0x0000019c        0x4 LONG 0x20000000 ADDR (.data)
                0x000001a0        0x4 LONG 0x2c SIZEOF (.data)
                0x000001a4        0x4 LONG 0x18718 LOADADDR (.data_RAM2)
                0x000001a8        0x4 LONG 0x1fff0000 ADDR (.data_RAM2)
                0x000001ac        0x4 LONG 0x0 SIZEOF (.data_RAM2)
                0x000001b0        0x4 LONG 0x18718 LOADADDR (.data_RAM3)
                0x000001b4        0x4 LONG 0x14000000 ADDR (.data_RAM3)
                0x000001b8        0x4 LONG 0x0 SIZEOF (.data_RAM3)
                0x000001bc                __data_section_table_end = .
                0x000001bc                __bss_section_table = .
                0x000001bc        0x4 LONG 0x20000030 ADDR (.bss)
                0x000001c0        0x4 LONG 0xf84c SIZEOF (.bss)
                0x000001c4        0x4 LONG 0x1fff0000 ADDR (.bss_RAM2)
                0x000001c8        0x4 LONG 0x0 SIZEOF (.bss_RAM2)
                0x000001cc        0x4 LONG 0x14000000 ADDR (.bss_RAM3)
                0x000001d0        0x4 LONG 0x0 SIZEOF (.bss_RAM3)
                0x000001d4                __bss_section_table_end = .
                0x000001d4                __section_table_end = .
 *(.after_vectors*)
 .after_vectors.init_data
                0x000001d4       0x1e ./startup/startup_mk64f12.o
                0x000001d4                data_init
 .after_vectors.init_bss
                0x000001f2       0x12 ./startup/startup_mk64f12.o
                0x000001f2                bss_init
 .after_vectors.reset
                0x00000204       0x4c ./startup/startup_mk64f12.o
                0x00000204                ResetISR
 .after_vectors
                0x00000250       0x14 ./startup/startup_mk64f12.o
                0x00000250                NMI_Handler
                0x00000254                MemManage_Handler
                0x00000256                BusFault_Handler
                0x00000258                UsageFault_Handler
                0x0000025c                DebugMon_Handler
                0x00000262                LPTMR0_DriverIRQHandler
                0x00000262                DMA_Error_DriverIRQHandler
                0x00000262                SPI1_DriverIRQHandler
                0x00000262                FTM1_DriverIRQHandler
                0x00000262                FTM2_DriverIRQHandler
                0x00000262                PIT2_DriverIRQHandler
                0x00000262                SDHC_DriverIRQHandler
                0x00000262                I2S0_Tx_DriverIRQHandler
                0x00000262                RTC_Seconds_DriverIRQHandler
                0x00000262                DMA6_DriverIRQHandler
                0x00000262                LLWU_DriverIRQHandler
                0x00000262                MCM_DriverIRQHandler
                0x00000262                MCG_DriverIRQHandler
                0x00000262                ENET_1588_Timer_DriverIRQHandler
                0x00000262                I2C2_DriverIRQHandler
                0x00000262                DAC1_DriverIRQHandler
                0x00000262                DMA12_DriverIRQHandler
                0x00000262                CMP1_DriverIRQHandler
                0x00000262                FTM0_DriverIRQHandler
                0x00000262                IntDefaultHandler
                0x00000262                USB0_DriverIRQHandler
                0x00000262                UART5_ERR_DriverIRQHandler
                0x00000262                PORTC_DriverIRQHandler
                0x00000262                DMA11_DriverIRQHandler
                0x00000262                DAC0_DriverIRQHandler
                0x00000262                DMA10_DriverIRQHandler
                0x00000262                CMP2_DriverIRQHandler
                0x00000262                UART2_ERR_DriverIRQHandler
                0x00000262                SPI2_DriverIRQHandler
                0x00000262                LVD_LVW_DriverIRQHandler
                0x00000262                PIT0_DriverIRQHandler
                0x00000262                PORTB_DriverIRQHandler
                0x00000262                DMA5_DriverIRQHandler
                0x00000262                DMA4_DriverIRQHandler
                0x00000262                USBDCD_DriverIRQHandler
                0x00000262                UART3_ERR_DriverIRQHandler
                0x00000262                DMA3_DriverIRQHandler
                0x00000262                DMA8_DriverIRQHandler
                0x00000262                DMA9_DriverIRQHandler
                0x00000262                UART0_ERR_DriverIRQHandler
                0x00000262                CMT_DriverIRQHandler
                0x00000262                Reserved71_DriverIRQHandler
                0x00000262                ADC1_DriverIRQHandler
                0x00000262                PORTA_DriverIRQHandler
                0x00000262                DMA14_DriverIRQHandler
                0x00000262                PIT3_DriverIRQHandler
                0x00000262                PIT1_DriverIRQHandler
                0x00000262                WDOG_EWM_DriverIRQHandler
                0x00000262                PDB0_DriverIRQHandler
                0x00000262                RTC_DriverIRQHandler
                0x00000262                I2S0_Rx_DriverIRQHandler
                0x00000262                Read_Collision_DriverIRQHandler
                0x00000262                SWI_DriverIRQHandler
                0x00000262                UART4_ERR_DriverIRQHandler
                0x00000262                DMA0_DriverIRQHandler
                0x00000262                UART0_LON_DriverIRQHandler
                0x00000262                DMA1_DriverIRQHandler
                0x00000262                I2C1_DriverIRQHandler
                0x00000262                ENET_Receive_DriverIRQHandler
                0x00000262                DMA13_DriverIRQHandler
                0x00000262                ENET_Error_DriverIRQHandler
                0x00000262                DMA15_DriverIRQHandler
                0x00000262                SPI0_DriverIRQHandler
                0x00000262                ADC0_DriverIRQHandler
                0x00000262                CMP0_DriverIRQHandler
                0x00000262                CAN0_DriverIRQHandler
                0x00000262                FTM3_DriverIRQHandler
                0x00000262                RNG_DriverIRQHandler
                0x00000262                UART1_ERR_DriverIRQHandler
                0x00000262                DMA2_DriverIRQHandler
                0x00000262                ENET_Transmit_DriverIRQHandler
                0x00000262                PORTD_DriverIRQHandler
                0x00000262                PORTE_DriverIRQHandler
                0x00000262                FTFE_DriverIRQHandler
                0x00000262                I2C0_DriverIRQHandler
                0x00000262                DMA7_DriverIRQHandler
                0x00000400                . = 0x400
 *fill*         0x00000264      0x19c ff
                0x00000400                PROVIDE (__FLASH_CONFIG_START__, .)
 *(.FlashConfig)
 .FlashConfig   0x00000400       0x10 ./startup/startup_mk64f12.o
                0x00000400                Flash_Config
                0x00000410                PROVIDE (__FLASH_CONFIG_END__, .)
                0x00000001                ASSERT (! ((__FLASH_CONFIG_START__ == __FLASH_CONFIG_END__)), Linker Flash Config Support Enabled, but no .FlashConfig section provided within application)
 *(.text*)
 .text.DbgConsole_Init
                0x00000410       0x38 ./utilities/fsl_debug_console.o
                0x00000410                DbgConsole_Init
 .text.UART_EnableTx
                0x00000448       0x40 ./utilities/fsl_io.o
 .text.UART_EnableRx
                0x00000488       0x40 ./utilities/fsl_io.o
 .text.IO_Init  0x000004c8       0x80 ./utilities/fsl_io.o
                0x000004c8                IO_Init
 .text.LOG_Init
                0x00000548       0x30 ./utilities/fsl_log.o
                0x00000548                LOG_Init
 .text.DMA0_IRQHandler
                0x00000578        0x8 ./startup/startup_mk64f12.o
                0x00000578                DMA0_IRQHandler
 .text.DMA1_IRQHandler
                0x00000580        0x8 ./startup/startup_mk64f12.o
                0x00000580                DMA1_IRQHandler
 .text.DMA2_IRQHandler
                0x00000588        0x8 ./startup/startup_mk64f12.o
                0x00000588                DMA2_IRQHandler
 .text.DMA3_IRQHandler
                0x00000590        0x8 ./startup/startup_mk64f12.o
                0x00000590                DMA3_IRQHandler
 .text.DMA4_IRQHandler
                0x00000598        0x8 ./startup/startup_mk64f12.o
                0x00000598                DMA4_IRQHandler
 .text.DMA5_IRQHandler
                0x000005a0        0x8 ./startup/startup_mk64f12.o
                0x000005a0                DMA5_IRQHandler
 .text.DMA6_IRQHandler
                0x000005a8        0x8 ./startup/startup_mk64f12.o
                0x000005a8                DMA6_IRQHandler
 .text.DMA7_IRQHandler
                0x000005b0        0x8 ./startup/startup_mk64f12.o
                0x000005b0                DMA7_IRQHandler
 .text.DMA8_IRQHandler
                0x000005b8        0x8 ./startup/startup_mk64f12.o
                0x000005b8                DMA8_IRQHandler
 .text.DMA9_IRQHandler
                0x000005c0        0x8 ./startup/startup_mk64f12.o
                0x000005c0                DMA9_IRQHandler
 .text.DMA10_IRQHandler
                0x000005c8        0x8 ./startup/startup_mk64f12.o
                0x000005c8                DMA10_IRQHandler
 .text.DMA11_IRQHandler
                0x000005d0        0x8 ./startup/startup_mk64f12.o
                0x000005d0                DMA11_IRQHandler
 .text.DMA12_IRQHandler
                0x000005d8        0x8 ./startup/startup_mk64f12.o
                0x000005d8                DMA12_IRQHandler
 .text.DMA13_IRQHandler
                0x000005e0        0x8 ./startup/startup_mk64f12.o
                0x000005e0                DMA13_IRQHandler
 .text.DMA14_IRQHandler
                0x000005e8        0x8 ./startup/startup_mk64f12.o
                0x000005e8                DMA14_IRQHandler
 .text.DMA15_IRQHandler
                0x000005f0        0x8 ./startup/startup_mk64f12.o
                0x000005f0                DMA15_IRQHandler
 .text.DMA_Error_IRQHandler
                0x000005f8        0x8 ./startup/startup_mk64f12.o
                0x000005f8                DMA_Error_IRQHandler
 .text.MCM_IRQHandler
                0x00000600        0x8 ./startup/startup_mk64f12.o
                0x00000600                MCM_IRQHandler
 .text.FTFE_IRQHandler
                0x00000608        0x8 ./startup/startup_mk64f12.o
                0x00000608                FTFE_IRQHandler
 .text.Read_Collision_IRQHandler
                0x00000610        0x8 ./startup/startup_mk64f12.o
                0x00000610                Read_Collision_IRQHandler
 .text.LVD_LVW_IRQHandler
                0x00000618        0x8 ./startup/startup_mk64f12.o
                0x00000618                LVD_LVW_IRQHandler
 .text.LLWU_IRQHandler
                0x00000620        0x8 ./startup/startup_mk64f12.o
                0x00000620                LLWU_IRQHandler
 .text.WDOG_EWM_IRQHandler
                0x00000628        0x8 ./startup/startup_mk64f12.o
                0x00000628                WDOG_EWM_IRQHandler
 .text.RNG_IRQHandler
                0x00000630        0x8 ./startup/startup_mk64f12.o
                0x00000630                RNG_IRQHandler
 .text.I2C0_IRQHandler
                0x00000638        0x8 ./startup/startup_mk64f12.o
                0x00000638                I2C0_IRQHandler
 .text.I2C1_IRQHandler
                0x00000640        0x8 ./startup/startup_mk64f12.o
                0x00000640                I2C1_IRQHandler
 .text.SPI0_IRQHandler
                0x00000648        0x8 ./startup/startup_mk64f12.o
                0x00000648                SPI0_IRQHandler
 .text.SPI1_IRQHandler
                0x00000650        0x8 ./startup/startup_mk64f12.o
                0x00000650                SPI1_IRQHandler
 .text.I2S0_Tx_IRQHandler
                0x00000658        0x8 ./startup/startup_mk64f12.o
                0x00000658                I2S0_Tx_IRQHandler
 .text.I2S0_Rx_IRQHandler
                0x00000660        0x8 ./startup/startup_mk64f12.o
                0x00000660                I2S0_Rx_IRQHandler
 .text.UART0_LON_IRQHandler
                0x00000668        0x8 ./startup/startup_mk64f12.o
                0x00000668                UART0_LON_IRQHandler
 .text.UART0_RX_TX_IRQHandler
                0x00000670        0x8 ./startup/startup_mk64f12.o
                0x00000670                UART0_RX_TX_IRQHandler
 .text.UART0_ERR_IRQHandler
                0x00000678        0x8 ./startup/startup_mk64f12.o
                0x00000678                UART0_ERR_IRQHandler
 .text.UART1_RX_TX_IRQHandler
                0x00000680        0x8 ./startup/startup_mk64f12.o
                0x00000680                UART1_RX_TX_IRQHandler
 .text.UART1_ERR_IRQHandler
                0x00000688        0x8 ./startup/startup_mk64f12.o
                0x00000688                UART1_ERR_IRQHandler
 .text.UART2_RX_TX_IRQHandler
                0x00000690        0x8 ./startup/startup_mk64f12.o
                0x00000690                UART2_RX_TX_IRQHandler
 .text.UART2_ERR_IRQHandler
                0x00000698        0x8 ./startup/startup_mk64f12.o
                0x00000698                UART2_ERR_IRQHandler
 .text.UART3_RX_TX_IRQHandler
                0x000006a0        0x8 ./startup/startup_mk64f12.o
                0x000006a0                UART3_RX_TX_IRQHandler
 .text.UART3_ERR_IRQHandler
                0x000006a8        0x8 ./startup/startup_mk64f12.o
                0x000006a8                UART3_ERR_IRQHandler
 .text.ADC0_IRQHandler
                0x000006b0        0x8 ./startup/startup_mk64f12.o
                0x000006b0                ADC0_IRQHandler
 .text.CMP0_IRQHandler
                0x000006b8        0x8 ./startup/startup_mk64f12.o
                0x000006b8                CMP0_IRQHandler
 .text.CMP1_IRQHandler
                0x000006c0        0x8 ./startup/startup_mk64f12.o
                0x000006c0                CMP1_IRQHandler
 .text.FTM0_IRQHandler
                0x000006c8        0x8 ./startup/startup_mk64f12.o
                0x000006c8                FTM0_IRQHandler
 .text.FTM1_IRQHandler
                0x000006d0        0x8 ./startup/startup_mk64f12.o
                0x000006d0                FTM1_IRQHandler
 .text.FTM2_IRQHandler
                0x000006d8        0x8 ./startup/startup_mk64f12.o
                0x000006d8                FTM2_IRQHandler
 .text.CMT_IRQHandler
                0x000006e0        0x8 ./startup/startup_mk64f12.o
                0x000006e0                CMT_IRQHandler
 .text.RTC_IRQHandler
                0x000006e8        0x8 ./startup/startup_mk64f12.o
                0x000006e8                RTC_IRQHandler
 .text.RTC_Seconds_IRQHandler
                0x000006f0        0x8 ./startup/startup_mk64f12.o
                0x000006f0                RTC_Seconds_IRQHandler
 .text.PIT1_IRQHandler
                0x000006f8        0x8 ./startup/startup_mk64f12.o
                0x000006f8                PIT1_IRQHandler
 .text.PIT2_IRQHandler
                0x00000700        0x8 ./startup/startup_mk64f12.o
                0x00000700                PIT2_IRQHandler
 .text.PIT3_IRQHandler
                0x00000708        0x8 ./startup/startup_mk64f12.o
                0x00000708                PIT3_IRQHandler
 .text.PDB0_IRQHandler
                0x00000710        0x8 ./startup/startup_mk64f12.o
                0x00000710                PDB0_IRQHandler
 .text.USB0_IRQHandler
                0x00000718        0x8 ./startup/startup_mk64f12.o
                0x00000718                USB0_IRQHandler
 .text.USBDCD_IRQHandler
                0x00000720        0x8 ./startup/startup_mk64f12.o
                0x00000720                USBDCD_IRQHandler
 .text.Reserved71_IRQHandler
                0x00000728        0x8 ./startup/startup_mk64f12.o
                0x00000728                Reserved71_IRQHandler
 .text.DAC0_IRQHandler
                0x00000730        0x8 ./startup/startup_mk64f12.o
                0x00000730                DAC0_IRQHandler
 .text.MCG_IRQHandler
                0x00000738        0x8 ./startup/startup_mk64f12.o
                0x00000738                MCG_IRQHandler
 .text.LPTMR0_IRQHandler
                0x00000740        0x8 ./startup/startup_mk64f12.o
                0x00000740                LPTMR0_IRQHandler
 .text.PORTA_IRQHandler
                0x00000748        0x8 ./startup/startup_mk64f12.o
                0x00000748                PORTA_IRQHandler
 .text.PORTB_IRQHandler
                0x00000750        0x8 ./startup/startup_mk64f12.o
                0x00000750                PORTB_IRQHandler
 .text.PORTC_IRQHandler
                0x00000758        0x8 ./startup/startup_mk64f12.o
                0x00000758                PORTC_IRQHandler
 .text.PORTD_IRQHandler
                0x00000760        0x8 ./startup/startup_mk64f12.o
                0x00000760                PORTD_IRQHandler
 .text.PORTE_IRQHandler
                0x00000768        0x8 ./startup/startup_mk64f12.o
                0x00000768                PORTE_IRQHandler
 .text.SWI_IRQHandler
                0x00000770        0x8 ./startup/startup_mk64f12.o
                0x00000770                SWI_IRQHandler
 .text.SPI2_IRQHandler
                0x00000778        0x8 ./startup/startup_mk64f12.o
                0x00000778                SPI2_IRQHandler
 .text.UART4_RX_TX_IRQHandler
                0x00000780        0x8 ./startup/startup_mk64f12.o
                0x00000780                UART4_RX_TX_IRQHandler
 .text.UART4_ERR_IRQHandler
                0x00000788        0x8 ./startup/startup_mk64f12.o
                0x00000788                UART4_ERR_IRQHandler
 .text.UART5_RX_TX_IRQHandler
                0x00000790        0x8 ./startup/startup_mk64f12.o
                0x00000790                UART5_RX_TX_IRQHandler
 .text.UART5_ERR_IRQHandler
                0x00000798        0x8 ./startup/startup_mk64f12.o
                0x00000798                UART5_ERR_IRQHandler
 .text.CMP2_IRQHandler
                0x000007a0        0x8 ./startup/startup_mk64f12.o
                0x000007a0                CMP2_IRQHandler
 .text.FTM3_IRQHandler
                0x000007a8        0x8 ./startup/startup_mk64f12.o
                0x000007a8                FTM3_IRQHandler
 .text.DAC1_IRQHandler
                0x000007b0        0x8 ./startup/startup_mk64f12.o
                0x000007b0                DAC1_IRQHandler
 .text.ADC1_IRQHandler
                0x000007b8        0x8 ./startup/startup_mk64f12.o
                0x000007b8                ADC1_IRQHandler
 .text.I2C2_IRQHandler
                0x000007c0        0x8 ./startup/startup_mk64f12.o
                0x000007c0                I2C2_IRQHandler
 .text.CAN0_ORed_Message_buffer_IRQHandler
                0x000007c8        0x8 ./startup/startup_mk64f12.o
                0x000007c8                CAN0_ORed_Message_buffer_IRQHandler
 .text.CAN0_Bus_Off_IRQHandler
                0x000007d0        0x8 ./startup/startup_mk64f12.o
                0x000007d0                CAN0_Bus_Off_IRQHandler
 .text.CAN0_Error_IRQHandler
                0x000007d8        0x8 ./startup/startup_mk64f12.o
                0x000007d8                CAN0_Error_IRQHandler
 .text.CAN0_Tx_Warning_IRQHandler
                0x000007e0        0x8 ./startup/startup_mk64f12.o
                0x000007e0                CAN0_Tx_Warning_IRQHandler
 .text.CAN0_Rx_Warning_IRQHandler
                0x000007e8        0x8 ./startup/startup_mk64f12.o
                0x000007e8                CAN0_Rx_Warning_IRQHandler
 .text.CAN0_Wake_Up_IRQHandler
                0x000007f0        0x8 ./startup/startup_mk64f12.o
                0x000007f0                CAN0_Wake_Up_IRQHandler
 .text.SDHC_IRQHandler
                0x000007f8        0x8 ./startup/startup_mk64f12.o
                0x000007f8                SDHC_IRQHandler
 .text.__NVIC_EnableIRQ
                0x00000800       0x3c ./source/DAC_tasks.o
 .text.CLOCK_EnableClock
                0x0000083c       0x36 ./source/DAC_tasks.o
 .text.EnableIRQ
                0x00000872       0x2c ./source/DAC_tasks.o
 .text.DAC_Enable
                0x0000089e       0x48 ./source/DAC_tasks.o
 *fill*         0x000008e6        0x2 ff
 .text.PIT_GetDefaultConfig
                0x000008e8       0x28 ./source/DAC_tasks.o
 .text.PIT_EnableInterrupts
                0x00000910       0x3a ./source/DAC_tasks.o
 .text.PIT_ClearStatusFlags
                0x0000094a       0x2a ./source/DAC_tasks.o
 .text.PIT_SetTimerPeriod
                0x00000974       0x28 ./source/DAC_tasks.o
 .text.PIT0_IRQHandler
                0x0000099c      0x134 ./source/DAC_tasks.o
                0x0000099c                PIT0_IRQHandler
 .text.DAC_init
                0x00000ad0       0xd8 ./source/DAC_tasks.o
                0x00000ad0                DAC_init
 .text.stack_init
                0x00000ba8      0x144 ./source/lwip_tcpecho_freertos.o
 .text.main     0x00000cec       0x60 ./source/lwip_tcpecho_freertos.o
                0x00000cec                main
 .text.HardFault_Handler
                0x00000d4c       0x2a ./source/semihost_hardfault.o
                0x00000d4c                HardFault_Handler
 *fill*         0x00000d76        0x2 ff
 .text.ethernet_input
                0x00000d78      0x12c ./lwip/src/netif/ethernet.o
                0x00000d78                ethernet_input
 .text.ethernet_output
                0x00000ea4       0x80 ./lwip/src/netif/ethernet.o
                0x00000ea4                ethernet_output
 .text.dhcp_check
                0x00000f24       0x68 ./lwip/src/core/ipv4/dhcp.o
 .text.dhcp_select
                0x00000f8c      0x14c ./lwip/src/core/ipv4/dhcp.o
 .text.dhcp_coarse_tmr
                0x000010d8       0xa8 ./lwip/src/core/ipv4/dhcp.o
                0x000010d8                dhcp_coarse_tmr
 .text.dhcp_fine_tmr
                0x00001180       0x64 ./lwip/src/core/ipv4/dhcp.o
                0x00001180                dhcp_fine_tmr
 .text.dhcp_timeout
                0x000011e4       0x92 ./lwip/src/core/ipv4/dhcp.o
 .text.dhcp_t1_timeout
                0x00001276       0x5c ./lwip/src/core/ipv4/dhcp.o
 .text.dhcp_t2_timeout
                0x000012d2       0x64 ./lwip/src/core/ipv4/dhcp.o
 *fill*         0x00001336        0x2 ff
 .text.dhcp_arp_reply
                0x00001338       0x48 ./lwip/src/core/ipv4/dhcp.o
                0x00001338                dhcp_arp_reply
 .text.dhcp_decline
                0x00001380       0xd4 ./lwip/src/core/ipv4/dhcp.o
 .text.dhcp_discover
                0x00001454      0x118 ./lwip/src/core/ipv4/dhcp.o
 .text.dhcp_bind
                0x0000156c      0x19c ./lwip/src/core/ipv4/dhcp.o
 .text.dhcp_renew
                0x00001708      0x10c ./lwip/src/core/ipv4/dhcp.o
                0x00001708                dhcp_renew
 .text.dhcp_rebind
                0x00001814      0x10c ./lwip/src/core/ipv4/dhcp.o
 .text.dhcp_reboot
                0x00001920      0x128 ./lwip/src/core/ipv4/dhcp.o
 .text.dhcp_release
                0x00001a48      0x110 ./lwip/src/core/ipv4/dhcp.o
                0x00001a48                dhcp_release
 .text.dhcp_set_state
                0x00001b58       0x34 ./lwip/src/core/ipv4/dhcp.o
 .text.dhcp_option
                0x00001b8c       0x64 ./lwip/src/core/ipv4/dhcp.o
 .text.dhcp_option_byte
                0x00001bf0       0x40 ./lwip/src/core/ipv4/dhcp.o
 .text.dhcp_option_short
                0x00001c30       0x68 ./lwip/src/core/ipv4/dhcp.o
 .text.dhcp_option_long
                0x00001c98       0xa4 ./lwip/src/core/ipv4/dhcp.o
 .text.dhcp_create_msg
                0x00001d3c      0x288 ./lwip/src/core/ipv4/dhcp.o
 .text.dhcp_delete_msg
                0x00001fc4       0x64 ./lwip/src/core/ipv4/dhcp.o
 .text.dhcp_option_trailer
                0x00002028       0x94 ./lwip/src/core/ipv4/dhcp.o
 .text.dhcp_supplied_address
                0x000020bc       0x44 ./lwip/src/core/ipv4/dhcp.o
                0x000020bc                dhcp_supplied_address
 .text.etharp_free_entry
                0x00002100       0xc0 ./lwip/src/core/ipv4/etharp.o
 .text.etharp_tmr
                0x000021c0      0x150 ./lwip/src/core/ipv4/etharp.o
                0x000021c0                etharp_tmr
 .text.etharp_find_entry
                0x00002310      0x264 ./lwip/src/core/ipv4/etharp.o
 .text.etharp_update_arp_entry
                0x00002574      0x13c ./lwip/src/core/ipv4/etharp.o
 .text.etharp_input
                0x000026b0      0x120 ./lwip/src/core/ipv4/etharp.o
                0x000026b0                etharp_input
 .text.etharp_output_to_arp_index
                0x000027d0      0x124 ./lwip/src/core/ipv4/etharp.o
 .text.etharp_output
                0x000028f4      0x1bc ./lwip/src/core/ipv4/etharp.o
                0x000028f4                etharp_output
 .text.etharp_query
                0x00002ab0      0x274 ./lwip/src/core/ipv4/etharp.o
                0x00002ab0                etharp_query
 .text.etharp_raw
                0x00002d24      0x100 ./lwip/src/core/ipv4/etharp.o
 .text.etharp_request_dst
                0x00002e24       0x44 ./lwip/src/core/ipv4/etharp.o
 .text.etharp_request
                0x00002e68       0x24 ./lwip/src/core/ipv4/etharp.o
                0x00002e68                etharp_request
 .text.icmp_input
                0x00002e8c      0x24c ./lwip/src/core/ipv4/icmp.o
                0x00002e8c                icmp_input
 .text.icmp_dest_unreach
                0x000030d8       0x20 ./lwip/src/core/ipv4/icmp.o
                0x000030d8                icmp_dest_unreach
 .text.icmp_time_exceeded
                0x000030f8       0x20 ./lwip/src/core/ipv4/icmp.o
                0x000030f8                icmp_time_exceeded
 .text.icmp_send_response
                0x00003118       0xd4 ./lwip/src/core/ipv4/icmp.o
 .text.ip4_route
                0x000031ec       0xd0 ./lwip/src/core/ipv4/ip4.o
                0x000031ec                ip4_route
 .text.ip4_input
                0x000032bc      0x2d4 ./lwip/src/core/ipv4/ip4.o
                0x000032bc                ip4_input
 .text.ip4_output_if
                0x00003590       0x54 ./lwip/src/core/ipv4/ip4.o
                0x00003590                ip4_output_if
 .text.ip4_output_if_src
                0x000035e4      0x1f0 ./lwip/src/core/ipv4/ip4.o
                0x000035e4                ip4_output_if_src
 .text.ip4_addr_isbroadcast_u32
                0x000037d4       0x82 ./lwip/src/core/ipv4/ip4_addr.o
                0x000037d4                ip4_addr_isbroadcast_u32
 *fill*         0x00003856        0x2 ff
 .text.ip_reass_tmr
                0x00003858       0x58 ./lwip/src/core/ipv4/ip4_frag.o
                0x00003858                ip_reass_tmr
 .text.ip_reass_free_complete_datagram
                0x000038b0      0x120 ./lwip/src/core/ipv4/ip4_frag.o
 .text.ip_reass_remove_oldest_datagram
                0x000039d0       0xc4 ./lwip/src/core/ipv4/ip4_frag.o
 .text.ip_reass_enqueue_new_datagram
                0x00003a94       0x74 ./lwip/src/core/ipv4/ip4_frag.o
 .text.ip_reass_dequeue_datagram
                0x00003b08       0x4c ./lwip/src/core/ipv4/ip4_frag.o
 .text.ip_reass_chain_frag_into_datagram_and_validate
                0x00003b54      0x278 ./lwip/src/core/ipv4/ip4_frag.o
 .text.ip4_reass
                0x00003dcc      0x26c ./lwip/src/core/ipv4/ip4_frag.o
                0x00003dcc                ip4_reass
 .text.ip_frag_alloc_pbuf_custom_ref
                0x00004038       0x10 ./lwip/src/core/ipv4/ip4_frag.o
 .text.ip_frag_free_pbuf_custom_ref
                0x00004048       0x28 ./lwip/src/core/ipv4/ip4_frag.o
 .text.ipfrag_free_pbuf_custom
                0x00004070       0x50 ./lwip/src/core/ipv4/ip4_frag.o
 .text.ip4_frag
                0x000040c0      0x22c ./lwip/src/core/ipv4/ip4_frag.o
                0x000040c0                ip4_frag
 .text.lwip_htons
                0x000042ec       0x1c ./lwip/src/core/def.o
                0x000042ec                lwip_htons
 .text.lwip_htonl
                0x00004308       0x32 ./lwip/src/core/def.o
                0x00004308                lwip_htonl
 .text.lwip_standard_chksum
                0x0000433a       0xba ./lwip/src/core/inet_chksum.o
                0x0000433a                lwip_standard_chksum
 .text.inet_cksum_pseudo_base
                0x000043f4       0xd8 ./lwip/src/core/inet_chksum.o
 .text.inet_chksum_pseudo
                0x000044cc       0x70 ./lwip/src/core/inet_chksum.o
                0x000044cc                inet_chksum_pseudo
 .text.ip_chksum_pseudo
                0x0000453c       0x2c ./lwip/src/core/inet_chksum.o
                0x0000453c                ip_chksum_pseudo
 .text.inet_chksum
                0x00004568       0x24 ./lwip/src/core/inet_chksum.o
                0x00004568                inet_chksum
 .text.inet_chksum_pbuf
                0x0000458c       0x94 ./lwip/src/core/inet_chksum.o
                0x0000458c                inet_chksum_pbuf
 .text.lwip_init
                0x00004620       0x2e ./lwip/src/core/init.o
                0x00004620                lwip_init
 *fill*         0x0000464e        0x2 ff
 .text.plug_holes
                0x00004650      0x108 ./lwip/src/core/mem.o
 .text.mem_init
                0x00004758       0x90 ./lwip/src/core/mem.o
                0x00004758                mem_init
 .text.mem_free
                0x000047e8       0xbc ./lwip/src/core/mem.o
                0x000047e8                mem_free
 .text.mem_trim
                0x000048a4      0x1bc ./lwip/src/core/mem.o
                0x000048a4                mem_trim
 .text.mem_malloc
                0x00004a60      0x1c0 ./lwip/src/core/mem.o
                0x00004a60                mem_malloc
 .text.memp_init_pool
                0x00004c20       0x5e ./lwip/src/core/memp.o
                0x00004c20                memp_init_pool
 *fill*         0x00004c7e        0x2 ff
 .text.memp_init
                0x00004c80       0x34 ./lwip/src/core/memp.o
                0x00004c80                memp_init
 .text.do_memp_malloc_pool
                0x00004cb4       0x54 ./lwip/src/core/memp.o
 .text.memp_malloc
                0x00004d08       0x3c ./lwip/src/core/memp.o
                0x00004d08                memp_malloc
 .text.do_memp_free_pool
                0x00004d44       0x48 ./lwip/src/core/memp.o
 .text.memp_free
                0x00004d8c       0x44 ./lwip/src/core/memp.o
                0x00004d8c                memp_free
 .text.netif_init
                0x00004dd0        0xe ./lwip/src/core/netif.o
                0x00004dd0                netif_init
 *fill*         0x00004dde        0x2 ff
 .text.netif_add
                0x00004de0       0xa8 ./lwip/src/core/netif.o
                0x00004de0                netif_add
 .text.netif_set_addr
                0x00004e88       0x56 ./lwip/src/core/netif.o
                0x00004e88                netif_set_addr
 *fill*         0x00004ede        0x2 ff
 .text.netif_set_ipaddr
                0x00004ee0       0x70 ./lwip/src/core/netif.o
                0x00004ee0                netif_set_ipaddr
 .text.netif_set_gw
                0x00004f50       0x28 ./lwip/src/core/netif.o
                0x00004f50                netif_set_gw
 .text.netif_set_netmask
                0x00004f78       0x28 ./lwip/src/core/netif.o
                0x00004f78                netif_set_netmask
 .text.netif_set_default
                0x00004fa0       0x20 ./lwip/src/core/netif.o
                0x00004fa0                netif_set_default
 .text.netif_set_up
                0x00004fc0       0x46 ./lwip/src/core/netif.o
                0x00004fc0                netif_set_up
 .text.netif_issue_reports
                0x00005006       0x42 ./lwip/src/core/netif.o
 .text.pbuf_alloc
                0x00005048      0x2d4 ./lwip/src/core/pbuf.o
                0x00005048                pbuf_alloc
 .text.pbuf_alloced_custom
                0x0000531c       0xc4 ./lwip/src/core/pbuf.o
                0x0000531c                pbuf_alloced_custom
 .text.pbuf_realloc
                0x000053e0      0x12c ./lwip/src/core/pbuf.o
                0x000053e0                pbuf_realloc
 .text.pbuf_header_impl
                0x0000550c      0x124 ./lwip/src/core/pbuf.o
 .text.pbuf_header
                0x00005630       0x24 ./lwip/src/core/pbuf.o
                0x00005630                pbuf_header
 .text.pbuf_header_force
                0x00005654       0x24 ./lwip/src/core/pbuf.o
                0x00005654                pbuf_header_force
 .text.pbuf_free
                0x00005678      0x10c ./lwip/src/core/pbuf.o
                0x00005678                pbuf_free
 .text.pbuf_clen
                0x00005784       0x2e ./lwip/src/core/pbuf.o
                0x00005784                pbuf_clen
 *fill*         0x000057b2        0x2 ff
 .text.pbuf_ref
                0x000057b4       0x40 ./lwip/src/core/pbuf.o
                0x000057b4                pbuf_ref
 .text.pbuf_cat
                0x000057f4       0x8c ./lwip/src/core/pbuf.o
                0x000057f4                pbuf_cat
 .text.pbuf_chain
                0x00005880       0x20 ./lwip/src/core/pbuf.o
                0x00005880                pbuf_chain
 .text.pbuf_copy
                0x000058a0      0x160 ./lwip/src/core/pbuf.o
                0x000058a0                pbuf_copy
 .text.pbuf_copy_partial
                0x00005a00       0xdc ./lwip/src/core/pbuf.o
                0x00005a00                pbuf_copy_partial
 .text.tcp_init
                0x00005adc        0xe ./lwip/src/core/tcp.o
                0x00005adc                tcp_init
 *fill*         0x00005aea        0x2 ff
 .text.tcp_tmr  0x00005aec       0x2c ./lwip/src/core/tcp.o
                0x00005aec                tcp_tmr
 .text.tcp_remove_listener
                0x00005b18       0x38 ./lwip/src/core/tcp.o
 .text.tcp_listen_closed
                0x00005b50       0x5c ./lwip/src/core/tcp.o
 .text.tcp_backlog_delayed
                0x00005bac       0x64 ./lwip/src/core/tcp.o
                0x00005bac                tcp_backlog_delayed
 .text.tcp_backlog_accepted
                0x00005c10       0x64 ./lwip/src/core/tcp.o
                0x00005c10                tcp_backlog_accepted
 .text.tcp_close_shutdown
                0x00005c74      0x1c0 ./lwip/src/core/tcp.o
 .text.tcp_close_shutdown_fin
                0x00005e34       0xc0 ./lwip/src/core/tcp.o
 .text.tcp_close
                0x00005ef4       0x30 ./lwip/src/core/tcp.o
                0x00005ef4                tcp_close
 .text.tcp_shutdown
                0x00005f24       0x8e ./lwip/src/core/tcp.o
                0x00005f24                tcp_shutdown
 *fill*         0x00005fb2        0x2 ff
 .text.tcp_abandon
                0x00005fb4      0x148 ./lwip/src/core/tcp.o
                0x00005fb4                tcp_abandon
 .text.tcp_abort
                0x000060fc       0x18 ./lwip/src/core/tcp.o
                0x000060fc                tcp_abort
 .text.tcp_bind
                0x00006114      0x114 ./lwip/src/core/tcp.o
                0x00006114                tcp_bind
 .text.tcp_accept_null
                0x00006228       0x20 ./lwip/src/core/tcp.o
 .text.tcp_listen_with_backlog_and_err
                0x00006248      0x148 ./lwip/src/core/tcp.o
                0x00006248                tcp_listen_with_backlog_and_err
 .text.tcp_update_rcv_ann_wnd
                0x00006390       0x90 ./lwip/src/core/tcp.o
                0x00006390                tcp_update_rcv_ann_wnd
 .text.tcp_recved
                0x00006420       0xa0 ./lwip/src/core/tcp.o
                0x00006420                tcp_recved
 .text.tcp_new_port
                0x000064c0       0x88 ./lwip/src/core/tcp.o
 .text.tcp_slowtmr
                0x00006548      0x4ec ./lwip/src/core/tcp.o
                0x00006548                tcp_slowtmr
 .text.tcp_fasttmr
                0x00006a34       0xc8 ./lwip/src/core/tcp.o
                0x00006a34                tcp_fasttmr
 .text.tcp_process_refused_data
                0x00006afc       0xcc ./lwip/src/core/tcp.o
                0x00006afc                tcp_process_refused_data
 .text.tcp_segs_free
                0x00006bc8       0x28 ./lwip/src/core/tcp.o
                0x00006bc8                tcp_segs_free
 .text.tcp_seg_free
                0x00006bf0       0x30 ./lwip/src/core/tcp.o
                0x00006bf0                tcp_seg_free
 .text.tcp_recv_null
                0x00006c20       0x44 ./lwip/src/core/tcp.o
                0x00006c20                tcp_recv_null
 .text.tcp_kill_prio
                0x00006c64       0x84 ./lwip/src/core/tcp.o
 .text.tcp_kill_state
                0x00006ce8       0x84 ./lwip/src/core/tcp.o
 .text.tcp_kill_timewait
                0x00006d6c       0x60 ./lwip/src/core/tcp.o
 .text.tcp_alloc
                0x00006dcc      0x100 ./lwip/src/core/tcp.o
                0x00006dcc                tcp_alloc
 .text.tcp_new_ip_type
                0x00006ecc       0x1c ./lwip/src/core/tcp.o
                0x00006ecc                tcp_new_ip_type
 .text.tcp_arg  0x00006ee8       0x22 ./lwip/src/core/tcp.o
                0x00006ee8                tcp_arg
 *fill*         0x00006f0a        0x2 ff
 .text.tcp_recv
                0x00006f0c       0x30 ./lwip/src/core/tcp.o
                0x00006f0c                tcp_recv
 .text.tcp_sent
                0x00006f3c       0x30 ./lwip/src/core/tcp.o
                0x00006f3c                tcp_sent
 .text.tcp_err  0x00006f6c       0x34 ./lwip/src/core/tcp.o
                0x00006f6c                tcp_err
 .text.tcp_accept
                0x00006fa0       0x2e ./lwip/src/core/tcp.o
                0x00006fa0                tcp_accept
 *fill*         0x00006fce        0x2 ff
 .text.tcp_poll
                0x00006fd0       0x38 ./lwip/src/core/tcp.o
                0x00006fd0                tcp_poll
 .text.tcp_pcb_purge
                0x00007008       0x78 ./lwip/src/core/tcp.o
                0x00007008                tcp_pcb_purge
 .text.tcp_pcb_remove
                0x00007080       0xc4 ./lwip/src/core/tcp.o
                0x00007080                tcp_pcb_remove
 .text.tcp_next_iss
                0x00007144       0x30 ./lwip/src/core/tcp.o
                0x00007144                tcp_next_iss
 .text.tcp_eff_send_mss_impl
                0x00007174       0x48 ./lwip/src/core/tcp.o
                0x00007174                tcp_eff_send_mss_impl
 .text.tcp_netif_ip_addr_changed_pcblist
                0x000071bc       0x42 ./lwip/src/core/tcp.o
 *fill*         0x000071fe        0x2 ff
 .text.tcp_netif_ip_addr_changed
                0x00007200       0x80 ./lwip/src/core/tcp.o
                0x00007200                tcp_netif_ip_addr_changed
 .text.tcp_input
                0x00007280      0x774 ./lwip/src/core/tcp_in.o
                0x00007280                tcp_input
 .text.tcp_listen_input
                0x000079f4      0x1f0 ./lwip/src/core/tcp_in.o
 .text.tcp_timewait_input
                0x00007be4       0xd0 ./lwip/src/core/tcp_in.o
 .text.tcp_process
                0x00007cb4      0x74c ./lwip/src/core/tcp_in.o
 .text.tcp_receive
                0x00008400      0x960 ./lwip/src/core/tcp_in.o
 .text.tcp_getoptbyte
                0x00008d60       0x78 ./lwip/src/core/tcp_in.o
 .text.tcp_parseopt
                0x00008dd8       0xc8 ./lwip/src/core/tcp_in.o
 .text.tcp_trigger_input_pcb_close
                0x00008ea0       0x20 ./lwip/src/core/tcp_in.o
                0x00008ea0                tcp_trigger_input_pcb_close
 .text.tcp_output_alloc_header
                0x00008ec0       0xe8 ./lwip/src/core/tcp_out.o
 .text.tcp_send_fin
                0x00008fa8       0x7c ./lwip/src/core/tcp_out.o
                0x00008fa8                tcp_send_fin
 .text.tcp_create_segment
                0x00009024      0x10c ./lwip/src/core/tcp_out.o
 .text.tcp_pbuf_prealloc
                0x00009130       0xb4 ./lwip/src/core/tcp_out.o
 .text.tcp_write_checks
                0x000091e4       0xd4 ./lwip/src/core/tcp_out.o
 .text.tcp_write
                0x000092b8      0x698 ./lwip/src/core/tcp_out.o
                0x000092b8                tcp_write
 .text.tcp_enqueue_flags
                0x00009950      0x1cc ./lwip/src/core/tcp_out.o
                0x00009950                tcp_enqueue_flags
 .text.tcp_send_empty_ack
                0x00009b1c       0xdc ./lwip/src/core/tcp_out.o
                0x00009b1c                tcp_send_empty_ack
 .text.tcp_output
                0x00009bf8      0x3bc ./lwip/src/core/tcp_out.o
                0x00009bf8                tcp_output
 .text.tcp_output_segment
                0x00009fb4      0x160 ./lwip/src/core/tcp_out.o
 .text.tcp_rst  0x0000a114       0xf8 ./lwip/src/core/tcp_out.o
                0x0000a114                tcp_rst
 .text.tcp_rexmit_rto
                0x0000a20c       0x7e ./lwip/src/core/tcp_out.o
                0x0000a20c                tcp_rexmit_rto
 .text.tcp_rexmit
                0x0000a28a       0xa0 ./lwip/src/core/tcp_out.o
                0x0000a28a                tcp_rexmit
 .text.tcp_rexmit_fast
                0x0000a32a       0xae ./lwip/src/core/tcp_out.o
                0x0000a32a                tcp_rexmit_fast
 .text.tcp_keepalive
                0x0000a3d8       0x9e ./lwip/src/core/tcp_out.o
                0x0000a3d8                tcp_keepalive
 .text.tcp_zero_window_probe
                0x0000a476      0x156 ./lwip/src/core/tcp_out.o
                0x0000a476                tcp_zero_window_probe
 .text.tcpip_tcp_timer
                0x0000a5cc       0x48 ./lwip/src/core/timeouts.o
 .text.tcp_timer_needed
                0x0000a614       0x40 ./lwip/src/core/timeouts.o
                0x0000a614                tcp_timer_needed
 .text.cyclic_timer
                0x0000a654       0x2c ./lwip/src/core/timeouts.o
 .text.sys_timeouts_init
                0x0000a680       0x50 ./lwip/src/core/timeouts.o
                0x0000a680                sys_timeouts_init
 .text.sys_timeout
                0x0000a6d0      0x138 ./lwip/src/core/timeouts.o
                0x0000a6d0                sys_timeout
 .text.sys_check_timeouts
                0x0000a808       0xa4 ./lwip/src/core/timeouts.o
 .text.sys_timeouts_sleeptime
                0x0000a8ac       0x4c ./lwip/src/core/timeouts.o
 .text.sys_timeouts_mbox_fetch
                0x0000a8f8       0x4c ./lwip/src/core/timeouts.o
                0x0000a8f8                sys_timeouts_mbox_fetch
 .text.udp_init
                0x0000a944        0xe ./lwip/src/core/udp.o
                0x0000a944                udp_init
 *fill*         0x0000a952        0x2 ff
 .text.udp_new_port
                0x0000a954       0x70 ./lwip/src/core/udp.o
 .text.udp_input_local_match
                0x0000a9c4       0x78 ./lwip/src/core/udp.o
 .text.udp_input
                0x0000aa3c      0x1ec ./lwip/src/core/udp.o
                0x0000aa3c                udp_input
 .text.udp_sendto_if
                0x0000ac28       0x7a ./lwip/src/core/udp.o
                0x0000ac28                udp_sendto_if
 *fill*         0x0000aca2        0x2 ff
 .text.udp_sendto_if_src
                0x0000aca4      0x158 ./lwip/src/core/udp.o
                0x0000aca4                udp_sendto_if_src
 .text.udp_bind
                0x0000adfc       0xe0 ./lwip/src/core/udp.o
                0x0000adfc                udp_bind
 .text.udp_recv
                0x0000aedc       0x24 ./lwip/src/core/udp.o
                0x0000aedc                udp_recv
 .text.udp_remove
                0x0000af00       0x64 ./lwip/src/core/udp.o
                0x0000af00                udp_remove
 .text.udp_new  0x0000af64       0x2e ./lwip/src/core/udp.o
                0x0000af64                udp_new
 .text.udp_new_ip_type
                0x0000af92       0x1a ./lwip/src/core/udp.o
                0x0000af92                udp_new_ip_type
 .text.udp_netif_ip_addr_changed
                0x0000afac       0x60 ./lwip/src/core/udp.o
                0x0000afac                udp_netif_ip_addr_changed
 .text.netconn_apimsg
                0x0000b00c       0x40 ./lwip/src/api/api_lib.o
 .text.netconn_new_with_proto_and_callback
                0x0000b04c       0xbc ./lwip/src/api/api_lib.o
                0x0000b04c                netconn_new_with_proto_and_callback
 .text.netconn_delete
                0x0000b108       0x4c ./lwip/src/api/api_lib.o
                0x0000b108                netconn_delete
 .text.netconn_bind
                0x0000b154       0x60 ./lwip/src/api/api_lib.o
                0x0000b154                netconn_bind
 .text.netconn_listen_with_backlog
                0x0000b1b4       0x4c ./lwip/src/api/api_lib.o
                0x0000b1b4                netconn_listen_with_backlog
 .text.netconn_accept
                0x0000b200      0x100 ./lwip/src/api/api_lib.o
                0x0000b200                netconn_accept
 .text.netconn_recv_data
                0x0000b300      0x178 ./lwip/src/api/api_lib.o
 .text.netconn_recv
                0x0000b478       0xd0 ./lwip/src/api/api_lib.o
                0x0000b478                netconn_recv
 .text.netconn_write_partly
                0x0000b548       0xd8 ./lwip/src/api/api_lib.o
                0x0000b548                netconn_write_partly
 .text.netconn_close_shutdown
                0x0000b620       0x50 ./lwip/src/api/api_lib.o
 .text.netconn_close
                0x0000b670       0x1a ./lwip/src/api/api_lib.o
                0x0000b670                netconn_close
 *fill*         0x0000b68a        0x2 ff
 .text.recv_udp
                0x0000b68c       0xd0 ./lwip/src/api/api_msg.o
 .text.recv_tcp
                0x0000b75c       0xec ./lwip/src/api/api_msg.o
 .text.poll_tcp
                0x0000b848       0xc0 ./lwip/src/api/api_msg.o
 .text.sent_tcp
                0x0000b908       0xa0 ./lwip/src/api/api_msg.o
 .text.err_tcp  0x0000b9a8      0x1a8 ./lwip/src/api/api_msg.o
 .text.setup_tcp
                0x0000bb50       0x50 ./lwip/src/api/api_msg.o
 .text.accept_function
                0x0000bba0      0x140 ./lwip/src/api/api_msg.o
 .text.pcb_new  0x0000bce0       0xc4 ./lwip/src/api/api_msg.o
 .text.lwip_netconn_do_newconn
                0x0000bda4       0x58 ./lwip/src/api/api_msg.o
                0x0000bda4                lwip_netconn_do_newconn
 .text.netconn_alloc
                0x0000bdfc       0xd4 ./lwip/src/api/api_msg.o
                0x0000bdfc                netconn_alloc
 .text.netconn_free
                0x0000bed0       0x60 ./lwip/src/api/api_msg.o
                0x0000bed0                netconn_free
 .text.netconn_drain
                0x0000bf30       0xe8 ./lwip/src/api/api_msg.o
 .text.lwip_netconn_do_close_internal
                0x0000c018      0x2b0 ./lwip/src/api/api_msg.o
 .text.lwip_netconn_do_delconn
                0x0000c2c8      0x1d0 ./lwip/src/api/api_msg.o
                0x0000c2c8                lwip_netconn_do_delconn
 .text.lwip_netconn_do_bind
                0x0000c498       0xbe ./lwip/src/api/api_msg.o
                0x0000c498                lwip_netconn_do_bind
 *fill*         0x0000c556        0x2 ff
 .text.lwip_netconn_do_listen
                0x0000c558      0x1a4 ./lwip/src/api/api_msg.o
                0x0000c558                lwip_netconn_do_listen
 .text.lwip_netconn_do_recv
                0x0000c6fc       0x98 ./lwip/src/api/api_msg.o
                0x0000c6fc                lwip_netconn_do_recv
 .text.lwip_netconn_do_accepted
                0x0000c794       0x6c ./lwip/src/api/api_msg.o
                0x0000c794                lwip_netconn_do_accepted
 .text.lwip_netconn_do_writemore
                0x0000c800      0x314 ./lwip/src/api/api_msg.o
 .text.lwip_netconn_do_write
                0x0000cb14      0x138 ./lwip/src/api/api_msg.o
                0x0000cb14                lwip_netconn_do_write
 .text.lwip_netconn_do_close
                0x0000cc4c      0x130 ./lwip/src/api/api_msg.o
                0x0000cc4c                lwip_netconn_do_close
 .text.netbuf_delete
                0x0000cd7c       0x3e ./lwip/src/api/netbuf.o
                0x0000cd7c                netbuf_delete
 *fill*         0x0000cdba        0x2 ff
 .text.netbuf_data
                0x0000cdbc       0x7c ./lwip/src/api/netbuf.o
                0x0000cdbc                netbuf_data
 .text.netbuf_next
                0x0000ce38       0x50 ./lwip/src/api/netbuf.o
                0x0000ce38                netbuf_next
 .text.tcpip_thread
                0x0000ce88       0xb8 ./lwip/src/api/tcpip.o
 .text.tcpip_inpkt
                0x0000cf40       0x74 ./lwip/src/api/tcpip.o
                0x0000cf40                tcpip_inpkt
 .text.tcpip_input
                0x0000cfb4       0x44 ./lwip/src/api/tcpip.o
                0x0000cfb4                tcpip_input
 .text.tcpip_send_msg_wait_sem
                0x0000cff8       0x2c ./lwip/src/api/tcpip.o
                0x0000cff8                tcpip_send_msg_wait_sem
 .text.tcpip_init
                0x0000d024       0x7c ./lwip/src/api/tcpip.o
                0x0000d024                tcpip_init
 .text.__NVIC_SetPriority
                0x0000d0a0       0x54 ./lwip/port/ethernetif.o
 .text.ENET_ActiveRead
                0x0000d0f4       0x1c ./lwip/port/ethernetif.o
 .text.ethernet_callback
                0x0000d110       0x94 ./lwip/port/ethernetif.o
 .text.enet_init
                0x0000d1a4      0x1a0 ./lwip/port/ethernetif.o
 .text.low_level_init
                0x0000d344       0x5a ./lwip/port/ethernetif.o
 *fill*         0x0000d39e        0x2 ff
 .text.enet_get_tx_buffer
                0x0000d3a0       0x1c ./lwip/port/ethernetif.o
 .text.enet_send_frame
                0x0000d3bc       0x52 ./lwip/port/ethernetif.o
 *fill*         0x0000d40e        0x2 ff
 .text.low_level_output
                0x0000d410       0xac ./lwip/port/ethernetif.o
 .text.enet_get_rx_frame_size
                0x0000d4bc       0x20 ./lwip/port/ethernetif.o
 .text.enet_read_frame
                0x0000d4dc       0x24 ./lwip/port/ethernetif.o
 .text.low_level_input
                0x0000d500      0x130 ./lwip/port/ethernetif.o
 .text.ethernetif_input
                0x0000d630       0x4c ./lwip/port/ethernetif.o
                0x0000d630                ethernetif_input
 .text.get_enet_base
                0x0000d67c       0x68 ./lwip/port/ethernetif.o
 .text.ethernetif_init
                0x0000d6e4       0x90 ./lwip/port/ethernetif.o
 .text.ethernetif0_init
                0x0000d774       0x4c ./lwip/port/ethernetif.o
                0x0000d774                ethernetif0_init
 .text.sys_assert
                0x0000d7c0       0x20 ./lwip/port/sys_arch.o
                0x0000d7c0                sys_assert
 .text.sys_mbox_new
                0x0000d7e0       0x38 ./lwip/port/sys_arch.o
                0x0000d7e0                sys_mbox_new
 .text.sys_mbox_free
                0x0000d818       0x40 ./lwip/port/sys_arch.o
                0x0000d818                sys_mbox_free
 .text.sys_mbox_trypost
                0x0000d858       0x94 ./lwip/port/sys_arch.o
                0x0000d858                sys_mbox_trypost
 .text.sys_arch_mbox_fetch
                0x0000d8ec       0x98 ./lwip/port/sys_arch.o
                0x0000d8ec                sys_arch_mbox_fetch
 .text.sys_arch_mbox_tryfetch
                0x0000d984       0x40 ./lwip/port/sys_arch.o
                0x0000d984                sys_arch_mbox_tryfetch
 .text.sys_sem_new
                0x0000d9c4       0x62 ./lwip/port/sys_arch.o
                0x0000d9c4                sys_sem_new
 .text.sys_arch_sem_wait
                0x0000da26       0x84 ./lwip/port/sys_arch.o
                0x0000da26                sys_arch_sem_wait
 .text.sys_mutex_new
                0x0000daaa       0x30 ./lwip/port/sys_arch.o
                0x0000daaa                sys_mutex_new
 .text.sys_mutex_lock
                0x0000dada       0x28 ./lwip/port/sys_arch.o
                0x0000dada                sys_mutex_lock
 .text.sys_mutex_unlock
                0x0000db02       0x1e ./lwip/port/sys_arch.o
                0x0000db02                sys_mutex_unlock
 .text.sys_sem_signal
                0x0000db20       0x1e ./lwip/port/sys_arch.o
                0x0000db20                sys_sem_signal
 .text.sys_sem_free
                0x0000db3e       0x1a ./lwip/port/sys_arch.o
                0x0000db3e                sys_sem_free
 .text.sys_init
                0x0000db58        0xe ./lwip/port/sys_arch.o
                0x0000db58                sys_init
 .text.sys_now  0x0000db66        0xe ./lwip/port/sys_arch.o
                0x0000db66                sys_now
 .text.sys_thread_new
                0x0000db74       0x44 ./lwip/port/sys_arch.o
                0x0000db74                sys_thread_new
 .text.sys_arch_protect
                0x0000dbb8       0x42 ./lwip/port/sys_arch.o
                0x0000dbb8                sys_arch_protect
 .text.sys_arch_unprotect
                0x0000dbfa       0x2c ./lwip/port/sys_arch.o
                0x0000dbfa                sys_arch_unprotect
 .text.PIT_StartTimer
                0x0000dc26       0x38 ./lwip/contrib/apps/udpecho/udpecho.o
 *fill*         0x0000dc5e        0x2 ff
 .text.get_BufferA
                0x0000dc60       0x1c ./lwip/contrib/apps/udpecho/udpecho.o
                0x0000dc60                get_BufferA
 .text.get_BufferB
                0x0000dc7c       0x1c ./lwip/contrib/apps/udpecho/udpecho.o
                0x0000dc7c                get_BufferB
 .text.udpecho_thread
                0x0000dc98      0x1f0 ./lwip/contrib/apps/udpecho/udpecho.o
 .text.udpecho_init
                0x0000de88       0x28 ./lwip/contrib/apps/udpecho/udpecho.o
                0x0000de88                udpecho_init
 .text.tcpecho_thread
                0x0000deb0      0x284 ./lwip/contrib/apps/tcpecho/tcpecho.o
 .text.tcpecho_init
                0x0000e134       0x28 ./lwip/contrib/apps/tcpecho/tcpecho.o
                0x0000e134                tcpecho_init
 .text.tcp_playStop
                0x0000e15c       0x28 ./lwip/contrib/apps/tcpecho/tcpecho.o
                0x0000e15c                tcp_playStop
 .text.tcp_portSelection
                0x0000e184       0x18 ./lwip/contrib/apps/tcpecho/tcpecho.o
                0x0000e184                tcp_portSelection
 .text.xEventGroupCreate
                0x0000e19c       0x2e ./freertos/source/event_groups.o
                0x0000e19c                xEventGroupCreate
 *fill*         0x0000e1ca        0x2 ff
 .text.xEventGroupWaitBits
                0x0000e1cc      0x190 ./freertos/source/event_groups.o
                0x0000e1cc                xEventGroupWaitBits
 .text.xEventGroupSetBits
                0x0000e35c      0x112 ./freertos/source/event_groups.o
                0x0000e35c                xEventGroupSetBits
 .text.vEventGroupSetBitsCallback
                0x0000e46e       0x1a ./freertos/source/event_groups.o
                0x0000e46e                vEventGroupSetBitsCallback
 .text.prvTestWaitCondition
                0x0000e488       0x44 ./freertos/source/event_groups.o
 .text.xEventGroupSetBitsFromISR
                0x0000e4cc       0x28 ./freertos/source/event_groups.o
                0x0000e4cc                xEventGroupSetBitsFromISR
 .text.vListInitialise
                0x0000e4f4       0x40 ./freertos/source/list.o
                0x0000e4f4                vListInitialise
 .text.vListInitialiseItem
                0x0000e534       0x1a ./freertos/source/list.o
                0x0000e534                vListInitialiseItem
 .text.vListInsertEnd
                0x0000e54e       0x48 ./freertos/source/list.o
                0x0000e54e                vListInsertEnd
 .text.vListInsert
                0x0000e596       0x72 ./freertos/source/list.o
                0x0000e596                vListInsert
 .text.uxListRemove
                0x0000e608       0x54 ./freertos/source/list.o
                0x0000e608                uxListRemove
 .text.xQueueGenericReset
                0x0000e65c       0xd0 ./freertos/source/queue.o
                0x0000e65c                xQueueGenericReset
 .text.xQueueGenericCreate
                0x0000e72c       0x72 ./freertos/source/queue.o
                0x0000e72c                xQueueGenericCreate
 .text.prvInitialiseNewQueue
                0x0000e79e       0x46 ./freertos/source/queue.o
 .text.prvInitialiseMutex
                0x0000e7e4       0x34 ./freertos/source/queue.o
 .text.xQueueCreateMutex
                0x0000e818       0x30 ./freertos/source/queue.o
                0x0000e818                xQueueCreateMutex
 .text.xQueueGenericSend
                0x0000e848      0x1f4 ./freertos/source/queue.o
                0x0000e848                xQueueGenericSend
 .text.xQueueGenericSendFromISR
                0x0000ea3c      0x128 ./freertos/source/queue.o
                0x0000ea3c                xQueueGenericSendFromISR
 .text.xQueueGenericReceive
                0x0000eb64      0x224 ./freertos/source/queue.o
                0x0000eb64                xQueueGenericReceive
 .text.uxQueueMessagesWaiting
                0x0000ed88       0x3a ./freertos/source/queue.o
                0x0000ed88                uxQueueMessagesWaiting
 .text.vQueueDelete
                0x0000edc2       0x3a ./freertos/source/queue.o
                0x0000edc2                vQueueDelete
 .text.prvCopyDataToQueue
                0x0000edfc       0xd4 ./freertos/source/queue.o
 .text.prvCopyDataFromQueue
                0x0000eed0       0x4c ./freertos/source/queue.o
 .text.prvUnlockQueue
                0x0000ef1c       0xa4 ./freertos/source/queue.o
 .text.prvIsQueueEmpty
                0x0000efc0       0x2c ./freertos/source/queue.o
 .text.prvIsQueueFull
                0x0000efec       0x30 ./freertos/source/queue.o
 .text.xQueueIsQueueFullFromISR
                0x0000f01c       0x46 ./freertos/source/queue.o
                0x0000f01c                xQueueIsQueueFullFromISR
 *fill*         0x0000f062        0x2 ff
 .text.vQueueAddToRegistry
                0x0000f064       0x50 ./freertos/source/queue.o
                0x0000f064                vQueueAddToRegistry
 .text.vQueueUnregisterQueue
                0x0000f0b4       0x54 ./freertos/source/queue.o
                0x0000f0b4                vQueueUnregisterQueue
 .text.vQueueWaitForMessageRestricted
                0x0000f108       0x68 ./freertos/source/queue.o
                0x0000f108                vQueueWaitForMessageRestricted
 .text.xTaskCreate
                0x0000f170       0x82 ./freertos/source/tasks.o
                0x0000f170                xTaskCreate
 .text.prvInitialiseNewTask
                0x0000f1f2      0x12a ./freertos/source/tasks.o
 .text.prvAddNewTaskToReadyList
                0x0000f31c       0xdc ./freertos/source/tasks.o
 .text.vTaskDelete
                0x0000f3f8      0x11c ./freertos/source/tasks.o
                0x0000f3f8                vTaskDelete
 .text.vTaskStartScheduler
                0x0000f514       0x98 ./freertos/source/tasks.o
                0x0000f514                vTaskStartScheduler
 .text.vTaskSuspendAll
                0x0000f5ac       0x1c ./freertos/source/tasks.o
                0x0000f5ac                vTaskSuspendAll
 .text.xTaskResumeAll
                0x0000f5c8      0x138 ./freertos/source/tasks.o
                0x0000f5c8                xTaskResumeAll
 .text.xTaskGetTickCount
                0x0000f700       0x20 ./freertos/source/tasks.o
                0x0000f700                xTaskGetTickCount
 .text.xTaskIncrementTick
                0x0000f720      0x158 ./freertos/source/tasks.o
                0x0000f720                xTaskIncrementTick
 .text.vTaskSwitchContext
                0x0000f878       0xb4 ./freertos/source/tasks.o
                0x0000f878                vTaskSwitchContext
 .text.vTaskPlaceOnEventList
                0x0000f92c       0x48 ./freertos/source/tasks.o
                0x0000f92c                vTaskPlaceOnEventList
 .text.vTaskPlaceOnUnorderedEventList
                0x0000f974       0x74 ./freertos/source/tasks.o
                0x0000f974                vTaskPlaceOnUnorderedEventList
 .text.vTaskPlaceOnEventListRestricted
                0x0000f9e8       0x54 ./freertos/source/tasks.o
                0x0000f9e8                vTaskPlaceOnEventListRestricted
 .text.xTaskRemoveFromEventList
                0x0000fa3c       0xc4 ./freertos/source/tasks.o
                0x0000fa3c                xTaskRemoveFromEventList
 .text.xTaskRemoveFromUnorderedEventList
                0x0000fb00       0xcc ./freertos/source/tasks.o
                0x0000fb00                xTaskRemoveFromUnorderedEventList
 .text.vTaskSetTimeOutState
                0x0000fbcc       0x48 ./freertos/source/tasks.o
                0x0000fbcc                vTaskSetTimeOutState
 .text.xTaskCheckForTimeOut
                0x0000fc14       0xbc ./freertos/source/tasks.o
                0x0000fc14                xTaskCheckForTimeOut
 .text.vTaskMissedYield
                0x0000fcd0       0x18 ./freertos/source/tasks.o
                0x0000fcd0                vTaskMissedYield
 .text.prvIdleTask
                0x0000fce8       0x30 ./freertos/source/tasks.o
 .text.prvInitialiseTaskLists
                0x0000fd18       0x80 ./freertos/source/tasks.o
 .text.prvCheckTasksWaitingTermination
                0x0000fd98       0x78 ./freertos/source/tasks.o
 .text.prvDeleteTCB
                0x0000fe10       0x20 ./freertos/source/tasks.o
 .text.prvResetNextTaskUnblockTime
                0x0000fe30       0x4c ./freertos/source/tasks.o
 .text.xTaskGetSchedulerState
                0x0000fe7c       0x3c ./freertos/source/tasks.o
                0x0000fe7c                xTaskGetSchedulerState
 .text.vTaskPriorityInherit
                0x0000feb8       0xec ./freertos/source/tasks.o
                0x0000feb8                vTaskPriorityInherit
 .text.xTaskPriorityDisinherit
                0x0000ffa4      0x108 ./freertos/source/tasks.o
                0x0000ffa4                xTaskPriorityDisinherit
 .text.uxTaskResetEventItemValue
                0x000100ac       0x30 ./freertos/source/tasks.o
                0x000100ac                uxTaskResetEventItemValue
 .text.pvTaskIncrementMutexHeldCount
                0x000100dc       0x28 ./freertos/source/tasks.o
                0x000100dc                pvTaskIncrementMutexHeldCount
 .text.prvAddCurrentTaskToDelayedList
                0x00010104       0xcc ./freertos/source/tasks.o
 .text.xTimerCreateTimerTask
                0x000101d0       0x60 ./freertos/source/timers.o
                0x000101d0                xTimerCreateTimerTask
 .text.xTimerGenericCommand
                0x00010230       0x98 ./freertos/source/timers.o
                0x00010230                xTimerGenericCommand
 .text.prvProcessExpiredTimer
                0x000102c8       0x80 ./freertos/source/timers.o
 .text.prvTimerTask
                0x00010348       0x24 ./freertos/source/timers.o
 .text.prvProcessTimerOrBlockTask
                0x0001036c       0x9c ./freertos/source/timers.o
 .text.prvGetNextExpireTime
                0x00010408       0x48 ./freertos/source/timers.o
 .text.prvSampleTimeNow
                0x00010450       0x40 ./freertos/source/timers.o
 .text.prvInsertTimerInActiveList
                0x00010490       0x84 ./freertos/source/timers.o
 .text.prvProcessReceivedCommands
                0x00010514      0x154 ./freertos/source/timers.o
 .text.prvSwitchTimerLists
                0x00010668       0xc0 ./freertos/source/timers.o
 .text.prvCheckForValidListAndQueue
                0x00010728       0x6c ./freertos/source/timers.o
 .text.xTimerPendFunctionCallFromISR
                0x00010794       0x40 ./freertos/source/timers.o
                0x00010794                xTimerPendFunctionCallFromISR
 .text.vPortSetupTimerInterrupt
                0x000107d4       0x40 ./freertos/portable/fsl_tickless_systick.o
                0x000107d4                vPortSetupTimerInterrupt
 .text.pvPortMalloc
                0x00010814       0x22 ./freertos/portable/heap_3.o
                0x00010814                pvPortMalloc
 .text.vPortFree
                0x00010836       0x24 ./freertos/portable/heap_3.o
                0x00010836                vPortFree
 *fill*         0x0001085a        0x2 ff
 .text.pxPortInitialiseStack
                0x0001085c       0x68 ./freertos/portable/port.o
                0x0001085c                pxPortInitialiseStack
 .text.prvTaskExitError
                0x000108c4       0x3c ./freertos/portable/port.o
 .text.SVC_Handler
                0x00010900       0x28 ./freertos/portable/port.o
                0x00010900                SVC_Handler
 .text.prvPortStartFirstTask
                0x00010928       0x20 ./freertos/portable/port.o
 .text.xPortStartScheduler
                0x00010948      0x118 ./freertos/portable/port.o
                0x00010948                xPortStartScheduler
 .text.vPortEnterCritical
                0x00010a60       0x5c ./freertos/portable/port.o
                0x00010a60                vPortEnterCritical
 .text.vPortExitCritical
                0x00010abc       0x50 ./freertos/portable/port.o
                0x00010abc                vPortExitCritical
 *fill*         0x00010b0c        0x4 ff
 .text.PendSV_Handler
                0x00010b10       0x68 ./freertos/portable/port.o
                0x00010b10                PendSV_Handler
 .text.SysTick_Handler
                0x00010b78       0x40 ./freertos/portable/port.o
                0x00010b78                SysTick_Handler
 .text.vPortEnableVFP
                0x00010bb8       0x14 ./freertos/portable/port.o
 .text.vPortValidateInterruptPriority
                0x00010bcc       0x7c ./freertos/portable/port.o
                0x00010bcc                vPortValidateInterruptPriority
 .text.CLOCK_SetEr32kClock
                0x00010c48       0x30 ./drivers/fsl_clock.o
 .text.CLOCK_SetPllFllSelClock
                0x00010c78       0x3c ./drivers/fsl_clock.o
 .text.OSC_SetExtRefClkConfig
                0x00010cb4       0x34 ./drivers/fsl_clock.o
 .text.OSC_SetCapLoad
                0x00010ce8       0x34 ./drivers/fsl_clock.o
 .text.CLOCK_GetMcgExtClkFreq
                0x00010d1c       0x78 ./drivers/fsl_clock.o
 .text.CLOCK_GetFllExtRefClkFreq
                0x00010d94       0xcc ./drivers/fsl_clock.o
 .text.CLOCK_GetInternalRefClkSelectFreq
                0x00010e60       0x44 ./drivers/fsl_clock.o
 .text.CLOCK_GetFllRefClkFreq
                0x00010ea4       0x2c ./drivers/fsl_clock.o
 .text.CLOCK_GetPll0RefFreq
                0x00010ed0        0xe ./drivers/fsl_clock.o
 *fill*         0x00010ede        0x2 ff
 .text.CLOCK_GetOscRangeFromFreq
                0x00010ee0       0x3c ./drivers/fsl_clock.o
 .text.CLOCK_GetOsc0ErClkFreq
                0x00010f1c       0x38 ./drivers/fsl_clock.o
                0x00010f1c                CLOCK_GetOsc0ErClkFreq
 .text.CLOCK_GetEr32kClkFreq
                0x00010f54       0x70 ./drivers/fsl_clock.o
                0x00010f54                CLOCK_GetEr32kClkFreq
 .text.CLOCK_GetPllFllSelClkFreq
                0x00010fc4       0x54 ./drivers/fsl_clock.o
                0x00010fc4                CLOCK_GetPllFllSelClkFreq
 .text.CLOCK_GetCoreSysClkFreq
                0x00011018       0x28 ./drivers/fsl_clock.o
                0x00011018                CLOCK_GetCoreSysClkFreq
 .text.CLOCK_GetFreq
                0x00011040      0x148 ./drivers/fsl_clock.o
                0x00011040                CLOCK_GetFreq
 .text.CLOCK_SetSimConfig
                0x00011188       0x38 ./drivers/fsl_clock.o
                0x00011188                CLOCK_SetSimConfig
 .text.CLOCK_GetOutClkFreq
                0x000111c0       0x64 ./drivers/fsl_clock.o
                0x000111c0                CLOCK_GetOutClkFreq
 .text.CLOCK_GetFllFreq
                0x00011224       0x7c ./drivers/fsl_clock.o
                0x00011224                CLOCK_GetFllFreq
 .text.CLOCK_GetInternalRefClkFreq
                0x000112a0       0x24 ./drivers/fsl_clock.o
                0x000112a0                CLOCK_GetInternalRefClkFreq
 .text.CLOCK_GetFixedFreqClkFreq
                0x000112c4       0x2e ./drivers/fsl_clock.o
                0x000112c4                CLOCK_GetFixedFreqClkFreq
 *fill*         0x000112f2        0x2 ff
 .text.CLOCK_GetPll0Freq
                0x000112f4       0x68 ./drivers/fsl_clock.o
                0x000112f4                CLOCK_GetPll0Freq
 .text.CLOCK_SetExternalRefClkConfig
                0x0001135c       0x6c ./drivers/fsl_clock.o
                0x0001135c                CLOCK_SetExternalRefClkConfig
 .text.CLOCK_SetInternalRefClkConfig
                0x000113c8      0x104 ./drivers/fsl_clock.o
                0x000113c8                CLOCK_SetInternalRefClkConfig
 .text.CLOCK_EnablePll0
                0x000114cc       0x84 ./drivers/fsl_clock.o
                0x000114cc                CLOCK_EnablePll0
 .text.CLOCK_InitOsc0
                0x00011550       0x8c ./drivers/fsl_clock.o
                0x00011550                CLOCK_InitOsc0
 .text.CLOCK_SetPbeMode
                0x000115dc       0xa8 ./drivers/fsl_clock.o
                0x000115dc                CLOCK_SetPbeMode
 .text.CLOCK_BootToPeeMode
                0x00011684       0x64 ./drivers/fsl_clock.o
                0x00011684                CLOCK_BootToPeeMode
 .text.CLOCK_EnableClock
                0x000116e8       0x36 ./drivers/fsl_dac.o
 *fill*         0x0001171e        0x2 ff
 .text.DAC_GetInstance
                0x00011720       0x4c ./drivers/fsl_dac.o
 .text.DAC_Init
                0x0001176c       0x70 ./drivers/fsl_dac.o
                0x0001176c                DAC_Init
 .text.DAC_GetDefaultConfig
                0x000117dc       0x2c ./drivers/fsl_dac.o
                0x000117dc                DAC_GetDefaultConfig
 .text.DAC_SetBufferValue
                0x00011808       0x50 ./drivers/fsl_dac.o
                0x00011808                DAC_SetBufferValue
 .text.DAC_SetBufferReadPointer
                0x00011858       0x48 ./drivers/fsl_dac.o
                0x00011858                DAC_SetBufferReadPointer
 .text.__NVIC_EnableIRQ
                0x000118a0       0x3c ./drivers/fsl_enet.o
 .text.CLOCK_EnableClock
                0x000118dc       0x36 ./drivers/fsl_enet.o
 .text.EnableIRQ
                0x00011912       0x2c ./drivers/fsl_enet.o
 .text.ENET_Reset
                0x0001193e       0x20 ./drivers/fsl_enet.o
 .text.ENET_GetSMI
                0x0001195e       0x26 ./drivers/fsl_enet.o
 .text.ENET_EnableSleepMode
                0x00011984       0x38 ./drivers/fsl_enet.o
 .text.ENET_EnableInterrupts
                0x000119bc       0x22 ./drivers/fsl_enet.o
 *fill*         0x000119de        0x2 ff
 .text.ENET_GetInstance
                0x000119e0       0x44 ./drivers/fsl_enet.o
                0x000119e0                ENET_GetInstance
 .text.ENET_GetDefaultConfig
                0x00011a24       0x4c ./drivers/fsl_enet.o
                0x00011a24                ENET_GetDefaultConfig
 .text.ENET_Init
                0x00011a70      0x104 ./drivers/fsl_enet.o
                0x00011a70                ENET_Init
 .text.ENET_SetCallback
                0x00011b74       0x30 ./drivers/fsl_enet.o
                0x00011b74                ENET_SetCallback
 .text.ENET_SetHandler
                0x00011ba4      0x128 ./drivers/fsl_enet.o
 .text.ENET_SetMacController
                0x00011ccc      0x290 ./drivers/fsl_enet.o
 .text.ENET_SetTxBufferDescriptors
                0x00011f5c       0xd8 ./drivers/fsl_enet.o
 .text.ENET_SetRxBufferDescriptors
                0x00012034       0xec ./drivers/fsl_enet.o
 .text.ENET_ActiveSend
                0x00012120       0x3c ./drivers/fsl_enet.o
 .text.ENET_SetMacAddr
                0x0001215c       0x5e ./drivers/fsl_enet.o
                0x0001215c                ENET_SetMacAddr
 *fill*         0x000121ba        0x2 ff
 .text.ENET_SetSMI
                0x000121bc       0x8c ./drivers/fsl_enet.o
                0x000121bc                ENET_SetSMI
 .text.ENET_StartSMIWrite
                0x00012248       0x50 ./drivers/fsl_enet.o
                0x00012248                ENET_StartSMIWrite
 .text.ENET_StartSMIRead
                0x00012298       0x4a ./drivers/fsl_enet.o
                0x00012298                ENET_StartSMIRead
 *fill*         0x000122e2        0x2 ff
 .text.ENET_GetRxFrameSize
                0x000122e4       0xe4 ./drivers/fsl_enet.o
                0x000122e4                ENET_GetRxFrameSize
 .text.ENET_ReadFrame
                0x000123c8      0x13c ./drivers/fsl_enet.o
                0x000123c8                ENET_ReadFrame
 .text.ENET_UpdateReadBuffers
                0x00012504       0xd4 ./drivers/fsl_enet.o
 .text.ENET_SendFrame
                0x000125d8      0x1b0 ./drivers/fsl_enet.o
                0x000125d8                ENET_SendFrame
 .text.ENET_TransmitIRQHandler
                0x00012788       0x54 ./drivers/fsl_enet.o
                0x00012788                ENET_TransmitIRQHandler
 .text.ENET_ReceiveIRQHandler
                0x000127dc       0x54 ./drivers/fsl_enet.o
                0x000127dc                ENET_ReceiveIRQHandler
 .text.ENET_ErrorIRQHandler
                0x00012830       0x8c ./drivers/fsl_enet.o
                0x00012830                ENET_ErrorIRQHandler
 .text.ENET_Transmit_IRQHandler
                0x000128bc       0x28 ./drivers/fsl_enet.o
                0x000128bc                ENET_Transmit_IRQHandler
 .text.ENET_Receive_IRQHandler
                0x000128e4       0x28 ./drivers/fsl_enet.o
                0x000128e4                ENET_Receive_IRQHandler
 .text.ENET_Error_IRQHandler
                0x0001290c       0x28 ./drivers/fsl_enet.o
                0x0001290c                ENET_Error_IRQHandler
 .text.ENET_1588_Timer_IRQHandler
                0x00012934       0x28 ./drivers/fsl_enet.o
                0x00012934                ENET_1588_Timer_IRQHandler
 .text.CLOCK_EnableClock
                0x0001295c       0x36 ./drivers/fsl_pit.o
 *fill*         0x00012992        0x2 ff
 .text.PIT_GetInstance
                0x00012994       0x44 ./drivers/fsl_pit.o
 .text.PIT_Init
                0x000129d8       0x64 ./drivers/fsl_pit.o
                0x000129d8                PIT_Init
 .text.CLOCK_EnableClock
                0x00012a3c       0x36 ./drivers/fsl_uart.o
 *fill*         0x00012a72        0x2 ff
 .text.UART_GetInstance
                0x00012a74       0x54 ./drivers/fsl_uart.o
                0x00012a74                UART_GetInstance
 .text.UART_Init
                0x00012ac8      0x2d8 ./drivers/fsl_uart.o
                0x00012ac8                UART_Init
 .text.UART_GetDefaultConfig
                0x00012da0       0x60 ./drivers/fsl_uart.o
                0x00012da0                UART_GetDefaultConfig
 .text.UART0_DriverIRQHandler
                0x00012e00       0x28 ./drivers/fsl_uart.o
                0x00012e00                UART0_DriverIRQHandler
 .text.UART0_RX_TX_DriverIRQHandler
                0x00012e28       0x10 ./drivers/fsl_uart.o
                0x00012e28                UART0_RX_TX_DriverIRQHandler
 .text.UART1_DriverIRQHandler
                0x00012e38       0x28 ./drivers/fsl_uart.o
                0x00012e38                UART1_DriverIRQHandler
 .text.UART1_RX_TX_DriverIRQHandler
                0x00012e60       0x10 ./drivers/fsl_uart.o
                0x00012e60                UART1_RX_TX_DriverIRQHandler
 .text.UART2_DriverIRQHandler
                0x00012e70       0x28 ./drivers/fsl_uart.o
                0x00012e70                UART2_DriverIRQHandler
 .text.UART2_RX_TX_DriverIRQHandler
                0x00012e98       0x10 ./drivers/fsl_uart.o
                0x00012e98                UART2_RX_TX_DriverIRQHandler
 .text.UART3_DriverIRQHandler
                0x00012ea8       0x28 ./drivers/fsl_uart.o
                0x00012ea8                UART3_DriverIRQHandler
 .text.UART3_RX_TX_DriverIRQHandler
                0x00012ed0       0x10 ./drivers/fsl_uart.o
                0x00012ed0                UART3_RX_TX_DriverIRQHandler
 .text.UART4_DriverIRQHandler
                0x00012ee0       0x28 ./drivers/fsl_uart.o
                0x00012ee0                UART4_DriverIRQHandler
 .text.UART4_RX_TX_DriverIRQHandler
                0x00012f08       0x10 ./drivers/fsl_uart.o
                0x00012f08                UART4_RX_TX_DriverIRQHandler
 .text.UART5_DriverIRQHandler
                0x00012f18       0x28 ./drivers/fsl_uart.o
                0x00012f18                UART5_DriverIRQHandler
 .text.UART5_RX_TX_DriverIRQHandler
                0x00012f40       0x10 ./drivers/fsl_uart.o
                0x00012f40                UART5_RX_TX_DriverIRQHandler
 .text.BOARD_InitDebugConsole
                0x00012f50       0x28 ./board/board.o
                0x00012f50                BOARD_InitDebugConsole
 .text.CLOCK_SetSimSafeDivs
                0x00012f78       0x20 ./board/clock_config.o
 .text.CLOCK_SetXtal0Freq
                0x00012f98       0x20 ./board/clock_config.o
 .text.CLOCK_CONFIG_SetFllExtRefDiv
                0x00012fb8       0x3c ./board/clock_config.o
 .text.BOARD_BootClockRUN
                0x00012ff4       0x60 ./board/clock_config.o
                0x00012ff4                BOARD_BootClockRUN
 .text.CLOCK_EnableClock
                0x00013054       0x36 ./board/fsl_phy.o
 .text.ENET_ReadSMIData
                0x0001308a       0x1a ./board/fsl_phy.o
 .text.ENET_GetInterruptStatus
                0x000130a4       0x18 ./board/fsl_phy.o
 .text.ENET_ClearInterruptStatus
                0x000130bc       0x1c ./board/fsl_phy.o
 .text.PHY_Init
                0x000130d8      0x12c ./board/fsl_phy.o
                0x000130d8                PHY_Init
 .text.PHY_Write
                0x00013204       0x70 ./board/fsl_phy.o
                0x00013204                PHY_Write
 .text.PHY_Read
                0x00013274       0x88 ./board/fsl_phy.o
                0x00013274                PHY_Read
 .text.PHY_GetLinkStatus
                0x000132fc       0x58 ./board/fsl_phy.o
                0x000132fc                PHY_GetLinkStatus
 .text.PHY_GetLinkSpeedDuplex
                0x00013354       0x88 ./board/fsl_phy.o
                0x00013354                PHY_GetLinkSpeedDuplex
 .text.CLOCK_EnableClock
                0x000133dc       0x36 ./board/pin_mux.o
 *fill*         0x00013412        0x2 ff
 .text.PORT_SetPinConfig
                0x00013414       0x38 ./board/pin_mux.o
 .text.PORT_SetPinMux
                0x0001344c       0x3a ./board/pin_mux.o
 *fill*         0x00013486        0x2 ff
 .text.BOARD_InitPins
                0x00013488      0x100 ./board/pin_mux.o
                0x00013488                BOARD_InitPins
 .text.SystemInit
                0x00013588       0x40 ./CMSIS/system_MK64F12.o
                0x00013588                SystemInit
 .text.__main   0x000135c8        0xe c:/nxp/mcuxpressoide_10.1.1_606/ide/tools/bin/../lib/gcc/arm-none-eabi/6.3.1/../../../../arm-none-eabi/lib/thumb/v7e-m/fpv4-sp/hard\libcr_semihost_nf.a(_cr__main.o)
                0x000135c8                __CR_SEMIHOST
                0x000135c8                __main
 *fill*         0x000135d6        0x2 ff
 .text.__assertion_failed
                0x000135d8       0x4c c:/nxp/mcuxpressoide_10.1.1_606/ide/tools/bin/../lib/gcc/arm-none-eabi/6.3.1/../../../../arm-none-eabi/lib/thumb/v7e-m/fpv4-sp/hard\libcr_semihost_nf.a(_cr_assert.o)
                0x000135d8                __assertion_failed
 .text.__sys_appexit
                0x00013624        0xc c:/nxp/mcuxpressoide_10.1.1_606/ide/tools/bin/../lib/gcc/arm-none-eabi/6.3.1/../../../../arm-none-eabi/lib/thumb/v7e-m/fpv4-sp/hard\libcr_semihost_nf.a(__sys_appexit.o)
                0x00013624                __sys_appexit
                0x00013624                __exit
 .text.memcpy   0x00013630        0x4 c:/nxp/mcuxpressoide_10.1.1_606/ide/tools/bin/../lib/gcc/arm-none-eabi/6.3.1/../../../../arm-none-eabi/lib/thumb/v7e-m/fpv4-sp/hard\libcr_c.a(memcpy.o)
                0x00013630                memcpy
 .text.memset   0x00013634        0x4 c:/nxp/mcuxpressoide_10.1.1_606/ide/tools/bin/../lib/gcc/arm-none-eabi/6.3.1/../../../../arm-none-eabi/lib/thumb/v7e-m/fpv4-sp/hard\libcr_c.a(memset.o)
                0x00013634                memset
 .text._deferredlazyseek
                0x00013638       0x40 c:/nxp/mcuxpressoide_10.1.1_606/ide/tools/bin/../lib/gcc/arm-none-eabi/6.3.1/../../../../arm-none-eabi/lib/thumb/v7e-m/fpv4-sp/hard\libcr_c.a(_deferredlazyseek.o)
                0x00013638                _deferredlazyseek
 .text.__flsbuf
                0x00013678      0x148 c:/nxp/mcuxpressoide_10.1.1_606/ide/tools/bin/../lib/gcc/arm-none-eabi/6.3.1/../../../../arm-none-eabi/lib/thumb/v7e-m/fpv4-sp/hard\libcr_c.a(_deferredlazyseek.o)
                0x00013678                __flsbuf
 .text._fflush  0x000137c0       0x54 c:/nxp/mcuxpressoide_10.1.1_606/ide/tools/bin/../lib/gcc/arm-none-eabi/6.3.1/../../../../arm-none-eabi/lib/thumb/v7e-m/fpv4-sp/hard\libcr_c.a(_fflush.o)
                0x000137c0                _fflush
 .text._Cwritebuf
                0x00013814       0x6c c:/nxp/mcuxpressoide_10.1.1_606/ide/tools/bin/../lib/gcc/arm-none-eabi/6.3.1/../../../../arm-none-eabi/lib/thumb/v7e-m/fpv4-sp/hard\libcr_c.a(_writebuf.o)
                0x00013814                _Cwritebuf
 .text.malloc   0x00013880       0xc4 c:/nxp/mcuxpressoide_10.1.1_606/ide/tools/bin/../lib/gcc/arm-none-eabi/6.3.1/../../../../arm-none-eabi/lib/thumb/v7e-m/fpv4-sp/hard\libcr_c.a(alloc.o)
                0x00013880                malloc
 .text.free     0x00013944       0x30 c:/nxp/mcuxpressoide_10.1.1_606/ide/tools/bin/../lib/gcc/arm-none-eabi/6.3.1/../../../../arm-none-eabi/lib/thumb/v7e-m/fpv4-sp/hard\libcr_c.a(alloc.o)
                0x00013944                free
 .text._Csys_alloc
                0x00013974       0x20 c:/nxp/mcuxpressoide_10.1.1_606/ide/tools/bin/../lib/gcc/arm-none-eabi/6.3.1/../../../../arm-none-eabi/lib/thumb/v7e-m/fpv4-sp/hard\libcr_c.a(alloc.o)
                0x00013974                _Csys_alloc
 .text.fputs    0x00013994       0x2c c:/nxp/mcuxpressoide_10.1.1_606/ide/tools/bin/../lib/gcc/arm-none-eabi/6.3.1/../../../../arm-none-eabi/lib/thumb/v7e-m/fpv4-sp/hard\libcr_c.a(fputs.o)
                0x00013994                fputs
 .text.fseek    0x000139c0      0x100 c:/nxp/mcuxpressoide_10.1.1_606/ide/tools/bin/../lib/gcc/arm-none-eabi/6.3.1/../../../../arm-none-eabi/lib/thumb/v7e-m/fpv4-sp/hard\libcr_c.a(fseek.o)
                0x000139c0                fseek
 .text.ftell    0x00013ac0       0x48 c:/nxp/mcuxpressoide_10.1.1_606/ide/tools/bin/../lib/gcc/arm-none-eabi/6.3.1/../../../../arm-none-eabi/lib/thumb/v7e-m/fpv4-sp/hard\libcr_c.a(ftell.o)
                0x00013ac0                ftell
 .text._initio  0x00013b08       0x78 c:/nxp/mcuxpressoide_10.1.1_606/ide/tools/bin/../lib/gcc/arm-none-eabi/6.3.1/../../../../arm-none-eabi/lib/thumb/v7e-m/fpv4-sp/hard\libcr_c.a(initio.o)
                0x00013b08                _initio
 .text.memcmp   0x00013b80       0x44 c:/nxp/mcuxpressoide_10.1.1_606/ide/tools/bin/../lib/gcc/arm-none-eabi/6.3.1/../../../../arm-none-eabi/lib/thumb/v7e-m/fpv4-sp/hard\libcr_c.a(memcmp.o)
                0x00013b80                memcmp
 .text.no_fp_display
                0x00013bc4        0x4 c:/nxp/mcuxpressoide_10.1.1_606/ide/tools/bin/../lib/gcc/arm-none-eabi/6.3.1/../../../../arm-none-eabi/lib/thumb/v7e-m/fpv4-sp/hard\libcr_c.a(printf.o)
 .text.__vfprintf
                0x00013bc8      0xb7c c:/nxp/mcuxpressoide_10.1.1_606/ide/tools/bin/../lib/gcc/arm-none-eabi/6.3.1/../../../../arm-none-eabi/lib/thumb/v7e-m/fpv4-sp/hard\libcr_c.a(printf.o)
                0x00013bc8                __vfprintf
 .text._vsnprintf
                0x00014744       0x5c c:/nxp/mcuxpressoide_10.1.1_606/ide/tools/bin/../lib/gcc/arm-none-eabi/6.3.1/../../../../arm-none-eabi/lib/thumb/v7e-m/fpv4-sp/hard\libcr_c.a(printf.o)
                0x00014744                _vsnprintf
 .text._printf  0x000147a0       0x54 c:/nxp/mcuxpressoide_10.1.1_606/ide/tools/bin/../lib/gcc/arm-none-eabi/6.3.1/../../../../arm-none-eabi/lib/thumb/v7e-m/fpv4-sp/hard\libcr_c.a(printf.o)
                0x000147a0                _printf
 .text.setvbuf  0x000147f4       0x40 c:/nxp/mcuxpressoide_10.1.1_606/ide/tools/bin/../lib/gcc/arm-none-eabi/6.3.1/../../../../arm-none-eabi/lib/thumb/v7e-m/fpv4-sp/hard\libcr_c.a(setvbuf.o)
                0x000147f4                setvbuf
 .text.strlen   0x00014834       0x4a c:/nxp/mcuxpressoide_10.1.1_606/ide/tools/bin/../lib/gcc/arm-none-eabi/6.3.1/../../../../arm-none-eabi/lib/thumb/v7e-m/fpv4-sp/hard\libcr_c.a(strlen.o)
                0x00014834                strlen
 *fill*         0x0001487e        0x2 ff
 .text._sbrk    0x00014880       0x3c c:/nxp/mcuxpressoide_10.1.1_606/ide/tools/bin/../lib/gcc/arm-none-eabi/6.3.1/../../../../arm-none-eabi/lib/thumb/v7e-m/fpv4-sp/hard\libcr_c.a(_cr_sbrk.o)
                0x00014880                _sbrk
 .text._fdopen  0x000148bc       0x68 c:/nxp/mcuxpressoide_10.1.1_606/ide/tools/bin/../lib/gcc/arm-none-eabi/6.3.1/../../../../arm-none-eabi/lib/thumb/v7e-m/fpv4-sp/hard\libcr_c.a(_fdopen.o)
                0x000148bc                _fdopen
 .text.fclose   0x00014924       0x58 c:/nxp/mcuxpressoide_10.1.1_606/ide/tools/bin/../lib/gcc/arm-none-eabi/6.3.1/../../../../arm-none-eabi/lib/thumb/v7e-m/fpv4-sp/hard\libcr_c.a(fclose.o)
                0x00014924                fclose
 .text.fflush   0x0001497c       0x44 c:/nxp/mcuxpressoide_10.1.1_606/ide/tools/bin/../lib/gcc/arm-none-eabi/6.3.1/../../../../arm-none-eabi/lib/thumb/v7e-m/fpv4-sp/hard\libcr_c.a(fflush.o)
                0x0001497c                fflush
 .text.remove   0x000149c0       0x14 c:/nxp/mcuxpressoide_10.1.1_606/ide/tools/bin/../lib/gcc/arm-none-eabi/6.3.1/../../../../arm-none-eabi/lib/thumb/v7e-m/fpv4-sp/hard\libcr_c.a(remove.o)
                0x000149c0                remove
 .text.__check_heap_overflow
                0x000149d4       0x18 c:/nxp/mcuxpressoide_10.1.1_606/ide/tools/bin/../lib/gcc/arm-none-eabi/6.3.1/../../../../arm-none-eabi/lib/thumb/v7e-m/fpv4-sp/hard\libcr_c.a(_cr_check_heap.o)
                0x000149d4                __check_heap_overflow
 .text._do_fflush
                0x000149ec       0x40 c:/nxp/mcuxpressoide_10.1.1_606/ide/tools/bin/../lib/gcc/arm-none-eabi/6.3.1/../../../../arm-none-eabi/lib/thumb/v7e-m/fpv4-sp/hard\libcr_c.a(_do_fflush.o)
                0x000149ec                _do_fflush
 .text.__aeabi_division_uldivmod
                0x00014a2c      0x174 c:/nxp/mcuxpressoide_10.1.1_606/ide/tools/bin/../lib/gcc/arm-none-eabi/6.3.1/thumb/v7e-m/fpv4-sp/hard\libcr_eabihelpers.a(division_64.o)
                0x00014a2c                __aeabi_uldivmod
                0x00014a30                __bhs_ldivmod1
 .text.__aeabi_division_idiv0
                0x00014ba0        0x2 c:/nxp/mcuxpressoide_10.1.1_606/ide/tools/bin/../lib/gcc/arm-none-eabi/6.3.1/thumb/v7e-m/fpv4-sp/hard\libcr_eabihelpers.a(division_idiv0.o)
                0x00014ba0                __aeabi_idiv0
 .text.__aeabi_memcpy
                0x00014ba2       0x34 c:/nxp/mcuxpressoide_10.1.1_606/ide/tools/bin/../lib/gcc/arm-none-eabi/6.3.1/thumb/v7e-m/fpv4-sp/hard\libcr_eabihelpers.a(memcpy.o)
                0x00014ba2                __aeabi_memcpy
                0x00014bac                __aeabi_memcpy8
                0x00014bac                __aeabi_memcpy4
 .text.__aeabi_memset_lowlevel
                0x00014bd6       0x32 c:/nxp/mcuxpressoide_10.1.1_606/ide/tools/bin/../lib/gcc/arm-none-eabi/6.3.1/thumb/v7e-m/fpv4-sp/hard\libcr_eabihelpers.a(memcpy.o)
                0x00014bd6                __aeabi_lowlevel_memset
 .text.__sys_close
                0x00014c08        0xc c:/nxp/mcuxpressoide_10.1.1_606/ide/tools/bin/../lib/gcc/arm-none-eabi/6.3.1/../../../../arm-none-eabi/lib/thumb/v7e-m/fpv4-sp/hard\libcr_semihost_nf.a(__sys_close.o)
                0x00014c08                __sys_close
 .text.__sys_flen