Archive member included to satisfy reference by file (symbol)

c:/nxp/mcuxpressoide_10.1.1_606/ide/tools/bin/../lib/gcc/arm-none-eabi/6.3.1/../../../../arm-none-eabi/lib/thumb/v7e-m/fpv4-sp/hard\libcr_semihost_nf.a(_cr__main.o)
                              ./startup/startup_mk64f12.o (__main)
c:/nxp/mcuxpressoide_10.1.1_606/ide/tools/bin/../lib/gcc/arm-none-eabi/6.3.1/../../../../arm-none-eabi/lib/thumb/v7e-m/fpv4-sp/hard\libcr_semihost_nf.a(_cr_assert.o)
                              ./utilities/fsl_debug_console.o (__assertion_failed)
c:/nxp/mcuxpressoide_10.1.1_606/ide/tools/bin/../lib/gcc/arm-none-eabi/6.3.1/../../../../arm-none-eabi/lib/thumb/v7e-m/fpv4-sp/hard\libcr_semihost_nf.a(__ciob.o)
                              c:/nxp/mcuxpressoide_10.1.1_606/ide/tools/bin/../lib/gcc/arm-none-eabi/6.3.1/../../../../arm-none-eabi/lib/thumb/v7e-m/fpv4-sp/hard\libcr_semihost_nf.a(_cr_assert.o) (__Ciob)
c:/nxp/mcuxpressoide_10.1.1_606/ide/tools/bin/../lib/gcc/arm-none-eabi/6.3.1/../../../../arm-none-eabi/lib/thumb/v7e-m/fpv4-sp/hard\libcr_semihost_nf.a(__sys_appexit.o)
                              c:/nxp/mcuxpressoide_10.1.1_606/ide/tools/bin/../lib/gcc/arm-none-eabi/6.3.1/../../../../arm-none-eabi/lib/thumb/v7e-m/fpv4-sp/hard\libcr_semihost_nf.a(_cr_assert.o) (__sys_appexit)
c:/nxp/mcuxpressoide_10.1.1_606/ide/tools/bin/../lib/gcc/arm-none-eabi/6.3.1/../../../../arm-none-eabi/lib/thumb/v7e-m/fpv4-sp/hard\libcr_c.a(memcpy.o)
                              ./lwip/src/netif/ethernet.o (memcpy)
c:/nxp/mcuxpressoide_10.1.1_606/ide/tools/bin/../lib/gcc/arm-none-eabi/6.3.1/../../../../arm-none-eabi/lib/thumb/v7e-m/fpv4-sp/hard\libcr_c.a(memset.o)
                              ./lwip/src/core/ipv4/dhcp.o (memset)
c:/nxp/mcuxpressoide_10.1.1_606/ide/tools/bin/../lib/gcc/arm-none-eabi/6.3.1/../../../../arm-none-eabi/lib/thumb/v7e-m/fpv4-sp/hard\libcr_c.a(_deferredlazyseek.o)
                              c:/nxp/mcuxpressoide_10.1.1_606/ide/tools/bin/../lib/gcc/arm-none-eabi/6.3.1/../../../../arm-none-eabi/lib/thumb/v7e-m/fpv4-sp/hard\libcr_semihost_nf.a(_cr_assert.o) (__flsbuf)
c:/nxp/mcuxpressoide_10.1.1_606/ide/tools/bin/../lib/gcc/arm-none-eabi/6.3.1/../../../../arm-none-eabi/lib/thumb/v7e-m/fpv4-sp/hard\libcr_c.a(_fflush.o)
                              c:/nxp/mcuxpressoide_10.1.1_606/ide/tools/bin/../lib/gcc/arm-none-eabi/6.3.1/../../../../arm-none-eabi/lib/thumb/v7e-m/fpv4-sp/hard\libcr_c.a(_deferredlazyseek.o) (_fflush)
c:/nxp/mcuxpressoide_10.1.1_606/ide/tools/bin/../lib/gcc/arm-none-eabi/6.3.1/../../../../arm-none-eabi/lib/thumb/v7e-m/fpv4-sp/hard\libcr_c.a(_writebuf.o)
                              c:/nxp/mcuxpressoide_10.1.1_606/ide/tools/bin/../lib/gcc/arm-none-eabi/6.3.1/../../../../arm-none-eabi/lib/thumb/v7e-m/fpv4-sp/hard\libcr_c.a(_deferredlazyseek.o) (_Cwritebuf)
c:/nxp/mcuxpressoide_10.1.1_606/ide/tools/bin/../lib/gcc/arm-none-eabi/6.3.1/../../../../arm-none-eabi/lib/thumb/v7e-m/fpv4-sp/hard\libcr_c.a(alloc.o)
                              c:/nxp/mcuxpressoide_10.1.1_606/ide/tools/bin/../lib/gcc/arm-none-eabi/6.3.1/../../../../arm-none-eabi/lib/thumb/v7e-m/fpv4-sp/hard\libcr_c.a(_deferredlazyseek.o) (_Csys_alloc)
c:/nxp/mcuxpressoide_10.1.1_606/ide/tools/bin/../lib/gcc/arm-none-eabi/6.3.1/../../../../arm-none-eabi/lib/thumb/v7e-m/fpv4-sp/hard\libcr_c.a(fputs.o)
                              c:/nxp/mcuxpressoide_10.1.1_606/ide/tools/bin/../lib/gcc/arm-none-eabi/6.3.1/../../../../arm-none-eabi/lib/thumb/v7e-m/fpv4-sp/hard\libcr_semihost_nf.a(_cr_assert.o) (fputs)
c:/nxp/mcuxpressoide_10.1.1_606/ide/tools/bin/../lib/gcc/arm-none-eabi/6.3.1/../../../../arm-none-eabi/lib/thumb/v7e-m/fpv4-sp/hard\libcr_c.a(fseek.o)
                              c:/nxp/mcuxpressoide_10.1.1_606/ide/tools/bin/../lib/gcc/arm-none-eabi/6.3.1/../../../../arm-none-eabi/lib/thumb/v7e-m/fpv4-sp/hard\libcr_c.a(_deferredlazyseek.o) (fseek)
c:/nxp/mcuxpressoide_10.1.1_606/ide/tools/bin/../lib/gcc/arm-none-eabi/6.3.1/../../../../arm-none-eabi/lib/thumb/v7e-m/fpv4-sp/hard\libcr_c.a(ftell.o)
                              c:/nxp/mcuxpressoide_10.1.1_606/ide/tools/bin/../lib/gcc/arm-none-eabi/6.3.1/../../../../arm-none-eabi/lib/thumb/v7e-m/fpv4-sp/hard\libcr_c.a(fseek.o) (ftell)
c:/nxp/mcuxpressoide_10.1.1_606/ide/tools/bin/../lib/gcc/arm-none-eabi/6.3.1/../../../../arm-none-eabi/lib/thumb/v7e-m/fpv4-sp/hard\libcr_c.a(initio.o)
                              c:/nxp/mcuxpressoide_10.1.1_606/ide/tools/bin/../lib/gcc/arm-none-eabi/6.3.1/../../../../arm-none-eabi/lib/thumb/v7e-m/fpv4-sp/hard\libcr_semihost_nf.a(_cr__main.o) (_initio)
c:/nxp/mcuxpressoide_10.1.1_606/ide/tools/bin/../lib/gcc/arm-none-eabi/6.3.1/../../../../arm-none-eabi/lib/thumb/v7e-m/fpv4-sp/hard\libcr_c.a(memcmp.o)
                              ./lwip/src/netif/ethernet.o (memcmp)
c:/nxp/mcuxpressoide_10.1.1_606/ide/tools/bin/../lib/gcc/arm-none-eabi/6.3.1/../../../../arm-none-eabi/lib/thumb/v7e-m/fpv4-sp/hard\libcr_c.a(printf.o)
[...]
Memory Configuration

Name             Origin             Length             Attributes
PROGRAM_FLASH    0x00000000         0x00100000         xr
SRAM_UPPER       0x20000000         0x00030000         xrw
SRAM_LOWER       0x1fff0000         0x00010000         xrw
FLEX_RAM         0x14000000         0x00001000         xrw
*default*        0x00000000         0xffffffff

Linker script and memory map

LOAD ./utilities/fsl_debug_console.o
LOAD ./utilities/fsl_io.o
LOAD ./utilities/fsl_log.o
LOAD ./utilities/fsl_str.o
LOAD ./startup/startup_mk64f12.o
LOAD ./source/DAC_tasks.o
LOAD ./source/lwip_udpecho_freertos.o
LOAD ./source/semihost_hardfault.o
LOAD ./lwip/src/netif/ppp/auth.o
LOAD ./lwip/src/netif/ppp/ccp.o
LOAD ./lwip/src/netif/ppp/chap-md5.o
LOAD ./lwip/src/netif/ppp/chap-new.o
LOAD ./lwip/src/netif/ppp/chap_ms.o
LOAD ./lwip/src/netif/ppp/demand.o
LOAD ./lwip/src/netif/ppp/eap.o
LOAD ./lwip/src/netif/ppp/eui64.o
LOAD ./lwip/src/netif/ppp/fsm.o
LOAD ./lwip/src/netif/ppp/ipcp.o
LOAD ./lwip/src/netif/ppp/ipv6cp.o
LOAD ./lwip/src/netif/ppp/lcp.o
LOAD ./lwip/src/netif/ppp/lwip_ecp.o
LOAD ./lwip/src/netif/ppp/magic.o
LOAD ./lwip/src/netif/ppp/mppe.o
LOAD ./lwip/src/netif/ppp/multilink.o
LOAD ./lwip/src/netif/ppp/ppp.o
LOAD ./lwip/src/netif/ppp/pppapi.o
LOAD ./lwip/src/netif/ppp/pppcrypt.o
LOAD ./lwip/src/netif/ppp/pppoe.o
LOAD ./lwip/src/netif/ppp/pppol2tp.o
LOAD ./lwip/src/netif/ppp/pppos.o
LOAD ./lwip/src/netif/ppp/upap.o
LOAD ./lwip/src/netif/ppp/utils.o
LOAD ./lwip/src/netif/ppp/vj.o
LOAD ./lwip/src/netif/ethernet.o
LOAD ./lwip/src/netif/lowpan6.o
LOAD ./lwip/src/netif/slipif.o
LOAD ./lwip/src/core/ipv6/dhcp6.o
LOAD ./lwip/src/core/ipv6/ethip6.o
LOAD ./lwip/src/core/ipv6/icmp6.o
LOAD ./lwip/src/core/ipv6/inet6.o
LOAD ./lwip/src/core/ipv6/ip6.o
LOAD ./lwip/src/core/ipv6/ip6_addr.o
LOAD ./lwip/src/core/ipv6/ip6_frag.o
LOAD ./lwip/src/core/ipv6/mld6.o
LOAD ./lwip/src/core/ipv6/nd6.o
LOAD ./lwip/src/core/ipv4/autoip.o
LOAD ./lwip/src/core/ipv4/dhcp.o
LOAD ./lwip/src/core/ipv4/etharp.o
LOAD ./lwip/src/core/ipv4/icmp.o
LOAD ./lwip/src/core/ipv4/igmp.o
LOAD ./lwip/src/core/ipv4/ip4.o
LOAD ./lwip/src/core/ipv4/ip4_addr.o
LOAD ./lwip/src/core/ipv4/ip4_frag.o
LOAD ./lwip/src/core/def.o
LOAD ./lwip/src/core/dns.o
LOAD ./lwip/src/core/inet_chksum.o
LOAD ./lwip/src/core/init.o
LOAD ./lwip/src/core/ip.o
LOAD ./lwip/src/core/mem.o
LOAD ./lwip/src/core/memp.o
LOAD ./lwip/src/core/netif.o
LOAD ./lwip/src/core/pbuf.o
LOAD ./lwip/src/core/raw.o
LOAD ./lwip/src/core/stats.o
LOAD ./lwip/src/core/sys.o
LOAD ./lwip/src/core/tcp.o
LOAD ./lwip/src/core/tcp_in.o
LOAD ./lwip/src/core/tcp_out.o
LOAD ./lwip/src/core/timeouts.o
LOAD ./lwip/src/core/udp.o
LOAD ./lwip/src/api/api_lib.o
LOAD ./lwip/src/api/api_msg.o
LOAD ./lwip/src/api/err.o
LOAD ./lwip/src/api/netbuf.o
LOAD ./lwip/src/api/netdb.o
LOAD ./lwip/src/api/netifapi.o
LOAD ./lwip/src/api/sockets.o
LOAD ./lwip/src/api/tcpip.o
LOAD ./lwip/port/ethernetif.o
LOAD ./lwip/port/sys_arch.o
LOAD ./lwip/contrib/apps/tcpecho.o
LOAD ./lwip/contrib/apps/udpecho.o
LOAD ./freertos/source/croutine.o
LOAD ./freertos/source/event_groups.o
LOAD ./freertos/source/list.o
LOAD ./freertos/source/queue.o
LOAD ./freertos/source/tasks.o
LOAD ./freertos/source/timers.o
LOAD ./freertos/portable/fsl_tickless_systick.o
LOAD ./freertos/portable/heap_4.o
LOAD ./freertos/portable/port.o
LOAD ./drivers/fsl_clock.o
LOAD ./drivers/fsl_common.o
LOAD ./drivers/fsl_dac.o
LOAD ./drivers/fsl_enet.o
LOAD ./drivers/fsl_flash.o
LOAD ./drivers/fsl_gpio.o
LOAD ./drivers/fsl_pit.o
LOAD ./drivers/fsl_smc.o
LOAD ./drivers/fsl_uart.o
LOAD ./board/board.o
LOAD ./board/clock_config.o
LOAD ./board/fsl_phy.o
LOAD ./board/peripherals.o
LOAD ./board/pin_mux.o
LOAD ./CMSIS/system_MK64F12.o
START GROUP
LOAD c:/nxp/mcuxpressoide_10.1.1_606/ide/tools/bin/../lib/gcc/arm-none-eabi/6.3.1/../../../../arm-none-eabi/lib/thumb/v7e-m/fpv4-sp/hard\libcr_semihost_nf.a
LOAD c:/nxp/mcuxpressoide_10.1.1_606/ide/tools/bin/../lib/gcc/arm-none-eabi/6.3.1/../../../../arm-none-eabi/lib/thumb/v7e-m/fpv4-sp/hard\libcr_c.a
LOAD c:/nxp/mcuxpressoide_10.1.1_606/ide/tools/bin/../lib/gcc/arm-none-eabi/6.3.1/thumb/v7e-m/fpv4-sp/hard\libcr_eabihelpers.a
END GROUP
                0x00000000                __base_PROGRAM_FLASH = 0x0
                0x00000000                __base_Flash = 0x0
                0x00100000                __top_PROGRAM_FLASH = 0x100000
                0x00100000                __top_Flash = 0x100000
                0x20000000                __base_SRAM_UPPER = 0x20000000
                0x20000000                __base_RAM = 0x20000000
                0x20030000                __top_SRAM_UPPER = 0x20030000
                0x20030000                __top_RAM = 0x20030000
                0x1fff0000                __base_SRAM_LOWER = 0x1fff0000
                0x1fff0000                __base_RAM2 = 0x1fff0000
                0x20000000                __top_SRAM_LOWER = 0x20000000
                0x20000000                __top_RAM2 = 0x20000000
                0x14000000                __base_FLEX_RAM = 0x14000000
                0x14000000                __base_RAM3 = 0x14000000
                0x14001000                __top_FLEX_RAM = 0x14001000
                0x14001000                __top_RAM3 = 0x14001000

.text           0x00000000    0x20f1c
 FILL mask 0xff
                0x00000000                __vectors_start__ = ABSOLUTE (.)
 *(.isr_vector)
 .isr_vector    0x00000000      0x198 ./startup/startup_mk64f12.o
                0x00000000                g_pfnVectors
                0x00000000                __Vectors
                0x00000198                . = ALIGN (0x4)
                0x00000198                __section_table_start = .
                0x00000198                __data_section_table = .
                0x00000198        0x4 LONG 0x20f1c LOADADDR (.data)
                0x0000019c        0x4 LONG 0x20000000 ADDR (.data)
                0x000001a0        0x4 LONG 0x24 SIZEOF (.data)
                0x000001a4        0x4 LONG 0x20f1c LOADADDR (.data_RAM2)
                0x000001a8        0x4 LONG 0x1fff0000 ADDR (.data_RAM2)
                0x000001ac        0x4 LONG 0x0 SIZEOF (.data_RAM2)
                0x000001b0        0x4 LONG 0x20f1c LOADADDR (.data_RAM3)
                0x000001b4        0x4 LONG 0x14000000 ADDR (.data_RAM3)
                0x000001b8        0x4 LONG 0x0 SIZEOF (.data_RAM3)
                0x000001bc                __data_section_table_end = .
                0x000001bc                __bss_section_table = .
                0x000001bc        0x4 LONG 0x20000030 ADDR (.bss)
                0x000001c0        0x4 LONG 0x12028 SIZEOF (.bss)
                0x000001c4        0x4 LONG 0x1fff0000 ADDR (.bss_RAM2)
                0x000001c8        0x4 LONG 0x0 SIZEOF (.bss_RAM2)
                0x000001cc        0x4 LONG 0x14000000 ADDR (.bss_RAM3)
                0x000001d0        0x4 LONG 0x0 SIZEOF (.bss_RAM3)
                0x000001d4                __bss_section_table_end = .
                0x000001d4                __section_table_end = .
 *(.after_vectors*)
 .after_vectors.init_data
                0x000001d4       0x1e ./startup/startup_mk64f12.o
                0x000001d4                data_init
 .after_vectors.init_bss
                0x000001f2       0x12 ./startup/startup_mk64f12.o
                0x000001f2                bss_init
 .after_vectors.reset
                0x00000204       0x4c ./startup/startup_mk64f12.o
                0x00000204                ResetISR
 .after_vectors
                0x00000250       0x14 ./startup/startup_mk64f12.o
                0x00000250                NMI_Handler
                0x00000254                MemManage_Handler
                0x00000256                BusFault_Handler
                0x00000258                UsageFault_Handler
                0x0000025c                DebugMon_Handler
                0x00000262                LPTMR0_DriverIRQHandler
                0x00000262                DMA_Error_DriverIRQHandler
                0x00000262                SPI1_DriverIRQHandler
                0x00000262                FTM1_DriverIRQHandler
                0x00000262                FTM2_DriverIRQHandler
                0x00000262                PIT2_DriverIRQHandler
                0x00000262                SDHC_DriverIRQHandler
                0x00000262                I2S0_Tx_DriverIRQHandler
                0x00000262                RTC_Seconds_DriverIRQHandler
                0x00000262                DMA6_DriverIRQHandler
                0x00000262                LLWU_DriverIRQHandler
                0x00000262                MCM_DriverIRQHandler
                0x00000262                MCG_DriverIRQHandler
                0x00000262                ENET_1588_Timer_DriverIRQHandler
                0x00000262                I2C2_DriverIRQHandler
                0x00000262                DAC1_DriverIRQHandler
                0x00000262                DMA12_DriverIRQHandler
                0x00000262                CMP1_DriverIRQHandler
                0x00000262                FTM0_DriverIRQHandler
                0x00000262                IntDefaultHandler
                0x00000262                USB0_DriverIRQHandler
                0x00000262                UART5_ERR_DriverIRQHandler
                0x00000262                PORTC_DriverIRQHandler
                0x00000262                DMA11_DriverIRQHandler
                0x00000262                DAC0_DriverIRQHandler
                0x00000262                DMA10_DriverIRQHandler
                0x00000262                CMP2_DriverIRQHandler
                0x00000262                UART2_ERR_DriverIRQHandler
                0x00000262                SPI2_DriverIRQHandler
                0x00000262                LVD_LVW_DriverIRQHandler
                0x00000262                PIT0_DriverIRQHandler
                0x00000262                PORTB_DriverIRQHandler
                0x00000262                DMA5_DriverIRQHandler
                0x00000262                DMA4_DriverIRQHandler
                0x00000262                USBDCD_DriverIRQHandler
                0x00000262                UART3_ERR_DriverIRQHandler
                0x00000262                DMA3_DriverIRQHandler
                0x00000262                DMA8_DriverIRQHandler
                0x00000262                DMA9_DriverIRQHandler
                0x00000262                UART0_ERR_DriverIRQHandler
                0x00000262                CMT_DriverIRQHandler
                0x00000262                Reserved71_DriverIRQHandler
                0x00000262                ADC1_DriverIRQHandler
                0x00000262                PORTA_DriverIRQHandler
                0x00000262                DMA14_DriverIRQHandler
                0x00000262                PIT3_DriverIRQHandler
                0x00000262                PIT1_DriverIRQHandler
                0x00000262                WDOG_EWM_DriverIRQHandler
                0x00000262                PDB0_DriverIRQHandler
                0x00000262                RTC_DriverIRQHandler
                0x00000262                I2S0_Rx_DriverIRQHandler
                0x00000262                Read_Collision_DriverIRQHandler
                0x00000262                SWI_DriverIRQHandler
                0x00000262                UART4_ERR_DriverIRQHandler
                0x00000262                DMA0_DriverIRQHandler
                0x00000262                UART0_LON_DriverIRQHandler
                0x00000262                DMA1_DriverIRQHandler
                0x00000262                I2C1_DriverIRQHandler
                0x00000262                ENET_Receive_DriverIRQHandler
                0x00000262                DMA13_DriverIRQHandler
                0x00000262                ENET_Error_DriverIRQHandler
                0x00000262                DMA15_DriverIRQHandler
                0x00000262                SPI0_DriverIRQHandler
                0x00000262                ADC0_DriverIRQHandler
                0x00000262                CMP0_DriverIRQHandler
                0x00000262                CAN0_DriverIRQHandler
                0x00000262                FTM3_DriverIRQHandler
                0x00000262                RNG_DriverIRQHandler
                0x00000262                UART1_ERR_DriverIRQHandler
                0x00000262                DMA2_DriverIRQHandler
                0x00000262                ENET_Transmit_DriverIRQHandler
                0x00000262                PORTD_DriverIRQHandler
                0x00000262                PORTE_DriverIRQHandler
                0x00000262                FTFE_DriverIRQHandler
                0x00000262                I2C0_DriverIRQHandler
                0x00000262                DMA7_DriverIRQHandler
                0x00000400                . = 0x400
 *fill*         0x00000264      0x19c ff
                0x00000400                PROVIDE (__FLASH_CONFIG_START__, .)
 *(.FlashConfig)
 .FlashConfig   0x00000400       0x10 ./startup/startup_mk64f12.o
                0x00000400                Flash_Config
                0x00000410                PROVIDE (__FLASH_CONFIG_END__, .)
                0x00000001                ASSERT (! ((__FLASH_CONFIG_START__ == __FLASH_CONFIG_END__)), Linker Flash Config Support Enabled, but no .FlashConfig section provided within application)
 *(.text*)
 .text          0x00000410       0x54 ./utilities/fsl_debug_console.o
                0x00000410                DbgConsole_Init
                0x00000448                DbgConsole_Deinit
                0x00000456                DbgConsole_Flush
 .text          0x00000464      0x1cc ./utilities/fsl_io.o
                0x000004e4                IO_Init
                0x00000564                IO_Deinit
                0x000005a4                IO_WaitIdle
                0x000005d4                IO_Transfer
 .text          0x00000630      0x1c8 ./utilities/fsl_log.o
                0x00000630                LOG_Init
                0x00000660                LOG_Deinit
                0x0000066c                LOG_WaitIdle
                0x0000067a                LOG_Push
                0x000006a8                LOG_Pop
                0x000006ea                LOG_ReadLine
                0x00000790                LOG_ReadCharacter
 .text          0x000007f8      0x2b0 ./startup/startup_mk64f12.o
                0x000007f8                DMA0_IRQHandler
                0x00000800                DMA1_IRQHandler
                0x00000808                DMA2_IRQHandler
                0x00000810                DMA3_IRQHandler
                0x00000818                DMA4_IRQHandler
                0x00000820                DMA5_IRQHandler
                0x00000828                DMA6_IRQHandler
                0x00000830                DMA7_IRQHandler
                0x00000838                DMA8_IRQHandler
                0x00000840                DMA9_IRQHandler
                0x00000848                DMA10_IRQHandler
                0x00000850                DMA11_IRQHandler
                0x00000858                DMA12_IRQHandler
                0x00000860                DMA13_IRQHandler
                0x00000868                DMA14_IRQHandler
                0x00000870                DMA15_IRQHandler
                0x00000878                DMA_Error_IRQHandler
                0x00000880                MCM_IRQHandler
                0x00000888                FTFE_IRQHandler
                0x00000890                Read_Collision_IRQHandler
                0x00000898                LVD_LVW_IRQHandler
                0x000008a0                LLWU_IRQHandler
                0x000008a8                WDOG_EWM_IRQHandler
                0x000008b0                RNG_IRQHandler
                0x000008b8                I2C0_IRQHandler
                0x000008c0                I2C1_IRQHandler
                0x000008c8                SPI0_IRQHandler
                0x000008d0                SPI1_IRQHandler
                0x000008d8                I2S0_Tx_IRQHandler
                0x000008e0                I2S0_Rx_IRQHandler
                0x000008e8                UART0_LON_IRQHandler
                0x000008f0                UART0_RX_TX_IRQHandler
                0x000008f8                UART0_ERR_IRQHandler
                0x00000900                UART1_RX_TX_IRQHandler
                0x00000908                UART1_ERR_IRQHandler
                0x00000910                UART2_RX_TX_IRQHandler
                0x00000918                UART2_ERR_IRQHandler
                0x00000920                UART3_RX_TX_IRQHandler
                0x00000928                UART3_ERR_IRQHandler
                0x00000930                ADC0_IRQHandler
                0x00000938                CMP0_IRQHandler
                0x00000940                CMP1_IRQHandler
                0x00000948                FTM0_IRQHandler
                0x00000950                FTM1_IRQHandler
                0x00000958                FTM2_IRQHandler
                0x00000960                CMT_IRQHandler
                0x00000968                RTC_IRQHandler
                0x00000970                RTC_Seconds_IRQHandler
                0x00000980                PIT1_IRQHandler
                0x00000988                PIT2_IRQHandler
                0x00000990                PIT3_IRQHandler
                0x00000998                PDB0_IRQHandler
                0x000009a0                USB0_IRQHandler
                0x000009a8                USBDCD_IRQHandler
                0x000009b0                Reserved71_IRQHandler
                0x000009b8                DAC0_IRQHandler
                0x000009c0                MCG_IRQHandler
                0x000009c8                LPTMR0_IRQHandler
                0x000009d0                PORTA_IRQHandler
                0x000009d8                PORTB_IRQHandler
                0x000009e0                PORTC_IRQHandler
                0x000009e8                PORTD_IRQHandler
                0x000009f0                PORTE_IRQHandler
                0x000009f8                SWI_IRQHandler
                0x00000a00                SPI2_IRQHandler
                0x00000a08                UART4_RX_TX_IRQHandler
                0x00000a10                UART4_ERR_IRQHandler
                0x00000a18                UART5_RX_TX_IRQHandler
                0x00000a20                UART5_ERR_IRQHandler
                0x00000a28                CMP2_IRQHandler
                0x00000a30                FTM3_IRQHandler
                0x00000a38                DAC1_IRQHandler
                0x00000a40                ADC1_IRQHandler
                0x00000a48                I2C2_IRQHandler
                0x00000a50                CAN0_ORed_Message_buffer_IRQHandler
                0x00000a58                CAN0_Bus_Off_IRQHandler
                0x00000a60                CAN0_Error_IRQHandler
                0x00000a68                CAN0_Tx_Warning_IRQHandler
                0x00000a70                CAN0_Rx_Warning_IRQHandler
                0x00000a78                CAN0_Wake_Up_IRQHandler
                0x00000a80                SDHC_IRQHandler
 .text          0x00000aa8      0x360 ./source/DAC_tasks.o
                0x00000c40                PIT0_IRQHandler
                0x00000d20                DAC_init
 .text          0x00000e08      0x1a0 ./source/lwip_udpecho_freertos.o
                0x00000f48                main
 .text          0x00000fa8       0x2a ./source/semihost_hardfault.o
                0x00000fa8                HardFault_Handler
 *fill*         0x00000fd2        0x2 ff
 .text          0x00000fd4      0x1ac ./lwip/src/netif/ethernet.o
                0x00000fd4                ethernet_input
                0x00001100                ethernet_output
 .text          0x00001180     0x1d74 ./lwip/src/core/ipv4/dhcp.o
                0x0000148c                dhcp_coarse_tmr
                0x00001534                dhcp_fine_tmr
                0x000017ac                dhcp_set_struct
                0x00001800                dhcp_cleanup
                0x00001838                dhcp_start
                0x00001928                dhcp_inform
                0x000019f4                dhcp_network_changed
                0x00001a6e                dhcp_arp_reply
                0x00001e40                dhcp_renew
                0x00002180                dhcp_release
                0x00002290                dhcp_stop
                0x00002eb0                dhcp_supplied_address
 .text          0x00002ef4      0xf18 ./lwip/src/core/ipv4/etharp.o
                0x00002fb4                etharp_tmr
                0x000034a4                etharp_cleanup_netif
                0x00003504                etharp_find_addr
                0x0000359c                etharp_get_entry
                0x0000364c                etharp_input
                0x0000387c                etharp_output
                0x00003a38                etharp_query
                0x00003de8                etharp_request
 .text          0x00003e0c      0x360 ./lwip/src/core/ipv4/icmp.o
                0x00003e0c                icmp_input
                0x00004058                icmp_dest_unreach
                0x00004078                icmp_time_exceeded
 .text          0x0000416c      0x644 ./lwip/src/core/ipv4/ip4.o
                0x0000416c                ip4_route
                0x0000423c                ip4_input
                0x00004510                ip4_output_if
                0x00004564                ip4_output_if_src
                0x00004754                ip4_output
 .text          0x000047b0      0x498 ./lwip/src/core/ipv4/ip4_addr.o
                0x000047b0                ip4_addr_isbroadcast_u32
                0x00004832                ip4_addr_netmask_valid
                0x0000488a                ipaddr_addr
                0x000048b4                ip4addr_aton
                0x00004b24                ip4addr_ntoa
                0x00004b44                ip4addr_ntoa_r
 .text          0x00004c48      0xa94 ./lwip/src/core/ipv4/ip4_frag.o
                0x00004c48                ip_reass_tmr
                0x000051bc                ip4_reass
                0x000054b0                ip4_frag
 .text          0x000056dc      0x22c ./lwip/src/core/def.o
                0x000056dc                lwip_htons
                0x000056f8                lwip_htonl
                0x0000572a                lwip_strnstr
                0x00005796                lwip_stricmp
                0x000057fe                lwip_strnicmp
                0x00005872                lwip_itoa
 .text          0x00005908      0x4b0 ./lwip/src/core/inet_chksum.o
                0x00005908                lwip_standard_chksum
                0x00005a9a                inet_chksum_pseudo
                0x00005b0a                ip_chksum_pseudo
                0x00005c48                inet_chksum_pseudo_partial
                0x00005cc6                ip_chksum_pseudo_partial
                0x00005d00                inet_chksum
                0x00005d24                inet_chksum_pbuf
 .text          0x00005db8       0x2e ./lwip/src/core/init.o
                0x00005db8                lwip_init
 *fill*         0x00005de6        0x2 ff
 .text          0x00005de8      0x614 ./lwip/src/core/mem.o
                0x00005ef0                mem_init
                0x00005f80                mem_free
                0x0000603c                mem_trim
                0x000061f8                mem_malloc
                0x000063b8                mem_calloc
 .text          0x000063fc      0x218 ./lwip/src/core/memp.o
                0x000063fc                memp_init_pool
                0x0000645a                memp_init
                0x000064e0                memp_malloc_pool
                0x00006514                memp_malloc
                0x00006598                memp_free_pool
                0x000065d0                memp_free
 .text          0x00006614      0x484 ./lwip/src/core/netif.o
                0x00006614                netif_init
                0x00006622                netif_input
                0x00006658                netif_add
                0x00006700                netif_set_addr
                0x00006756                netif_remove
                0x000067fc                netif_find
                0x0000686c                netif_set_ipaddr
                0x000068dc                netif_set_gw
                0x00006904                netif_set_netmask
                0x0000692c                netif_set_default
                0x0000694c                netif_set_up
                0x000069d4                netif_set_down
                0x00006a18                netif_set_link_up
                0x00006a64                netif_set_link_down
 .text          0x00006a98      0xfa8 ./lwip/src/core/pbuf.o
                0x00006a98                pbuf_alloc
                0x00006d6c                pbuf_alloced_custom
                0x00006e30                pbuf_realloc
                0x00007080                pbuf_header
                0x000070a4                pbuf_header_force
                0x000070c8                pbuf_free
                0x000071d4                pbuf_clen
                0x00007202                pbuf_ref
                0x00007244                pbuf_cat
                0x000072d0                pbuf_chain
                0x000072f0                pbuf_dechain
                0x0000737c                pbuf_copy
                0x000074dc                pbuf_copy_partial
                0x0000760a                pbuf_skip
                0x00007630                pbuf_take
                0x00007724                pbuf_take_at
                0x000077c8                pbuf_coalesce
                0x00007828                pbuf_get_at
                0x00007856                pbuf_try_get_at
                0x0000789a                pbuf_put_at
                0x000078de                pbuf_memcmp
                0x0000797c                pbuf_memfind
                0x000079e6                pbuf_strstr
 .text          0x00007a40     0x1a1c ./lwip/src/core/tcp.o
                0x00007a40                tcp_init
                0x00007a4e                tcp_tmr
                0x00007b10                tcp_backlog_delayed
                0x00007b74                tcp_backlog_accepted
                0x00007e58                tcp_close
                0x00007e88                tcp_shutdown
                0x00007f16                tcp_abandon
                0x0000805c                tcp_abort
                0x00008074                tcp_bind
                0x000081a8                tcp_listen_with_backlog
                0x000081ca                tcp_listen_with_backlog_and_err
                0x00008314                tcp_update_rcv_ann_wnd
                0x000083a4                tcp_recved
                0x000084cc                tcp_connect
                0x000086a4                tcp_slowtmr
                0x00008b90                tcp_fasttmr
                0x00008c58                tcp_txnow
                0x00008c90                tcp_process_refused_data
                0x00008d5c                tcp_segs_free
                0x00008d84                tcp_seg_free
                0x00008db4                tcp_setprio
                0x00008dd2                tcp_recv_null
                0x00008f7c                tcp_alloc
                0x0000907c                tcp_new
                0x0000908c                tcp_new_ip_type
                0x000090a8                tcp_arg
                0x000090ca                tcp_recv
                0x000090fc                tcp_sent
                0x0000912c                tcp_err
                0x00009160                tcp_accept
                0x0000918e                tcp_poll
                0x000091c4                tcp_pcb_purge
                0x0000923c                tcp_pcb_remove
                0x00009300                tcp_next_iss
                0x00009330                tcp_eff_send_mss_impl
                0x000093ba                tcp_netif_ip_addr_changed
                0x00009438                tcp_debug_state_str
 .text          0x0000945c     0x1c40 ./lwip/src/core/tcp_in.o
                0x0000945c                tcp_input
                0x0000b07c                tcp_trigger_input_pcb_close
 .text          0x0000b09c     0x170c ./lwip/src/core/tcp_out.o
                0x0000b184                tcp_send_fin
                0x0000b494                tcp_write
                0x0000bb2c                tcp_enqueue_flags
                0x0000bcf8                tcp_send_empty_ack
                0x0000bdd4                tcp_output
                0x0000c2f0                tcp_rst
                0x0000c3e8                tcp_rexmit_rto
                0x0000c466                tcp_rexmit
                0x0000c506                tcp_rexmit_fast
                0x0000c5b4                tcp_keepalive
                0x0000c652                tcp_zero_window_probe
 .text          0x0000c7a8      0x420 ./lwip/src/core/timeouts.o
                0x0000c7f0                tcp_timer_needed
                0x0000c85c                sys_timeouts_init
                0x0000c8ac                sys_timeout
                0x0000c9e4                sys_untimeout
                0x0000cb18                sys_restart_timeouts
                0x0000cb7c                sys_timeouts_mbox_fetch
 .text          0x0000cbc8      0x820 ./lwip/src/core/udp.o
                0x0000cbc8                udp_init
                0x0000ccc0                udp_input
                0x0000ceac                udp_send
                0x0000cedc                udp_sendto
                0x0000cf30                udp_sendto_if
                0x0000cfaa                udp_sendto_if_src
                0x0000d100                udp_bind
                0x0000d1e0                udp_connect
                0x0000d28c                udp_disconnect
                0x0000d2ba                udp_recv
                0x0000d2de                udp_remove
                0x0000d340                udp_new
                0x0000d36e                udp_new_ip_type
                0x0000d388                udp_netif_ip_addr_changed
 .text          0x0000d3e8      0x88c ./lwip/src/api/api_lib.o
                0x0000d428                netconn_new_with_proto_and_callback
                0x0000d4e4                netconn_delete
                0x0000d530                netconn_getaddr
                0x0000d5b4                netconn_bind
                0x0000d614                netconn_connect
                0x0000d674                netconn_disconnect
                0x0000d6b8                netconn_listen_with_backlog
                0x0000d704                netconn_accept
                0x0000d954                netconn_recv_tcp_pbuf
                0x0000d994                netconn_recv
                0x0000da64                netconn_sendto
                0x0000daa8                netconn_send
                0x0000daf0                netconn_write_partly
                0x0000dc18                netconn_close
                0x0000dc32                netconn_shutdown
 .text          0x0000dc74     0x1bec ./lwip/src/api/api_msg.o
                0x0000e380                lwip_netconn_do_newconn
                0x0000e3d8                netconn_alloc
                0x0000e4a4                netconn_free
                0x0000e89c                lwip_netconn_do_delconn
                0x0000ea68                lwip_netconn_do_bind
                0x0000ec4c                lwip_netconn_do_connect
                0x0000ede4                lwip_netconn_do_disconnect
                0x0000ee4e                lwip_netconn_do_listen
                0x0000eff0                lwip_netconn_do_send
                0x0000f0be                lwip_netconn_do_recv
                0x0000f156                lwip_netconn_do_accepted
                0x0000f4d0                lwip_netconn_do_write
                0x0000f608                lwip_netconn_do_getaddr
                0x0000f730                lwip_netconn_do_close
 .text          0x0000f860      0x2f0 ./lwip/src/api/netbuf.o
                0x0000f860                netbuf_new
                0x0000f888                netbuf_delete
                0x0000f8c6                netbuf_alloc
                0x0000f944                netbuf_free
                0x0000f984                netbuf_ref
                0x0000fa08                netbuf_chain
                0x0000fa5c                netbuf_data
                0x0000fad8                netbuf_next
                0x0000fb28                netbuf_first
 .text          0x0000fb50      0x3a4 ./lwip/src/api/tcpip.o
                0x0000fc08                tcpip_inpkt
                0x0000fc7c                tcpip_input
                0x0000fcc0                tcpip_callback_with_block
                0x0000fd40                tcpip_send_msg_wait_sem
                0x0000fd6c                tcpip_api_call
                0x0000fd9c                tcpip_callbackmsg_new
                0x0000fdd4                tcpip_callbackmsg_delete
                0x0000fdec                tcpip_trycallback
                0x0000fe1c                tcpip_init
                0x0000feb2                pbuf_free_callback
                0x0000fed4                mem_free_callback
 .text          0x0000fef4      0x59c ./lwip/port/ethernetif.o
                0x00010300                ethernetif_input
                0x00010444                ethernetif0_init
 .text          0x00010490      0x514 ./lwip/port/sys_arch.o
                0x00010490                sys_assert
                0x000104b0                lwip_rand
                0x000104e4                sys_mbox_new
                0x0001051c                sys_mbox_free
                0x0001055c                sys_mbox_post
                0x00010586                sys_mbox_trypost
                0x0001061c                sys_arch_mbox_fetch
                0x000106cc                sys_arch_mbox_tryfetch
                0x0001070c                sys_sem_new
                0x0001076e                sys_arch_sem_wait
                0x0001080c                sys_mutex_new
                0x0001083c                sys_mutex_lock
                0x00010864                sys_mutex_unlock
                0x00010882                sys_mutex_free
                0x0001089c                sys_sem_signal
                0x000108ba                sys_sem_free
                0x000108d4                sys_init
                0x000108e2                sys_now
                0x000108f0                sys_thread_new
                0x00010934                sys_arch_protect
                0x00010976                sys_arch_unprotect
 .text          0x000109a4      0x1e0 ./lwip/contrib/apps/udpecho.o
                0x000109dc                get_BufferA
                0x000109f8                get_BufferB
                0x00010b5c                udpecho_init
 .text          0x00010b84      0x168 ./freertos/source/list.o
                0x00010b84                vListInitialise
                0x00010bc4                vListInitialiseItem
                0x00010bde                vListInsertEnd
                0x00010c26                vListInsert
                0x00010c98                uxListRemove
 .text          0x00010cec     0x1078 ./freertos/source/queue.o
                0x00010cec                xQueueGenericReset
                0x00010dbc                xQueueGenericCreate
                0x00010ea8                xQueueCreateMutex
                0x00010ed8                xQueueGiveMutexRecursive
                0x00010f3e                xQueueTakeMutexRecursive
                0x00010fac                xQueueCreateCountingSemaphore
                0x0001100e                xQueueGenericSend
                0x00011204                xQueueGenericSendFromISR
                0x0001132c                xQueueGiveFromISR
                0x0001143e                xQueueGenericReceive
                0x00011664                xQueueReceiveFromISR
                0x0001175e                xQueuePeekFromISR
                0x00011828                uxQueueMessagesWaiting
                0x00011862                uxQueueSpacesAvailable
                0x000118a6                uxQueueMessagesWaitingFromISR
                0x000118dc                vQueueDelete
                0x00011916                uxQueueGetQueueNumber
                0x0001192e                vQueueSetQueueNumber
                0x0001194a                ucQueueGetQueueType
                0x00011b54                xQueueIsQueueEmptyFromISR
                0x00011bc6                xQueueIsQueueFullFromISR
                0x00011c0c                vQueueAddToRegistry
                0x00011c5c                pcQueueGetName
                0x00011ca8                vQueueUnregisterQueue
                0x00011cfc                vQueueWaitForMessageRestricted
 .text          0x00011d64     0x214c ./freertos/source/tasks.o
                0x00011d64                xTaskCreate
                0x00011fec                vTaskDelete
                0x00012108                vTaskDelayUntil
                0x000121fc                vTaskDelay
                0x00012264                eTaskGetState
                0x00012314                uxTaskPriorityGet
                0x00012348                uxTaskPriorityGetFromISR
                0x000123a0                vTaskPrioritySet
                0x000124fc                vTaskSuspend
                0x00012680                vTaskResume
                0x00012738                xTaskResumeFromISR
                0x00012818                vTaskStartScheduler
                0x000128b0                vTaskEndScheduler
                0x000128e0                vTaskSuspendAll
                0x000128fc                xTaskResumeAll
                0x00012a34                xTaskGetTickCount
                0x00012a54                xTaskGetTickCountFromISR
                0x00012a78                uxTaskGetNumberOfTasks
                0x00012a90                pcTaskGetName
                0x00012ad8                uxTaskGetSystemState
                0x00012bf4                xTaskIncrementTick
                0x00012d4c                vTaskSwitchContext
                0x00012e00                vTaskPlaceOnEventList
                0x00012e48                vTaskPlaceOnUnorderedEventList
                0x00012ebc                vTaskPlaceOnEventListRestricted
                0x00012f10                xTaskRemoveFromEventList
                0x00012fd4                xTaskRemoveFromUnorderedEventList
                0x000130a0                vTaskSetTimeOutState
                0x000130e8                xTaskCheckForTimeOut
                0x000131a4                vTaskMissedYield
                0x000131bc                uxTaskGetTaskNumber
                0x000131e8                vTaskSetTaskNumber
                0x0001323c                vTaskSetThreadLocalStoragePointer
                0x0001327c                pvTaskGetThreadLocalStoragePointer
                0x000133bc                vTaskGetInfo
                0x000135c0                xTaskGetCurrentTaskHandle
                0x000135e0                xTaskGetSchedulerState
                0x0001361c                vTaskPriorityInherit
                0x00013708                xTaskPriorityDisinherit
                0x00013810                uxTaskResetEventItemValue
                0x00013840                pvTaskIncrementMutexHeldCount
                0x00013868                ulTaskNotifyTake
                0x000138f8                xTaskNotifyWait
                0x000139ac                xTaskGenericNotify
                0x00013aec                xTaskGenericNotifyFromISR
                0x00013c78                vTaskNotifyGiveFromISR
                0x00013d98                xTaskNotifyStateClear
 .text          0x00013eb0      0x89c ./freertos/source/timers.o
                0x00013eb0                xTimerCreateTimerTask
                0x00013f10                xTimerCreate
                0x00013fac                xTimerGenericCommand
                0x00014044                xTimerGetTimerDaemonTaskHandle
                0x0001407c                xTimerGetPeriod
                0x000140b2                xTimerGetExpiryTime
                0x000140ec                pcTimerGetName
                0x000145ec                xTimerIsTimerActive
                0x00014634                pvTimerGetTimerID
                0x00014672                vTimerSetTimerID
                0x000146b0                xTimerPendFunctionCallFromISR
                0x000146f0                xTimerPendFunctionCall
 .text          0x0001474c       0x40 ./freertos/portable/fsl_tickless_systick.o
                0x0001474c                vPortSetupTimerInterrupt
 .text          0x0001478c      0x3ec ./freertos/portable/heap_4.o
                0x0001478c                pvPortMalloc
                0x00014910                vPortFree
                0x000149c0                xPortGetFreeHeapSize
                0x000149d8                xPortGetMinimumEverFreeHeapSize
                0x000149f0                vPortInitialiseBlocks
 *fill*         0x00014b78        0x8 ff
 .text          0x00014b80      0x41c ./freertos/portable/port.o
                0x00014b80                pxPortInitialiseStack
                0x00014c24                SVC_Handler
                0x00014c62                xPortStartScheduler
                0x00014d7c                vPortEndScheduler
                0x00014db0                vPortEnterCritical
                0x00014e0c                vPortExitCritical
                0x00014e5c                PendSV_Handler
                0x00014ec6                SysTick_Handler
                0x00014f18                vPortValidateInterruptPriority
 .text          0x00014f9c     0x1aa8 ./drivers/fsl_clock.o
                0x000150dc                CLOCK_FllStableDelay
                0x00015304                CLOCK_GetOsc0ErClkFreq
                0x0001533c                CLOCK_GetEr32kClkFreq
                0x000153ac                CLOCK_GetPllFllSelClkFreq
                0x00015400                CLOCK_GetPlatClkFreq
                0x00015428                CLOCK_GetFlashClkFreq
                0x00015450                CLOCK_GetFlexBusClkFreq
                0x00015478                CLOCK_GetBusClkFreq
                0x000154a0                CLOCK_GetCoreSysClkFreq
                0x000154c8                CLOCK_GetFreq
                0x00015610                CLOCK_SetSimConfig
                0x00015648                CLOCK_EnableUsbfs0Clock
                0x00015748                CLOCK_GetOutClkFreq
                0x000157ac                CLOCK_GetFllFreq
                0x00015828                CLOCK_GetInternalRefClkFreq
                0x0001584c                CLOCK_GetFixedFreqClkFreq
                0x0001587a                CLOCK_GetPll0Freq
                0x000158e0                CLOCK_SetExternalRefClkConfig
                0x0001594c                CLOCK_SetInternalRefClkConfig
                0x00015a50                CLOCK_CalcPllDiv
                0x00015bbc                CLOCK_EnablePll0
                0x00015c40                CLOCK_SetOsc0MonitorMode
                0x00015cbc                CLOCK_SetRtcOscMonitorMode
                0x00015d08                CLOCK_SetPll0MonitorMode
                0x00015d7c                CLOCK_GetStatusFlags
                0x00015e00                CLOCK_ClearStatusFlags
                0x00015e58                CLOCK_InitOsc0
                0x00015ee4                CLOCK_DeinitOsc0
                0x00015f10                CLOCK_TrimInternalRefClk
                0x00016048                CLOCK_GetMode
                0x00016104                CLOCK_SetFeiMode
                0x000161c4                CLOCK_SetFeeMode
                0x000162d0                CLOCK_SetFbiMode
                0x000163a0                CLOCK_SetFbeMode
                0x000164cc                CLOCK_SetBlpiMode
                0x000164f0                CLOCK_SetBlpeMode
                0x00016514                CLOCK_SetPbeMode
                0x000165bc                CLOCK_SetPeeMode
                0x000165f4                CLOCK_ExternalModeToFbeModeQuick
                0x00016660                CLOCK_InternalModeToFbiModeQuick
                0x000166ac                CLOCK_BootToFeiMode
                0x000166d2                CLOCK_BootToFeeMode
                0x0001670e                CLOCK_BootToBlpiMode
                0x00016774                CLOCK_BootToBlpeMode
                0x000167f8                CLOCK_BootToPeeMode
                0x0001685c                CLOCK_SetMcgConfig
 .text          0x00016a44      0x40c ./drivers/fsl_dac.o
                0x00016b44                DAC_Init
                0x00016bb4                DAC_Deinit
                0x00016be4                DAC_GetDefaultConfig
                0x00016c10                DAC_SetBufferConfig
                0x00016cbc                DAC_GetDefaultBufferConfig
                0x00016cf4                DAC_SetBufferValue
                0x00016d44                DAC_SetBufferReadPointer
                0x00016d8c                DAC_EnableBufferInterrupts
                0x00016dc0                DAC_DisableBufferInterrupts
                0x00016df8                DAC_GetBufferStatusFlags
                0x00016e18                DAC_ClearBufferStatusFlags
 .text          0x00016e50     0x1580 ./drivers/fsl_enet.o
                0x00016fc6                ENET_GetInstance
                0x0001700c                ENET_GetDefaultConfig
                0x00017058                ENET_Init
                0x0001715c                ENET_Deinit
                0x00017190                ENET_SetCallback
                0x00017778                ENET_SetMII
                0x000177f4                ENET_SetMacAddr
                0x00017852                ENET_GetMacAddr
                0x000178cc                ENET_SetSMI
                0x00017958                ENET_StartSMIWrite
                0x000179a8                ENET_StartSMIRead
                0x000179f2                ENET_GetRxErrBeforeReadFrame
                0x00017ae4                ENET_GetRxFrameSize
                0x00017bc8                ENET_ReadFrame
                0x00017dd8                ENET_SendFrame
                0x00017f88                ENET_AddMulticastGroup
                0x0001805c                ENET_LeaveMulticastGroup
                0x00018134                ENET_TransmitIRQHandler
                0x00018188                ENET_ReceiveIRQHandler
                0x000181dc                ENET_ErrorIRQHandler
                0x00018268                ENET_CommonFrame0IRQHandler
                0x00018314                ENET_Transmit_IRQHandler
                0x0001833c                ENET_Receive_IRQHandler
                0x00018364                ENET_Error_IRQHandler
                0x0001838c                ENET_1588_Timer_IRQHandler
                0x000183b4                ENET_DriverIRQHandler
 .text          0x000183d0     0x146c ./drivers/fsl_flash.o
                0x000183d0                FLASH_Init
                0x00018490                FLASH_PrepareExecuteInRamFunctions
                0x000184d4                FLASH_EraseAll
                0x00018528                FLASH_Erase
                0x000185fc                FLASH_EraseAllExecuteOnlySegments
                0x00018650                FLASH_Program
                0x00018720                FLASH_ProgramOnce
                0x0001878c                FLASH_ProgramSection
                0x000188d8                FLASH_ReadResource
                0x000189b0                FLASH_ReadOnce
                0x00018a10                FLASH_GetSecurityState
                0x00018a78                FLASH_SecurityBypass
                0x00018b1c                FLASH_VerifyEraseAll
                0x00018b58                FLASH_VerifyErase
                0x00018c48                FLASH_VerifyProgram
                0x00018d10                FLASH_VerifyEraseAllExecuteOnlySegments
                0x00018d4c                FLASH_IsProtected
                0x00018f98                FLASH_IsExecuteOnly
                0x00018fd8                FLASH_GetProperty
                0x000190aa                FLASH_SetProperty
                0x000190e8                FLASH_SwapControl
                0x000191a0                FLASH_Swap
                0x000192bc                FLASH_PflashSetProtection
                0x000192fc                FLASH_PflashGetProtection
                0x00019330                FLASH_PflashSetPrefetchSpeculation
                0x000193b0                FLASH_PflashGetPrefetchSpeculation
                0x000194d0                fmc_flash_cache_clear
                0x00019500                fmc_flash_prefetch_speculation_clear
                0x00019530                flash_cache_clear
 .text          0x0001983c      0x148 ./drivers/fsl_pit.o
                0x000198f0                PIT_Init
                0x00019954                PIT_Deinit
 .text          0x00019984      0x394 ./drivers/fsl_smc.o
                0x000199c2                SMC_PreEnterStopModes
                0x000199f4                SMC_PostExitStopModes
                0x00019a24                SMC_PreEnterWaitModes
                0x00019a40                SMC_PostExitWaitModes
                0x00019a5c                SMC_SetPowerModeRun
                0x00019a86                SMC_SetPowerModeWait
                0x00019ab8                SMC_SetPowerModeStop
                0x00019b18                SMC_SetPowerModeVlpr
                0x00019b66                SMC_SetPowerModeVlpw
                0x00019b98                SMC_SetPowerModeVlps
                0x00019bfc                SMC_SetPowerModeLls
                0x00019c60                SMC_SetPowerModeVlls
 .text          0x00019d18     0x152c ./drivers/fsl_uart.o
                0x00019dee                UART_GetInstance
                0x00019e40                UART_TransferGetRxRingBufferLength
                0x00019ee0                UART_Init
                0x0001a1b8                UART_Deinit
                0x0001a204                UART_GetDefaultConfig
                0x0001a264                UART_SetBaudRate
                0x0001a36c                UART_EnableInterrupts
                0x0001a3dc                UART_DisableInterrupts
                0x0001a45c                UART_GetEnabledInterrupts
                0x0001a4a8                UART_GetStatusFlags
                0x0001a4ee                UART_ClearStatusFlags
                0x0001a57a                UART_WriteBlocking
                0x0001a5fc                UART_ReadBlocking
                0x0001a6d4                UART_TransferCreateHandle
                0x0001a758                UART_TransferStartRingBuffer
                0x0001a7cc                UART_TransferStopRingBuffer
                0x0001a838                UART_TransferSendNonBlocking
                0x0001a8d4                UART_TransferAbortSend
                0x0001a910                UART_TransferGetSendCount
                0x0001a964                UART_TransferReceiveNonBlocking
                0x0001ab14                UART_TransferAbortReceive
                0x0001ab70                UART_TransferGetReceiveCount
                0x0001abd0                UART_TransferHandleIRQ
                0x0001b0e0                UART_TransferHandleErrorIRQ
                0x0001b0f6                UART0_DriverIRQHandler
                0x0001b11c                UART0_RX_TX_DriverIRQHandler
                0x0001b12c                UART1_DriverIRQHandler
                0x0001b154                UART1_RX_TX_DriverIRQHandler
                0x0001b164                UART2_DriverIRQHandler
                0x0001b18c                UART2_RX_TX_DriverIRQHandler
                0x0001b19c                UART3_DriverIRQHandler
                0x0001b1c4                UART3_RX_TX_DriverIRQHandler
                0x0001b1d4                UART4_DriverIRQHandler
                0x0001b1fc                UART4_RX_TX_DriverIRQHandler
                0x0001b20c                UART5_DriverIRQHandler
                0x0001b234                UART5_RX_TX_DriverIRQHandler
 .text          0x0001b244       0x28 ./board/board.o
                0x0001b244                BOARD_InitDebugConsole
 .text          0x0001b26c      0x168 ./board/clock_config.o
                0x0001b320                BOARD_BootClockRUN
                0x0001b380                BOARD_BootClockVLPR
 .text          0x0001b3d4      0x46c ./board/fsl_phy.o
                0x0001b458                PHY_Init
                0x0001b584                PHY_Write
                0x0001b5f4                PHY_Read
                0x0001b67c                PHY_EnableLoopback
                0x0001b75e                PHY_GetLinkStatus
                0x0001b7b8                PHY_GetLinkSpeedDuplex
 .text          0x0001b840      0x1a8 ./board/pin_mux.o
                0x0001b8e6                BOARD_InitPins
 .text          0x0001b9e8      0x2b8 ./CMSIS/system_MK64F12.o
                0x0001b9e8                SystemInit
                0x0001ba28                SystemCoreClockUpdate
 .text.__main   0x0001bca0        0xe c:/nxp/mcuxpressoide_10.1.1_606/ide/tools/bin/../lib/gcc/arm-none-eabi/6.3.1/../../../../arm-none-eabi/lib/thumb/v7e-m/fpv4-sp/hard\libcr_semihost_nf.a(_cr__main.o)
                0x0001bca0                __CR_SEMIHOST
                0x0001bca0                __main
 *fill*         0x0001bcae        0x2 ff
 .text.__assertion_failed
                0x0001bcb0       0x4c c:/nxp/mcuxpressoide_10.1.1_606/ide/tools/bin/../lib/gcc/arm-none-eabi/6.3.1/../../../../arm-none-eabi/lib/thumb/v7e-m/fpv4-sp/hard\libcr_semihost_nf.a(_cr_assert.o)
                0x0001bcb0                __assertion_failed
 .text.__sys_appexit
                0x0001bcfc        0xc c:/nxp/mcuxpressoide_10.1.1_606/ide/tools/bin/../lib/gcc/arm-none-eabi/6.3.1/../../../../arm-none-eabi/lib/thumb/v7e-m/fpv4-sp/hard\libcr_semihost_nf.a(__sys_appexit.o)
                0x0001bcfc                __sys_appexit
                0x0001bcfc                __exit
 .text.memcpy   0x0001bd08        0x4 c:/nxp/mcuxpressoide_10.1.1_606/ide/tools/bin/../lib/gcc/arm-none-eabi/6.3.1/../../../../arm-none-eabi/lib/thumb/v7e-m/fpv4-sp/hard\libcr_c.a(memcpy.o)
                0x0001bd08                memcpy
 .text.memset   0x0001bd0c        0x4 c:/nxp/mcuxpressoide_10.1.1_606/ide/tools/bin/../lib/gcc/arm-none-eabi/6.3.1/../../../../arm-none-eabi/lib/thumb/v7e-m/fpv4-sp/hard\libcr_c.a(memset.o)
                0x0001bd0c                memset
 .text._deferredlazyseek
                0x0001bd10       0x40 c:/nxp/mcuxpressoide_10.1.1_606/ide/tools/bin/../lib/gcc/arm-none-eabi/6.3.1/../../../../arm-none-eabi/lib/thumb/v7e-m/fpv4-sp/hard\libcr_c.a(_deferredlazyseek.o)
                0x0001bd10                _deferredlazyseek
 .text.__flsbuf
                0x0001bd50      0x148 c:/nxp/mcuxpressoide_10.1.1_606/ide/tools/bin/../lib/gcc/arm-none-eabi/6.3.1/../../../../arm-none-eabi/lib/thumb/v7e-m/fpv4-sp/hard\libcr_c.a(_deferredlazyseek.o)
                0x0001bd50                __flsbuf
 .text._fflush  0x0001be98       0x54 c:/nxp/mcuxpressoide_10.1.1_606/ide/tools/bin/../lib/gcc/arm-none-eabi/6.3.1/../../../../arm-none-eabi/lib/thumb/v7e-m/fpv4-sp/hard\libcr_c.a(_fflush.o)
                0x0001be98                _fflush
 .text._Cwritebuf
                0x0001beec       0x6c c:/nxp/mcuxpressoide_10.1.1_606/ide/tools/bin/../lib/gcc/arm-none-eabi/6.3.1/../../../../arm-none-eabi/lib/thumb/v7e-m/fpv4-sp/hard\libcr_c.a(_writebuf.o)
                0x0001beec                _Cwritebuf
 .text.malloc   0x0001bf58       0xc4 c:/nxp/mcuxpressoide_10.1.1_606/ide/tools/bin/../lib/gcc/arm-none-eabi/6.3.1/../../../../arm-none-eabi/lib/thumb/v7e-m/fpv4-sp/hard\libcr_c.a(alloc.o)
                0x0001bf58                malloc
 .text.free     0x0001c01c       0x30 c:/nxp/mcuxpressoide_10.1.1_606/ide/tools/bin/../lib/gcc/arm-none-eabi/6.3.1/../../../../arm-none-eabi/lib/thumb/v7e-m/fpv4-sp/hard\libcr_c.a(alloc.o)
                0x0001c01c                free
 .text._Csys_alloc
                0x0001c04c       0x20 c:/nxp/mcuxpressoide_10.1.1_606/ide/tools/bin/../lib/gcc/arm-none-eabi/6.3.1/../../../../arm-none-eabi/lib/thumb/v7e-m/fpv4-sp/hard\libcr_c.a(alloc.o)
                0x0001c04c                _Csys_alloc
 .text.fputs    0x0001c06c       0x2c c:/nxp/mcuxpressoide_10.1.1_606/ide/tools/bin/../lib/gcc/arm-none-eabi/6.3.1/../../../../arm-none-eabi/lib/thumb/v7e-m/fpv4-sp/hard\libcr_c.a(fputs.o)
                0x0001c06c                fputs
 .text.fseek    0x0001c098      0x100 c:/nxp/mcuxpressoide_10.1.1_606/ide/tools/bin/../lib/gcc/arm-none-eabi/6.3.1/../../../../arm-none-eabi/lib/thumb/v7e-m/fpv4-sp/hard\libcr_c.a(fseek.o)
                0x0001c098                fseek
 .text.ftell    0x0001c198       0x48 c:/nxp/mcuxpressoide_10.1.1_606/ide/tools/bin/../lib/gcc/arm-none-eabi/6.3.1/../../../../arm-none-eabi/lib/thumb/v7e-m/fpv4-sp/hard\libcr_c.a(ftell.o)
                0x0001c198                ftell
 .text._initio  0x0001c1e0       0x78 c:/nxp/mcuxpressoide_10.1.1_606/ide/tools/bin/../lib/gcc/arm-none-eabi/6.3.1/../../../../arm-none-eabi/lib/thumb/v7e-m/fpv4-sp/hard\libcr_c.a(initio.o)
                0x0001c1e0                _initio
 .text.memcmp   0x0001c258       0x44 c:/nxp/mcuxpressoide_10.1.1_606/ide/tools/bin/../lib/gcc/arm-none-eabi/6.3.1/../../../../arm-none-eabi/lib/thumb/v7e-m/fpv4-sp/hard\libcr_c.a(memcmp.o)
                0x0001c258                memcmp
 .text.no_fp_display
                0x0001c29c        0x4 c:/nxp/mcuxpressoide_10.1.1_606/ide/tools/bin/../lib/gcc/arm-none-eabi/6.3.1/../../../../arm-none-eabi/lib/thumb/v7e-m/fpv4-sp/hard\libcr_c.a(printf.o)
 .text.__vfprintf
                0x0001c2a0      0xb7c c:/nxp/mcuxpressoide_10.1.1_606/ide/tools/bin/../lib/gcc/arm-none-eabi/6.3.1/../../../../arm-none-eabi/lib/thumb/v7e-m/fpv4-sp/hard\libcr_c.a(printf.o)
                0x0001c2a0                __vfprintf
 .text._vsnprintf
                0x0001ce1c       0x5c c:/nxp/mcuxpressoide_10.1.1_606/ide/tools/bin/../lib/gcc/arm-none-eabi/6.3.1/../../../../arm-none-eabi/lib/thumb/v7e-m/fpv4-sp/hard\libcr_c.a(printf.o)
                0x0001ce1c                _vsnprintf
 .text._printf  0x0001ce78       0x54 c:/nxp/mcuxpressoide_10.1.1_606/ide/tools/bin/../lib/gcc/arm-none-eabi/6.3.1/../../../../arm-none-eabi/lib/thumb/v7e-m/fpv4-sp/hard\libcr_c.a(printf.o)
                0x0001ce78                _printf
 .text.setvbuf  0x0001cecc       0x40 c:/nxp/mcuxpressoide_10.1.1_606/ide/tools/bin/../lib/gcc/arm-none-eabi/6.3.1/../../../../arm-none-eabi/lib/thumb/v7e-m/fpv4-sp/hard\libcr_c.a(setvbuf.o)
                0x0001cecc                setvbuf
 .text.strlen   0x0001cf0c       0x4a c:/nxp/mcuxpressoide_10.1.1_606/ide/tools/bin/../lib/gcc/arm-none-eabi/6.3.1/../../../../arm-none-eabi/lib/thumb/v7e-m/fpv4-sp/hard\libcr_c.a(strlen.o)
                0x0001cf0c                strlen
 .text.strncmp  0x0001cf56       0x54 c:/nxp/mcuxpressoide_10.1.1_606/ide/tools/bin/../lib/gcc/arm-none-eabi/6.3.1/../../../../arm-none-eabi/lib/thumb/v7e-m/fpv4-sp/hard\libcr_c.a(strncmp.o)
                0x0001cf56                strncmp
 *fill*         0x0001cfaa        0x2 ff
 .text._sbrk    0x0001cfac       0x3c c:/nxp/mcuxpressoide_10.1.1_606/ide/tools/bin/../lib/gcc/arm-none-eabi/6.3.1/../../../../arm-none-eabi/lib/thumb/v7e-m/fpv4-sp/hard\libcr_c.a(_cr_sbrk.o)
                0x0001cfac                _sbrk
 .text._fdopen  0x0001cfe8       0x68 c:/nxp/mcuxpressoide_10.1.1_606/ide/tools/bin/../lib/gcc/arm-none-eabi/6.3.1/../../../../arm-none-eabi/lib/thumb/v7e-m/fpv4-sp/hard\libcr_c.a(_fdopen.o)
                0x0001cfe8                _fdopen
 .text.fclose   0x0001d050       0x58 c:/nxp/mcuxpressoide_10.1.1_606/ide/tools/bin/../lib/gcc/arm-none-eabi/6.3.1/../../../../arm-none-eabi/lib/thumb/v7e-m/fpv4-sp/hard\libcr_c.a(fclose.o)
                0x0001d050                fclose
 .text.fflush   0x0001d0a8       0x44 c:/nxp/mcuxpressoide_10.1.1_606/ide/tools/bin/../lib/gcc/arm-none-eabi/6.3.1/../../../../arm-none-eabi/lib/thumb/v7e-m/fpv4-sp/hard\libcr_c.a(fflush.o)
                0x0001d0a8                fflush
 .text.remove   0x0001d0ec       0x14 c:/nxp/mcuxpressoide_10.1.1_606/ide/tools/bin/../lib/gcc/arm-none-eabi/6.3.1/../../../../arm-none-eabi/lib/thumb/v7e-m/fpv4-sp/hard\libcr_c.a(remove.o)
                0x0001d0ec                remove
 .text.__check_heap_overflow
                0x0001d100       0x18 c:/nxp/mcuxpressoide_10.1.1_606/ide/tools/bin/../lib/gcc/arm-none-eabi/6.3.1/../../../../arm-none-eabi/lib/thumb/v7e-m/fpv4-sp/hard\libcr_c.a(_cr_check_heap.o)
                0x0001d100                __check_heap_overflow
 .text._do_fflush
                0x0001d118       0x40 c:/nxp/mcuxpressoide_10.1.1_606/ide/tools/bin/../lib/gcc/arm-none-eabi/6.3.1/../../../../arm-none-eabi/lib/thumb/v7e-m/fpv4-sp/hard\libcr_c.a(_do_fflush.o)
                0x0001d118                _do_fflush
 .text.__aeabi_division_uldivmod
                0x0001d158      0x174 c:/nxp/mcuxpressoide_10.1.1_606/ide/tools/bin/../lib/gcc/arm-none-eabi/6.3.1/thumb/v7e-m/fpv4-sp/hard\libcr_eabihelpers.a(division_64.o)
                0x0001d158                __aeabi_uldivmod
                0x0001d15c                __bhs_ldivmod1
 .text.__aeabi_division_idiv0
                0x0001d2cc        0x2 c:/nxp/mcuxpressoide_10.1.1_606/ide/tools/bin/../lib/gcc/arm-none-eabi/6.3.1/thumb/v7e-m/fpv4-sp/hard\libcr_eabihelpers.a(division_idiv0.o)
                0x0001d2cc                __aeabi_idiv0
 .text.__aeabi_memcpy
                0x0001d2ce       0x34 c:/nxp/mcuxpressoide_10.1.1_606/ide/tools/bin/../lib/gcc/arm-none-eabi/6.3.1/thumb/v7e-m/fpv4-sp/hard\libcr_eabihelpers.a(memcpy.o)
                0x0001d2ce                __aeabi_memcpy
                0x0001d2d8                __aeabi_memcpy8
                0x0001d2d8                __aeabi_memcpy4
 .text.__aeabi_memset_lowlevel
                0x0001d302       0x32 c:/nxp/mcuxpressoide_10.1.1_606/ide/tools/bin/../lib/gcc/arm-none-eabi/6.3.1/thumb/v7e-m/fpv4-sp/hard\libcr_eabihelpers.a(memcpy.o)
                0x0001d302                __aeabi_lowlevel_memset
 .text.__sys_close
                0x0001d334        0xc c:/nxp/mcuxpressoide_10.1.1_606/ide/tools/bin/../lib/gcc/arm-none-eabi/6.3.1/../../../../arm-none-eabi/lib/thumb/v7e-m/fpv4-sp/hard\libcr_semihost_nf.a(__sys_close.o)
                0x0001d334                __sys_close
 .text.__sys_flen
                0x0001d340        0xc c:/nxp/mcuxpressoide_10.1.1_606/ide/tools/bin/../lib/gcc/arm-none-eabi/6.3.1/../../../../arm-none-eabi/lib/thumb/v7e-m/fpv4-sp/hard\libcr_semihost_nf.a(__sys_flen.o)
                0x0001d340                __sys_flen
 .text.__sys_istty
                0x0001d34c        0xc c:/nxp/mcuxpressoide_10.1.1_606/ide/tools/bin/../lib/gcc/arm-none-eabi/6.3.1/../../../../arm-none-eabi/lib/thumb/v7e-m/fpv4-sp/hard\libcr_semihost_nf.a(__sys_istty.o)
                0x0001d34c                __sys_istty
 .text.__sys_remove
                0x0001d358        0xc c:/nxp/mcuxpressoide_10.1.1_606/ide/tools/bin/../lib/gcc/arm-none-eabi/6.3.1/../../../../arm-none-eabi/lib/thumb/v7e-m/fpv4-sp/hard\libcr_semihost_nf.a(__sys_remove.o)
                0x0001d358                __sys_remove
 .text.__sys_seek
                0x0001d364        0xc c:/nxp/mcuxpressoide_10.1.1_606/ide/tools/bin/../lib/gcc/arm-none-eabi/6.3.1/../../../../arm-none-eabi/lib/thumb/v7e-m/fpv4-sp/hard\libcr_semihost_nf.a(__sys_seek.o)
                0x0001d364                __sys_seek
 .text.__sys_tmpnam
                0x0001d370        0xc c:/nxp/mcuxpressoide_10.1.1_606/ide/tools/bin/../lib/gcc/arm-none-eabi/6.3.1/../../../../arm-none-eabi/lib/thumb/v7e-m/fpv4-sp/hard\libcr_semihost_nf.a(__sys_tmpnam.o)
                0x0001d370                __sys_tmpnam
 .text.__sys_write
                0x0001d37c        0xc c:/nxp/mcuxpressoide_10.1.1_606/ide/tools/bin/../lib/gcc/arm-none-eabi/6.3.1/../../../../arm-none-eabi/lib/thumb/v7e-m/fpv4-sp/hard\libcr_semihost_nf.a(__sys_write.o)
                0x0001d37c                __sys_write
 *(.rodata .rodata.* .constdata .constdata.*)
 .rodata        0x0001d388       0x50 ./utilities/fsl_debug_console.o
 .rodata        0x0001d3d8       0x27 ./utilities/fsl_io.o
 *fill*         0x0001d3ff        0x1 ff
 .rodata        0x0001d400       0x80 ./utilities/fsl_log.o
 .rodata        0x0001d480       0x37 ./source/DAC_tasks.o
 *fill*         0x0001d4b7        0x1 ff
 .rodata        0x0001d4b8      0x11e ./source/lwip_udpecho_freertos.o
 *fill*         0x0001d5d6        0x2 ff
 .rodata        0x0001d5d8       0x41 ./lwip/src/netif/ethernet.o
                0x0001d5d8                ethbroadcast
                0x0001d5e0                ethzero
 *fill*         0x0001d619        0x3 ff
 .rodata        0x0001d61c      0x49f ./lwip/src/core/ipv4/dhcp.o
 *fill*         0x0001dabb        0x1 ff
 .rodata        0x0001dabc      0x205 ./lwip/src/core/ipv4/etharp.o
 *fill*         0x0001dcc1        0x3 ff
 .rodata        0x0001dcc4       0x98 ./lwip/src/core/ipv4/icmp.o
 .rodata        0x0001dd5c       0x39 ./lwip/src/core/ipv4/ip4.o
 *fill*         0x0001dd95        0x3 ff
 .rodata        0x0001dd98       0x12 ./lwip/src/core/ipv4/ip4_addr.o
                0x0001dd98                ip_addr_any
                0x0001dd9c                ip_addr_broadcast
 *fill*         0x0001ddaa        0x2 ff
 .rodata        0x0001ddac      0x1bc ./lwip/src/core/ipv4/ip4_frag.o
 .rodata        0x0001df68       0x48 ./lwip/src/core/def.o
 .rodata        0x0001dfb0        0xa ./lwip/src/core/inet_chksum.o
 *fill*         0x0001dfba        0x2 ff
 .rodata        0x0001dfbc      0x1bf ./lwip/src/core/mem.o
 *fill*         0x0001e17b        0x1 ff
 .rodata        0x0001e17c      0x22f ./lwip/src/core/memp.o
                0x0001e184                memp_UDP_PCB
                0x0001e19c                memp_TCP_PCB
                0x0001e1bc                memp_TCP_PCB_LISTEN
                0x0001e1d4                memp_TCP_SEG
                0x0001e1f0                memp_REASSDATA
                0x0001e20c                memp_FRAG_PBUF
                0x0001e224                memp_NETBUF
                0x0001e23c                memp_NETCONN
                0x0001e25c                memp_TCPIP_MSG_API
                0x0001e27c                memp_TCPIP_MSG_INPKT
                0x0001e298                memp_SYS_TIMEOUT
                0x0001e2b8                memp_PBUF
                0x0001e2d4                memp_PBUF_POOL
                0x0001e2e4                memp_pools
 *fill*         0x0001e3ab        0x1 ff
 .rodata        0x0001e3ac       0x17 ./lwip/src/core/netif.o
 *fill*         0x0001e3c3        0x1 ff
 .rodata        0x0001e3c4      0x4b1 ./lwip/src/core/pbuf.o
 *fill*         0x0001e875        0x3 ff
 .rodata        0x0001e878      0x4a5 ./lwip/src/core/tcp.o
                0x0001e934                tcp_pcb_lists
 *fill*         0x0001ed1d        0x3 ff
 .rodata        0x0001ed20      0x2c7 ./lwip/src/core/tcp_in.o
 *fill*         0x0001efe7        0x1 ff
 .rodata        0x0001efe8      0x443 ./lwip/src/core/tcp_out.o
 *fill*         0x0001f42b        0x1 ff
 .rodata        0x0001f42c       0x65 ./lwip/src/core/timeouts.o
                0x0001f42c                lwip_cyclic_timers
 *fill*         0x0001f491        0x3 ff
 .rodata        0x0001f494       0x42 ./lwip/src/core/udp.o
 *fill*         0x0001f4d6        0x2 ff
 .rodata        0x0001f4d8      0x288 ./lwip/src/api/api_lib.o
 .rodata        0x0001f760      0x499 ./lwip/src/api/api_msg.o
 *fill*         0x0001fbf9        0x3 ff
 .rodata        0x0001fbfc      0x13a ./lwip/src/api/netbuf.o
 *fill*         0x0001fd36        0x2 ff
 .rodata        0x0001fd38       0x85 ./lwip/src/api/tcpip.o
 *fill*         0x0001fdbd        0x3 ff
 .rodata        0x0001fdc0       0x7d ./lwip/port/ethernetif.o
 *fill*         0x0001fe3d        0x3 ff
 .rodata        0x0001fe40        0x3 ./lwip/port/sys_arch.o
 *fill*         0x0001fe43        0x1 ff
 .rodata        0x0001fe44       0x27 ./lwip/contrib/apps/udpecho.o
 *fill*         0x0001fe6b        0x1 ff
 .rodata        0x0001fe6c        0x5 ./freertos/source/tasks.o
 *fill*         0x0001fe71        0x3 ff
 .rodata        0x0001fe74        0xd ./freertos/source/timers.o
 *fill*         0x0001fe81        0x3 ff
 .rodata        0x0001fe84      0x1ac ./drivers/fsl_clock.o
 .rodata        0x00020030      0x162 ./drivers/fsl_dac.o
 *fill*         0x00020192        0x2 ff
 .rodata        0x00020194      0x63c ./drivers/fsl_enet.o
                0x00020194                s_enetClock
 .rodata        0x000207d0       0x4e ./drivers/fsl_flash.o
                0x000207d0                kFCCOBx
                0x000207d4                kFPROTL
                0x00020800                kPFlashDensities
 *fill*         0x0002081e        0x2 ff
 .rodata        0x00020820       0x65 ./drivers/fsl_pit.o
 *fill*         0x00020885        0x3 ff
 .rodata        0x00020888        0x2 ./drivers/fsl_smc.o
 *fill*         0x0002088a        0x2 ff
 .rodata        0x0002088c      0x54b ./drivers/fsl_uart.o
 *fill*         0x00020dd7        0x1 ff
 .rodata        0x00020dd8       0x38 ./board/clock_config.o
                0x00020dd8                mcgConfig_BOARD_BootClockRUN
                0x00020de4                simConfig_BOARD_BootClockRUN
                0x00020dec                oscConfig_BOARD_BootClockRUN
                0x00020df4                mcgConfig_BOARD_BootClockVLPR
                0x00020e00                simConfig_BOARD_BootClockVLPR
                0x00020e08                oscConfig_BOARD_BootClockVLPR
 .rodata        0x00020e10       0x64 ./board/fsl_phy.o
 .rodata        0x00020e74       0x38 ./board/pin_mux.o
 .rodata.__assertion_failed.str1.1
                0x00020eac       0x15 c:/nxp/mcuxpressoide_10.1.1_606/ide/tools/bin/../lib/gcc/arm-none-eabi/6.3.1/../../../../arm-none-eabi/lib/thumb/v7e-m/fpv4-sp/hard\libcr_semihost_nf.a(_cr_assert.o)
 *fill*         0x00020ec1        0x3 ff
 .rodata.__num_Ciob_streams
                0x00020ec4        0x4 c:/nxp/mcuxpressoide_10.1.1_606/ide/tools/bin/../lib/gcc/arm-none-eabi/6.3.1/../../../../arm-none-eabi/lib/thumb/v7e-m/fpv4-sp/hard\libcr_semihost_nf.a(__ciob.o)
                0x00020ec4                __num_Ciob_streams
 .rodata._Csys_alloc.str1.1
                0x00020ec8       0x18 c:/nxp/mcuxpressoide_10.1.1_606/ide/tools/bin/../lib/gcc/arm-none-eabi/6.3.1/../../../../arm-none-eabi/lib/thumb/v7e-m/fpv4-sp/hard\libcr_c.a(alloc.o)
 .rodata._initio.str1.1
                0x00020ee0        0x4 c:/nxp/mcuxpressoide_10.1.1_606/ide/tools/bin/../lib/gcc/arm-none-eabi/6.3.1/../../../../arm-none-eabi/lib/thumb/v7e-m/fpv4-sp/hard\libcr_c.a(initio.o)
 .rodata.__vfprintf.str1.1
                0x00020ee4       0x35 c:/nxp/mcuxpressoide_10.1.1_606/ide/tools/bin/../lib/gcc/arm-none-eabi/6.3.1/../../../../arm-none-eabi/lib/thumb/v7e-m/fpv4-sp/hard\libcr_c.a(printf.o)
                                 0x38 (size before relaxing)
                0x00020f1c                . = ALIGN (0x4)
 *fill*         0x00020f19        0x3 ff

.glue_7         0x00020f1c        0x0
 .glue_7        0x00020f1c        0x0 linker stubs

.glue_7t        0x00020f1c        0x0
 .glue_7t       0x00020f1c        0x0 linker stubs

.vfp11_veneer   0x00020f1c        0x0
 .vfp11_veneer  0x00020f1c        0x0 linker stubs

.v4_bx          0x00020f1c        0x0
 .v4_bx         0x00020f1c        0x0 linker stubs

.iplt           0x00020f1c        0x0
 .iplt          0x00020f1c        0x0 ./utilities/fsl_debug_console.o

.rel.dyn        0x00020f1c        0x0
 .rel.iplt      0x00020f1c        0x0 ./utilities/fsl_debug_console.o

.ARM.extab
 *(.ARM.extab* .gnu.linkonce.armextab.*)
                0x00020f1c                __exidx_start = .

.ARM.exidx
 *(.ARM.exidx* .gnu.linkonce.armexidx.*)
                0x00020f1c                __exidx_end = .
                0x00020f1c                _etext = .

.m_usb_data
 *(m_usb_bdt)

.data_RAM2      0x1fff0000        0x0 load address 0x00020f1c
 FILL mask 0xff
                [!provide]                PROVIDE (__start_data_RAM2, .)
 *(.ramfunc.$RAM2)
 *(.ramfunc.$SRAM_LOWER)
 *(.data.$RAM2*)
 *(.data.$SRAM_LOWER*)
                0x1fff0000                . = ALIGN (0x4)
                [!provide]                PROVIDE (__end_data_RAM2, .)

.data_RAM3      0x14000000        0x0 load address 0x00020f1c
 FILL mask 0xff
                [!provide]                PROVIDE (__start_data_RAM3, .)
 *(.ramfunc.$RAM3)
 *(.ramfunc.$FLEX_RAM)
 *(.data.$RAM3*)
 *(.data.$FLEX_RAM*)
                0x14000000                . = ALIGN (0x4)
                [!provide]                PROVIDE (__end_data_RAM3, .)

.uninit_RESERVED
                0x20000000        0x0
 *(.bss.$RESERVED*)
                0x20000000                . = ALIGN (0x4)
                0x20000000                _end_uninit_RESERVED = .

.data           0x20000000       0x24 load address 0x00020f1c
 FILL mask 0xff
                0x20000000                _data = .
 *(vtable)
 *(.ramfunc*)
 *(.data*)
 .data          0x20000000        0x8 ./lwip/src/core/ipv4/dhcp.o
 .data          0x20000008        0x8 ./lwip/src/core/tcp.o
 .data          0x20000010        0x2 ./lwip/src/core/udp.o
 *fill*         0x20000012        0x2 ff
 .data          0x20000014        0x4 ./freertos/portable/port.o
 .data          0x20000018        0x8 ./drivers/fsl_clock.o
 .data          0x20000020        0x4 ./CMSIS/system_MK64F12.o
                0x20000020                SystemCoreClock
                0x20000024                . = ALIGN (0x4)
                0x20000024                _edata = .

.igot.plt       0x20000024        0x0 load address 0x00020f40
 .igot.plt      0x20000024        0x0 ./utilities/fsl_debug_console.o

.bss_RAM2       0x1fff0000        0x0
                [!provide]                PROVIDE (__start_bss_RAM2, .)
 *(.bss.$RAM2*)
 *(.bss.$SRAM_LOWER*)
                0x1fff0000                . = ALIGN ((. != 0x0)?0x4:0x1)
                [!provide]                PROVIDE (__end_bss_RAM2, .)

.bss_RAM3       0x14000000        0x0
                [!provide]                PROVIDE (__start_bss_RAM3, .)
 *(.bss.$RAM3*)
 *(.bss.$FLEX_RAM*)
                0x14000000                . = ALIGN ((. != 0x0)?0x4:0x1)
                [!provide]                PROVIDE (__end_bss_RAM3, .)

.bss            0x20000030    0x12028
                0x20000030                _bss = .
 *(.bss*)
 .bss           0x20000030        0x8 ./utilities/fsl_io.o
 .bss           0x20000038        0x2 ./source/DAC_tasks.o
                0x20000038                data_cnt
 *fill*         0x2000003a        0x2 
 .bss           0x2000003c       0x34 ./source/lwip_udpecho_freertos.o
 .bss           0x20000070       0x2d ./lwip/src/core/ipv4/dhcp.o
                0x20000070                dhcp_rx_options_val
                0x20000090                dhcp_rx_options_given
 *fill*         0x2000009d        0x3 
 .bss           0x200000a0       0xf1 ./lwip/src/core/ipv4/etharp.o
 *fill*         0x20000191        0x1 
 .bss           0x20000192        0x2 ./lwip/src/core/ipv4/ip4.o
 .bss           0x20000194       0x10 ./lwip/src/core/ipv4/ip4_addr.o
 .bss           0x200001a4        0x6 ./lwip/src/core/ipv4/ip4_frag.o
 *fill*         0x200001aa        0x2 
 .bss           0x200001ac       0x18 ./lwip/src/core/ip.o
                0x200001ac                ip_data
 .bss           0x200001c4     0x5824 ./lwip/src/core/mem.o
                0x200001c4                ram_heap
 .bss           0x200059e8     0x44ac ./lwip/src/core/memp.o
                0x200059e8                memp_memory_UDP_PCB_base
                0x20005ab0                memp_memory_TCP_PCB_base
                0x20006080                memp_memory_TCP_PCB_LISTEN_base
                0x20006148                memp_memory_TCP_SEG_base
                0x20006308                memp_memory_REASSDATA_base
                0x200063b0                memp_memory_FRAG_PBUF_base
                0x20006520                memp_memory_NETBUF_base
                0x20006548                memp_memory_NETCONN_base
                0x20006600                memp_memory_TCPIP_MSG_API_base
                0x20006688                memp_memory_TCPIP_MSG_INPKT_base
                0x20006710                memp_memory_SYS_TIMEOUT_base
                0x200067b8                memp_memory_PBUF_base
                0x200068b0                memp_memory_PBUF_POOL_base
 .bss           0x20009e94        0x9 ./lwip/src/core/netif.o
                0x20009e94                netif_list
                0x20009e98                netif_default
 *fill*         0x20009e9d        0x3 
 .bss           0x20009ea0       0x17 ./lwip/src/core/tcp.o
                0x20009ea0                tcp_ticks
                0x20009ea4                tcp_bound_pcbs
                0x20009ea8                tcp_listen_pcbs
                0x20009eac                tcp_active_pcbs
                0x20009eb0                tcp_tw_pcbs
                0x20009eb4                tcp_active_pcbs_changed
 *fill*         0x20009eb7        0x1 
 .bss           0x20009eb8       0x3c ./lwip/src/core/tcp_in.o
                0x20009ef0                tcp_input_pcb
 .bss           0x20009ef4        0xc ./lwip/src/core/timeouts.o
 .bss           0x20009f00        0x4 ./lwip/src/core/udp.o
                0x20009f00                udp_pcbs
 .bss           0x20009f04        0x1 ./lwip/src/api/api_msg.o
                0x20009f04                netconn_aborted
 *fill*         0x20009f05        0x3 
 .bss           0x20009f08       0x10 ./lwip/src/api/tcpip.o
                0x20009f14                lock_tcpip_core
 *fill*         0x20009f18        0x8 
 .bss           0x20009f20     0x3600 ./lwip/port/ethernetif.o
 .bss           0x2000d520        0x8 ./lwip/port/sys_arch.o
                0x2000d520                errno
 .bss           0x2000d528     0x2001 ./lwip/contrib/apps/udpecho.o
                0x2000d528                bufferA
                0x2000e528                bufferB
                0x2000f528                bufferA_flag
 *fill*         0x2000f529        0x3 
 .bss           0x2000f52c       0x40 ./freertos/source/queue.o
                0x2000f52c                xQueueRegistry
 .bss           0x2000f56c      0x104 ./freertos/source/tasks.o
                0x2000f56c                pxCurrentTCB
 .bss           0x2000f670       0x3c ./freertos/source/timers.o
 .bss           0x2000f6ac     0x2818 ./freertos/portable/heap_4.o
 .bss           0x20011ec4        0x8 ./freertos/portable/port.o
 .bss           0x20011ecc        0x8 ./drivers/fsl_clock.o
                0x20011ecc                g_xtal0Freq
                0x20011ed0                g_xtal32Freq
 .bss           0x20011ed4       0x14 ./drivers/fsl_enet.o
 .bss           0x20011ee8       0x94 ./drivers/fsl_flash.o
 .bss           0x20011f7c        0x4 ./drivers/fsl_smc.o
 .bss           0x20011f80       0x1c ./drivers/fsl_uart.o
 .bss.__Ciob    0x20011f9c       0xb4 c:/nxp/mcuxpressoide_10.1.1_606/ide/tools/bin/../lib/gcc/arm-none-eabi/6.3.1/../../../../arm-none-eabi/lib/thumb/v7e-m/fpv4-sp/hard\libcr_semihost_nf.a(__ciob.o)
                0x20011f9c                __Ciob
 .bss.__end_of_heap
                0x20012050        0x4 c:/nxp/mcuxpressoide_10.1.1_606/ide/tools/bin/../lib/gcc/arm-none-eabi/6.3.1/../../../../arm-none-eabi/lib/thumb/v7e-m/fpv4-sp/hard\libcr_c.a(__init_alloc.o)
                0x20012050                __end_of_heap
 .bss.__heaps   0x20012054        0x4 c:/nxp/mcuxpressoide_10.1.1_606/ide/tools/bin/../lib/gcc/arm-none-eabi/6.3.1/../../../../arm-none-eabi/lib/thumb/v7e-m/fpv4-sp/hard\libcr_c.a(__init_alloc.o)
                0x20012054                __heaps
 *(COMMON)
                0x20012058                . = ALIGN (0x4)
                0x20012058                _ebss = .
                [!provide]                PROVIDE (end, .)

.noinit_RAM2    0x1fff0000        0x0
 *(.noinit.$RAM2*)
 *(.noinit.$SRAM_LOWER*)
                0x1fff0000                . = ALIGN (0x4)

.noinit_RAM3    0x14000000        0x0
 *(.noinit.$RAM3*)
 *(.noinit.$FLEX_RAM*)
                0x14000000                . = ALIGN (0x4)

.noinit         0x20012058        0x0
                0x20012058                _noinit = .
 *(.noinit*)
                0x20012058                . = ALIGN (0x4)
                0x20012058                _end_noinit = .
                0x00001000                _HeapSize = 0x1000

.heap           0x20012058     0x1000
                0x20012058                _pvHeapStart = .
                0x20013058                . = (. + _HeapSize)
 *fill*         0x20012058     0x1000 
                0x20013058                . = ALIGN (0x4)
                0x20013058                _pvHeapLimit = .
                0x00001000                _StackSize = 0x1000

.heap2stackfill
                0x20013058     0x1000
                0x20014058                . = (. + _StackSize)
 *fill*         0x20013058     0x1000 

.stack          0x2002f000        0x0
                0x2002f000                _vStackBase = .
                0x2002f000                . = ALIGN (0x4)
                0x20030000                _vStackTop = (. + _StackSize)
                0x00000000                _image_start = LOADADDR (.text)
                0x00020f40                _image_end = (LOADADDR (.data) + SIZEOF (.data))
                0x00020f40                _image_size = (_image_end - _image_start)
OUTPUT(Practica2.axf elf32-littlearm)

.debug_info     0x00000000    0x2f900
 .debug_info    0x00000000      0x2c3 ./utilities/fsl_debug_console.o
 .debug_info    0x000002c3      0x81e ./utilities/fsl_io.o
 .debug_info    0x00000ae1      0x34e ./utilities/fsl_log.o
 .debug_info    0x00000e2f      0x8b7 ./startup/startup_mk64f12.o
 .debug_info    0x000016e6      0xd81 ./source/DAC_tasks.o
 .debug_info    0x00002467      0xbb1 ./source/lwip_udpecho_freertos.o
 .debug_info    0x00003018       0x3b ./source/semihost_hardfault.o
 .debug_info    0x00003053      0xb10 ./lwip/src/netif/ethernet.o
 .debug_info    0x00003b63     0x18be ./lwip/src/core/ipv4/dhcp.o
 .debug_info    0x00005421     0x1280 ./lwip/src/core/ipv4/etharp.o
 .debug_info    0x000066a1      0x9b0 ./lwip/src/core/ipv4/icmp.o
 .debug_info    0x00007051     0x134a ./lwip/src/core/ipv4/ip4.o
 .debug_info    0x0000839b      0xa0b ./lwip/src/core/ipv4/ip4_addr.o
 .debug_info    0x00008da6      0xf95 ./lwip/src/core/ipv4/ip4_frag.o
 .debug_info    0x00009d3b      0x47f ./lwip/src/core/def.o
 .debug_info    0x0000a1ba      0x72e ./lwip/src/core/inet_chksum.o
 .debug_info    0x0000a8e8      0xe55 ./lwip/src/core/init.o
 .debug_info    0x0000b73d      0x88d ./lwip/src/core/ip.o
 .debug_info    0x0000bfca      0x895 ./lwip/src/core/mem.o
 .debug_info    0x0000c85f     0x15bc ./lwip/src/core/memp.o
 .debug_info    0x0000de1b     0x13b4 ./lwip/src/core/netif.o
 .debug_info    0x0000f1cf      0xf0d ./lwip/src/core/pbuf.o
 .debug_info    0x000100dc     0x1e09 ./lwip/src/core/tcp.o
 .debug_info    0x00011ee5     0x1391 ./lwip/src/core/tcp_in.o
 .debug_info    0x00013276     0x16fb ./lwip/src/core/tcp_out.o
 .debug_info    0x00014971     0x1328 ./lwip/src/core/timeouts.o
 .debug_info    0x00015c99     0x1029 ./lwip/src/core/udp.o
 .debug_info    0x00016cc2     0x193f ./lwip/src/api/api_lib.o
 .debug_info    0x00018601     0x1e44 ./lwip/src/api/api_msg.o
 .debug_info    0x0001a445      0x6fb ./lwip/src/api/netbuf.o
 .debug_info    0x0001ab40      0xea1 ./lwip/src/api/tcpip.o
 .debug_info    0x0001b9e1     0x18c1 ./lwip/port/ethernetif.o
 .debug_info    0x0001d2a2      0xc59 ./lwip/port/sys_arch.o
 .debug_info    0x0001defb      0x9aa ./lwip/contrib/apps/udpecho.o
 .debug_info    0x0001e8a5      0x2cb ./freertos/source/list.o
 .debug_info    0x0001eb70     0x141a ./freertos/source/queue.o
 .debug_info    0x0001ff8a     0x1e94 ./freertos/source/tasks.o
 .debug_info    0x00021e1e      0xd4a ./freertos/source/timers.o
 .debug_info    0x00022b68       0xed ./freertos/portable/fsl_tickless_systick.o
 .debug_info    0x00022c55      0x3f1 ./freertos/portable/heap_4.o
 .debug_info    0x00023046      0x50b ./freertos/portable/port.o
 .debug_info    0x00023551     0x1e89 ./drivers/fsl_clock.o
 .debug_info    0x000253da      0x9b4 ./drivers/fsl_dac.o
 .debug_info    0x00025d8e     0x23a2 ./drivers/fsl_enet.o
 .debug_info    0x00028130     0x1e79 ./drivers/fsl_flash.o
 .debug_info    0x00029fa9      0x6a1 ./drivers/fsl_pit.o
 .debug_info    0x0002a64a      0xa73 ./drivers/fsl_smc.o
 .debug_info    0x0002b0bd     0x19d5 ./drivers/fsl_uart.o
 .debug_info    0x0002ca92      0x713 ./board/board.o
 .debug_info    0x0002d1a5      0xa9b ./board/clock_config.o
 .debug_info    0x0002dc40      0xe93 ./board/fsl_phy.o
 .debug_info    0x0002ead3      0x807 ./board/pin_mux.o
 .debug_info    0x0002f2da      0x626 ./CMSIS/system_MK64F12.o

.debug_abbrev   0x00000000     0x6c18
 .debug_abbrev  0x00000000      0x105 ./utilities/fsl_debug_console.o
 .debug_abbrev  0x00000105      0x21e ./utilities/fsl_io.o
 .debug_abbrev  0x00000323      0x17e ./utilities/fsl_log.o
 .debug_abbrev  0x000004a1      0x15c ./startup/startup_mk64f12.o
 .debug_abbrev  0x000005fd      0x261 ./source/DAC_tasks.o
 .debug_abbrev  0x0000085e      0x1ad ./source/lwip_udpecho_freertos.o
 .debug_abbrev  0x00000a0b       0x2f ./source/semihost_hardfault.o
 .debug_abbrev  0x00000a3a      0x1e7 ./lwip/src/netif/ethernet.o
 .debug_abbrev  0x00000c21      0x286 ./lwip/src/core/ipv4/dhcp.o
 .debug_abbrev  0x00000ea7      0x22b ./lwip/src/core/ipv4/etharp.o
 .debug_abbrev  0x000010d2      0x1fb ./lwip/src/core/ipv4/icmp.o
 .debug_abbrev  0x000012cd      0x1e1 ./lwip/src/core/ipv4/ip4.o
 .debug_abbrev  0x000014ae      0x213 ./lwip/src/core/ipv4/ip4_addr.o
 .debug_abbrev  0x000016c1      0x256 ./lwip/src/core/ipv4/ip4_frag.o
 .debug_abbrev  0x00001917      0x160 ./lwip/src/core/def.o
 .debug_abbrev  0x00001a77      0x185 ./lwip/src/core/inet_chksum.o
 .debug_abbrev  0x00001bfc      0x175 ./lwip/src/core/init.o
 .debug_abbrev  0x00001d71      0x127 ./lwip/src/core/ip.o
 .debug_abbrev  0x00001e98      0x1cb ./lwip/src/core/mem.o
 .debug_abbrev  0x00002063      0x26d ./lwip/src/core/memp.o
 .debug_abbrev  0x000022d0      0x267 ./lwip/src/core/netif.o
 .debug_abbrev  0x00002537      0x20d ./lwip/src/core/pbuf.o
 .debug_abbrev  0x00002744      0x33e ./lwip/src/core/tcp.o
 .debug_abbrev  0x00002a82      0x260 ./lwip/src/core/tcp_in.o
 .debug_abbrev  0x00002ce2      0x298 ./lwip/src/core/tcp_out.o
 .debug_abbrev  0x00002f7a      0x2a2 ./lwip/src/core/timeouts.o
 .debug_abbrev  0x0000321c      0x281 ./lwip/src/core/udp.o
 .debug_abbrev  0x0000349d      0x26c ./lwip/src/api/api_lib.o
 .debug_abbrev  0x00003709      0x2ac ./lwip/src/api/api_msg.o
 .debug_abbrev  0x000039b5      0x168 ./lwip/src/api/netbuf.o
 .debug_abbrev  0x00003b1d      0x263 ./lwip/src/api/tcpip.o
 .debug_abbrev  0x00003d80      0x275 ./lwip/port/ethernetif.o
 .debug_abbrev  0x00003ff5      0x2b6 ./lwip/port/sys_arch.o
 .debug_abbrev  0x000042ab      0x245 ./lwip/contrib/apps/udpecho.o
 .debug_abbrev  0x000044f0      0x112 ./freertos/source/list.o
 .debug_abbrev  0x00004602      0x253 ./freertos/source/queue.o
 .debug_abbrev  0x00004855      0x2fc ./freertos/source/tasks.o
 .debug_abbrev  0x00004b51      0x219 ./freertos/source/timers.o
 .debug_abbrev  0x00004d6a       0x92 ./freertos/portable/fsl_tickless_systick.o
 .debug_abbrev  0x00004dfc      0x1e8 ./freertos/portable/heap_4.o
 .debug_abbrev  0x00004fe4      0x24c ./freertos/portable/port.o
 .debug_abbrev  0x00005230      0x305 ./drivers/fsl_clock.o
 .debug_abbrev  0x00005535      0x207 ./drivers/fsl_dac.o
 .debug_abbrev  0x0000573c      0x282 ./drivers/fsl_enet.o
 .debug_abbrev  0x000059be      0x265 ./drivers/fsl_flash.o
 .debug_abbrev  0x00005c23      0x1d5 ./drivers/fsl_pit.o
 .debug_abbrev  0x00005df8      0x2bd ./drivers/fsl_smc.o
 .debug_abbrev  0x000060b5      0x2ff ./drivers/fsl_uart.o
 .debug_abbrev  0x000063b4      0x15a ./board/board.o
 .debug_abbrev  0x0000650e      0x1f0 ./board/clock_config.o
 .debug_abbrev  0x000066fe      0x1e7 ./board/fsl_phy.o
 .debug_abbrev  0x000068e5      0x1f7 ./board/pin_mux.o
 .debug_abbrev  0x00006adc      0x13c ./CMSIS/system_MK64F12.o

.debug_aranges  0x00000000      0x700
 .debug_aranges
                0x00000000       0x20 ./utilities/fsl_debug_console.o
 .debug_aranges
                0x00000020       0x20 ./utilities/fsl_io.o
 .debug_aranges
                0x00000040       0x20 ./utilities/fsl_log.o
 .debug_aranges
                0x00000060       0x88 ./startup/startup_mk64f12.o
 .debug_aranges
                0x000000e8       0x20 ./source/DAC_tasks.o
 .debug_aranges
                0x00000108       0x20 ./source/lwip_udpecho_freertos.o
 .debug_aranges
                0x00000128       0x20 ./source/semihost_hardfault.o
 .debug_aranges
                0x00000148       0x20 ./lwip/src/netif/ethernet.o
 .debug_aranges
                0x00000168       0x20 ./lwip/src/core/ipv4/dhcp.o
 .debug_aranges
                0x00000188       0x20 ./lwip/src/core/ipv4/etharp.o
 .debug_aranges
                0x000001a8       0x20 ./lwip/src/core/ipv4/icmp.o
 .debug_aranges
                0x000001c8       0x20 ./lwip/src/core/ipv4/ip4.o
 .debug_aranges
                0x000001e8       0x20 ./lwip/src/core/ipv4/ip4_addr.o
 .debug_aranges
                0x00000208       0x20 ./lwip/src/core/ipv4/ip4_frag.o
 .debug_aranges
                0x00000228       0x20 ./lwip/src/core/def.o
 .debug_aranges
                0x00000248       0x20 ./lwip/src/core/inet_chksum.o
 .debug_aranges
                0x00000268       0x20 ./lwip/src/core/init.o
 .debug_aranges
                0x00000288       0x18 ./lwip/src/core/ip.o
 .debug_aranges
                0x000002a0       0x20 ./lwip/src/core/mem.o
 .debug_aranges
                0x000002c0       0x20 ./lwip/src/core/memp.o
 .debug_aranges
                0x000002e0       0x20 ./lwip/src/core/netif.o
 .debug_aranges
                0x00000300       0x20 ./lwip/src/core/pbuf.o
 .debug_aranges
                0x00000320       0x20 ./lwip/src/core/tcp.o
 .debug_aranges
                0x00000340       0x20 ./lwip/src/core/tcp_in.o
 .debug_aranges
                0x00000360       0x20 ./lwip/src/core/tcp_out.o
 .debug_aranges
                0x00000380       0x20 ./lwip/src/core/timeouts.o
 .debug_aranges
                0x000003a0       0x20 ./lwip/src/core/udp.o
 .debug_aranges
                0x000003c0       0x20 ./lwip/src/api/api_lib.o
 .debug_aranges
                0x000003e0       0x20 ./lwip/src/api/api_msg.o
 .debug_aranges
                0x00000400       0x20 ./lwip/src/api/netbuf.o
 .debug_aranges
                0x00000420       0x20 ./lwip/src/api/tcpip.o
 .debug_aranges
                0x00000440       0x20 ./lwip/port/ethernetif.o
 .debug_aranges
                0x00000460       0x20 ./lwip/port/sys_arch.o
 .debug_aranges
                0x00000480       0x20 ./lwip/contrib/apps/udpecho.o
 .debug_aranges
                0x000004a0       0x20 ./freertos/source/list.o
 .debug_aranges
                0x000004c0       0x20 ./freertos/source/queue.o
 .debug_aranges
                0x000004e0       0x20 ./freertos/source/tasks.o
 .debug_aranges
                0x00000500       0x20 ./freertos/source/timers.o
 .debug_aranges
                0x00000520       0x20 ./freertos/portable/fsl_tickless_systick.o
 .debug_aranges
                0x00000540       0x20 ./freertos/portable/heap_4.o
 .debug_aranges
                0x00000560       0x20 ./freertos/portable/port.o
 .debug_aranges
                0x00000580       0x20 ./drivers/fsl_clock.o
 .debug_aranges
                0x000005a0       0x20 ./drivers/fsl_dac.o
 .debug_aranges
                0x000005c0       0x20 ./drivers/fsl_enet.o
 .debug_aranges
                0x000005e0       0x20 ./drivers/fsl_flash.o
 .debug_aranges
                0x00000600       0x20 ./drivers/fsl_pit.o
 .debug_aranges
                0x00000620       0x20 ./drivers/fsl_smc.o
 .debug_aranges
                0x00000640       0x20 ./drivers/fsl_uart.o
 .debug_aranges
                0x00000660       0x20 ./board/board.o
 .debug_aranges
                0x00000680       0x20 ./board/clock_config.o
 .debug_aranges
                0x000006a0       0x20 ./board/fsl_phy.o
 .debug_aranges
                0x000006c0       0x20 ./board/pin_mux.o
 .debug_aranges
                0x000006e0       0x20 ./CMSIS/system_MK64F12.o

.debug_macro    0x00000000    0x1cb4b
 .debug_macro   0x00000000      0x13a ./utilities/fsl_debug_console.o
 .debug_macro   0x0000013a      0x8ec ./utilities/fsl_debug_console.o
 .debug_macro   0x00000a26       0x10 ./utilities/fsl_debug_console.o
 .debug_macro   0x00000a36       0x16 ./utilities/fsl_debug_console.o
 .debug_macro   0x00000a4c       0x10 ./utilities/fsl_debug_console.o
 .debug_macro   0x00000a5c      0x12d ./utilities/fsl_debug_console.o
 .debug_macro   0x00000b89       0x28 ./utilities/fsl_debug_console.o
 .debug_macro   0x00000bb1       0x16 ./utilities/fsl_debug_console.o
 .debug_macro   0x00000bc7       0x22 ./utilities/fsl_debug_console.o
 .debug_macro   0x00000be9      0x5b2 ./utilities/fsl_debug_console.o
 .debug_macro   0x0000119b       0x10 ./utilities/fsl_debug_console.o
 .debug_macro   0x000011ab       0x5b ./utilities/fsl_debug_console.o
 .debug_macro   0x00001206       0x1c ./utilities/fsl_debug_console.o